Component: ARM Compiler 5.05 update 1 (build 106) Tool: armlink [4d0efa]

==============================================================================

Section Cross References

    main.o(i.HAL_UART_MspInit) refers to memseta.o(.text) for __aeabi_memclr4
    main.o(i.HAL_UART_MspInit) refers to cs32l010_hal_gpio.o(i.HAL_GPIO_Init) for HAL_GPIO_Init
    main.o(i.HAL_UART_RxCpltCallback) refers to cs32l010_hal_uart.o(i.HAL_UART_Receive_IT) for HAL_UART_Receive_IT
    main.o(i.HAL_UART_RxCpltCallback) refers to main.o(.data) for receData
    main.o(i.HAL_UART_RxCpltCallback) refers to main.o(.bss) for ucReceiveData
    main.o(i.HAL_UART_RxCpltCallback) refers to dfrobot_rtu_timer.o(.data) for DFRobot_RTU_Timer_Cnt
    main.o(i.SystemClock_Config) refers to memseta.o(.text) for __aeabi_memclr4
    main.o(i.SystemClock_Config) refers to cs32l010_hal_rcc.o(i.HAL_RCC_OscConfig) for HAL_RCC_OscConfig
    main.o(i.SystemClock_Config) refers to main.o(i.Error_Handler) for Error_Handler
    main.o(i.SystemClock_Config) refers to cs32l010_hal_rcc.o(i.HAL_RCC_ClockConfig) for HAL_RCC_ClockConfig
    main.o(i.main) refers to cs32l010_hal.o(i.HAL_Init) for HAL_Init
    main.o(i.main) refers to main.o(i.SystemClock_Config) for SystemClock_Config
    main.o(i.main) refers to log.o(i.UartInit) for UartInit
    main.o(i.main) refers to dfrobot_tcs3430.o(i.init_I2C) for init_I2C
    main.o(i.main) refers to cs32l010_hal_uart.o(i.HAL_UART_Init) for HAL_UART_Init
    main.o(i.main) refers to cs32l010_hal_uart.o(i.HAL_UART_Receive_IT) for HAL_UART_Receive_IT
    main.o(i.main) refers to cs32l010_hal_cortex.o(i.HAL_NVIC_EnableIRQ) for HAL_NVIC_EnableIRQ
    main.o(i.main) refers to dfrobot_rtu_timer.o(i.DFRobotTimerInit) for DFRobotTimerInit
    main.o(i.main) refers to dfrobot_rtu_user.o(i.DFRobot_Init_Reg_Attribute) for DFRobot_Init_Reg_Attribute
    main.o(i.main) refers to dfrobot_tcs3430.o(i.init_Tcs3430) for init_Tcs3430
    main.o(i.main) refers to dfltui.o(.text) for __aeabi_ui2d
    main.o(i.main) refers to ddiv.o(.text) for __aeabi_ddiv
    main.o(i.main) refers to d2f.o(.text) for __aeabi_d2f
    main.o(i.main) refers to f2d.o(.text) for __aeabi_f2d
    main.o(i.main) refers to printfa.o(i.__0printf) for __2printf
    main.o(i.main) refers to cs32l010_hal_gpio.o(i.HAL_GPIO_Init) for HAL_GPIO_Init
    main.o(i.main) refers to cs32l010_hal_gpio.o(i.HAL_GPIO_ReadPin) for HAL_GPIO_ReadPin
    main.o(i.main) refers to dfrobot_rtu_parse.o(i.DFRobot_RTU_Parse) for DFRobot_RTU_Parse
    main.o(i.main) refers to dfrobot_reg_operation.o(i.DFRobot_Read_Reg) for DFRobot_Read_Reg
    main.o(i.main) refers to dfrobot_tcs3430.o(i.get_Data) for get_Data
    main.o(i.main) refers to cs32l010_hal.o(i.HAL_Delay) for HAL_Delay
    main.o(i.main) refers to main.o(.bss) for sUartxHandle
    main.o(i.main) refers to main.o(.data) for receData
    main.o(i.main) refers to dfrobot_rtu_user.o(.bss) for sHoldingReg
    main.o(i.main) refers to dfrobot_rtu_timer.o(.data) for DFRobot_RTU_Timer_Cnt
    main.o(i.timer2_init) refers to cs32l010_hal_rcc.o(i.HAL_RCC_GetPCLKFreq) for HAL_RCC_GetPCLKFreq
    main.o(i.timer2_init) refers to uidiv.o(.text) for __aeabi_uidivmod
    main.o(i.timer2_init) refers to cs32l010_hal_tim.o(i.HAL_TIM_Base_Init) for HAL_TIM_Base_Init
    main.o(i.timer2_init) refers to main.o(i.Error_Handler) for Error_Handler
    main.o(i.timer2_init) refers to cs32l010_hal_cortex.o(i.HAL_NVIC_EnableIRQ) for HAL_NVIC_EnableIRQ
    main.o(i.timer2_init) refers to cs32l010_hal_tim.o(i.HAL_TIM_Base_Start_IT) for HAL_TIM_Base_Start_IT
    main.o(i.timer2_init) refers to main.o(.bss) for sTim2Handle
    dfrobot_reg_operation.o(i.Calculate_CRC_AND_Response) refers to dfrobot_rtu_parse.o(i.Calculate_CRC) for Calculate_CRC
    dfrobot_reg_operation.o(i.Calculate_CRC_AND_Response) refers to dfrobot_rtu_user.o(i.DFRobot_RTU_Response) for DFRobot_RTU_Response
    dfrobot_reg_operation.o(i.DFRobot_Read_Reg) refers to malloc.o(i.malloc) for malloc
    dfrobot_reg_operation.o(i.DFRobot_Read_Reg) refers to dfrobot_rtu_user.o(i.DFRobot_RTU_Read_HoldingReg_CB) for DFRobot_RTU_Read_HoldingReg_CB
    dfrobot_reg_operation.o(i.DFRobot_Read_Reg) refers to memcpya.o(.text) for __aeabi_memcpy
    dfrobot_reg_operation.o(i.DFRobot_Read_Reg) refers to dfrobot_rtu_user.o(i.DFRobot_RTU_Read_InputReg_CB) for DFRobot_RTU_Read_InputReg_CB
    dfrobot_reg_operation.o(i.DFRobot_Read_Reg) refers to dfrobot_reg_operation.o(i.Calculate_CRC_AND_Response) for Calculate_CRC_AND_Response
    dfrobot_reg_operation.o(i.DFRobot_Read_Reg) refers to malloc.o(i.free) for free
    dfrobot_reg_operation.o(i.DFRobot_Read_Reg) refers to dfrobot_rtu_user.o(.bss) for sHoldingReg
    dfrobot_reg_operation.o(i.DFRobot_Response_OK) refers to dfrobot_reg_operation.o(i.Calculate_CRC_AND_Response) for Calculate_CRC_AND_Response
    dfrobot_reg_operation.o(i.DFRobot_Write_Mult_Reg) refers to dfrobot_reg_operation.o(i.FindHoldingP) for FindHoldingP
[...]
    Removing cs32l010_hal_vc.o(i.HAL_VC_OutPut_Config_Enable), (20 bytes).
    Removing cs32l010_hal_wwdg.o(.rev16_text), (4 bytes).
    Removing cs32l010_hal_wwdg.o(.revsh_text), (4 bytes).
    Removing cs32l010_hal_wwdg.o(i.HAL_WWDG_Get_Counter), (14 bytes).
    Removing cs32l010_hal_wwdg.o(i.HAL_WWDG_INT_Callback), (2 bytes).
    Removing cs32l010_hal_wwdg.o(i.HAL_WWDG_INT_Handler), (44 bytes).
    Removing cs32l010_hal_wwdg.o(i.HAL_WWDG_Init), (44 bytes).
    Removing cs32l010_hal_wwdg.o(i.HAL_WWDG_Refresh), (12 bytes).
    Removing system_cs32l010.o(.rev16_text), (4 bytes).
    Removing system_cs32l010.o(.revsh_text), (4 bytes).
    Removing system_cs32l010.o(i.SystemCoreClockUpdate), (260 bytes).
    Removing cs32l010_hal_adc.o(i.__ARM_common_switch8), (28 bytes).

468 unused section(s) (total 28005 bytes) removed from the image.

==============================================================================

Image Symbol Table

    Local Symbols

    Symbol Name                              Value     Ov Type        Size  Object(Section)

    RESET                                    0x00000000   Section      192  startup_cs32l010.o(RESET)
    ../clib/microlib/division.c              0x00000000   Number         0  uidiv.o ABSOLUTE
    ../clib/microlib/division.c              0x00000000   Number         0  uldiv.o ABSOLUTE
    ../clib/microlib/division.c              0x00000000   Number         0  idiv.o ABSOLUTE
    ../clib/microlib/init/entry.s            0x00000000   Number         0  entry11b.o ABSOLUTE
    ../clib/microlib/init/entry.s            0x00000000   Number         0  entry11a.o ABSOLUTE
    ../clib/microlib/init/entry.s            0x00000000   Number         0  entry10b.o ABSOLUTE
    ../clib/microlib/init/entry.s            0x00000000   Number         0  entry10a.o ABSOLUTE
    ../clib/microlib/init/entry.s            0x00000000   Number         0  entry9b.o ABSOLUTE
    ../clib/microlib/init/entry.s            0x00000000   Number         0  entry9a.o ABSOLUTE
    ../clib/microlib/init/entry.s            0x00000000   Number         0  entry8b.o ABSOLUTE
    ../clib/microlib/init/entry.s            0x00000000   Number         0  entry8a.o ABSOLUTE
    ../clib/microlib/init/entry.s            0x00000000   Number         0  entry7b.o ABSOLUTE
    ../clib/microlib/init/entry.s            0x00000000   Number         0  entry7a.o ABSOLUTE
    ../clib/microlib/init/entry.s            0x00000000   Number         0  entry2.o ABSOLUTE
    ../clib/microlib/init/entry.s            0x00000000   Number         0  entry5.o ABSOLUTE
    ../clib/microlib/init/entry.s            0x00000000   Number         0  entry.o ABSOLUTE
    ../clib/microlib/longlong.c              0x00000000   Number         0  llshl.o ABSOLUTE
    ../clib/microlib/longlong.c              0x00000000   Number         0  llsshr.o ABSOLUTE
    ../clib/microlib/longlong.c              0x00000000   Number         0  llushr.o ABSOLUTE
    ../clib/microlib/malloc/malloc.c         0x00000000   Number         0  mallocra.o ABSOLUTE
    ../clib/microlib/malloc/malloc.c         0x00000000   Number         0  mallocr.o ABSOLUTE
    ../clib/microlib/malloc/malloc.c         0x00000000   Number         0  malloc.o ABSOLUTE
    ../clib/microlib/malloc/malloc.c         0x00000000   Number         0  malloca.o ABSOLUTE
    ../clib/microlib/malloc/mvars.c          0x00000000   Number         0  mvars.o ABSOLUTE
    ../clib/microlib/printf/printf.c         0x00000000   Number         0  printf5.o ABSOLUTE
    ../clib/microlib/printf/printf.c         0x00000000   Number         0  printf6.o ABSOLUTE
    ../clib/microlib/printf/printf.c         0x00000000   Number         0  printfb.o ABSOLUTE
    ../clib/microlib/printf/printf.c         0x00000000   Number         0  printf1.o ABSOLUTE
    ../clib/microlib/printf/printf.c         0x00000000   Number         0  printf2.o ABSOLUTE
    ../clib/microlib/printf/printf.c         0x00000000   Number         0  printf0.o ABSOLUTE
    ../clib/microlib/printf/printf.c         0x00000000   Number         0  printfa.o ABSOLUTE
    ../clib/microlib/printf/printf.c         0x00000000   Number         0  printf3.o ABSOLUTE
    ../clib/microlib/printf/printf.c         0x00000000   Number         0  printf8.o ABSOLUTE
    ../clib/microlib/printf/printf.c         0x00000000   Number         0  printf4.o ABSOLUTE
    ../clib/microlib/printf/printf.c         0x00000000   Number         0  printf7.o ABSOLUTE
    ../clib/microlib/printf/stubs.s          0x00000000   Number         0  stubs.o ABSOLUTE
    ../clib/microlib/stdio/streams.c         0x00000000   Number         0  stdout.o ABSOLUTE
    ../clib/microlib/string/memcpy.c         0x00000000   Number         0  memcpyb.o ABSOLUTE
    ../clib/microlib/string/memcpy.c         0x00000000   Number         0  memcpya.o ABSOLUTE
    ../clib/microlib/string/memset.c         0x00000000   Number         0  memseta.o ABSOLUTE
    ../clib/microlib/stubs.s                 0x00000000   Number         0  iusefp.o ABSOLUTE
    ../fplib/microlib/d2f.c                  0x00000000   Number         0  d2f.o ABSOLUTE
    ../fplib/microlib/f2d.c                  0x00000000   Number         0  f2d.o ABSOLUTE
    ../fplib/microlib/fpadd.c                0x00000000   Number         0  fadd.o ABSOLUTE
    ../fplib/microlib/fpadd.c                0x00000000   Number         0  dadd.o ABSOLUTE
    ../fplib/microlib/fpdiv.c                0x00000000   Number         0  fdiv.o ABSOLUTE
    ../fplib/microlib/fpdiv.c                0x00000000   Number         0  ddiv.o ABSOLUTE
    ../fplib/microlib/fpepilogue.c           0x00000000   Number         0  depilogue.o ABSOLUTE
    ../fplib/microlib/fpepilogue.c           0x00000000   Number         0  fepilogue.o ABSOLUTE
    ../fplib/microlib/fpfix.c                0x00000000   Number         0  dfixul.o ABSOLUTE
    ../fplib/microlib/fpfix.c                0x00000000   Number         0  ffixui.o ABSOLUTE
    ../fplib/microlib/fpfix.c                0x00000000   Number         0  dfixui.o ABSOLUTE
    ../fplib/microlib/fpflt.c                0x00000000   Number         0  ffltui.o ABSOLUTE
    ../fplib/microlib/fpflt.c                0x00000000   Number         0  dflti.o ABSOLUTE
    ../fplib/microlib/fpflt.c                0x00000000   Number         0  dfltui.o ABSOLUTE
    ../fplib/microlib/fpmul.c                0x00000000   Number         0  fmul.o ABSOLUTE
    ../fplib/microlib/fpmul.c                0x00000000   Number         0  dmul.o ABSOLUTE
    Device\HAL_Driver\src\cs32l010_hal.c     0x00000000   Number         0  cs32l010_hal.o ABSOLUTE
    Device\HAL_Driver\src\cs32l010_hal_adc.c 0x00000000   Number         0  cs32l010_hal_adc.o ABSOLUTE
    Device\HAL_Driver\src\cs32l010_hal_awk.c 0x00000000   Number         0  cs32l010_hal_awk.o ABSOLUTE
    Device\HAL_Driver\src\cs32l010_hal_basetim.c 0x00000000   Number         0  cs32l010_hal_basetim.o ABSOLUTE
    Device\HAL_Driver\src\cs32l010_hal_beep.c 0x00000000   Number         0  cs32l010_hal_beep.o ABSOLUTE
    Device\HAL_Driver\src\cs32l010_hal_clktrim.c 0x00000000   Number         0  cs32l010_hal_clktrim.o ABSOLUTE
    Device\HAL_Driver\src\cs32l010_hal_cortex.c 0x00000000   Number         0  cs32l010_hal_cortex.o ABSOLUTE
    Device\HAL_Driver\src\cs32l010_hal_crc.c 0x00000000   Number         0  cs32l010_hal_crc.o ABSOLUTE
    Device\HAL_Driver\src\cs32l010_hal_flash.c 0x00000000   Number         0  cs32l010_hal_flash.o ABSOLUTE
    Device\HAL_Driver\src\cs32l010_hal_gpio.c 0x00000000   Number         0  cs32l010_hal_gpio.o ABSOLUTE
    Device\HAL_Driver\src\cs32l010_hal_i2c.c 0x00000000   Number         0  cs32l010_hal_i2c.o ABSOLUTE
    Device\HAL_Driver\src\cs32l010_hal_iwdg.c 0x00000000   Number         0  cs32l010_hal_iwdg.o ABSOLUTE
    Device\HAL_Driver\src\cs32l010_hal_lptim.c 0x00000000   Number         0  cs32l010_hal_lptim.o ABSOLUTE
    Device\HAL_Driver\src\cs32l010_hal_lpuart.c 0x00000000   Number         0  cs32l010_hal_lpuart.o ABSOLUTE
    Device\HAL_Driver\src\cs32l010_hal_lvd.c 0x00000000   Number         0  cs32l010_hal_lvd.o ABSOLUTE
    Device\HAL_Driver\src\cs32l010_hal_owire.c 0x00000000   Number         0  cs32l010_hal_owire.o ABSOLUTE
    Device\HAL_Driver\src\cs32l010_hal_pca.c 0x00000000   Number         0  cs32l010_hal_pca.o ABSOLUTE
    Device\HAL_Driver\src\cs32l010_hal_pwr.c 0x00000000   Number         0  cs32l010_hal_pwr.o ABSOLUTE
    Device\HAL_Driver\src\cs32l010_hal_rcc.c 0x00000000   Number         0  cs32l010_hal_rcc.o ABSOLUTE
    Device\HAL_Driver\src\cs32l010_hal_rtc.c 0x00000000   Number         0  cs32l010_hal_rtc.o ABSOLUTE
    Device\HAL_Driver\src\cs32l010_hal_spi.c 0x00000000   Number         0  cs32l010_hal_spi.o ABSOLUTE
    Device\HAL_Driver\src\cs32l010_hal_tim.c 0x00000000   Number         0  cs32l010_hal_tim.o ABSOLUTE
    Device\HAL_Driver\src\cs32l010_hal_uart.c 0x00000000   Number         0  cs32l010_hal_uart.o ABSOLUTE
    Device\HAL_Driver\src\cs32l010_hal_vc.c  0x00000000   Number         0  cs32l010_hal_vc.o ABSOLUTE
    Device\HAL_Driver\src\cs32l010_hal_wwdg.c 0x00000000   Number         0  cs32l010_hal_wwdg.o ABSOLUTE
    Device\\HAL_Driver\\src\\cs32l010_hal.c  0x00000000   Number         0  cs32l010_hal.o ABSOLUTE
    Device\\HAL_Driver\\src\\cs32l010_hal_adc.c 0x00000000   Number         0  cs32l010_hal_adc.o ABSOLUTE
    Device\\HAL_Driver\\src\\cs32l010_hal_awk.c 0x00000000   Number         0  cs32l010_hal_awk.o ABSOLUTE
    Device\\HAL_Driver\\src\\cs32l010_hal_basetim.c 0x00000000   Number         0  cs32l010_hal_basetim.o ABSOLUTE
    Device\\HAL_Driver\\src\\cs32l010_hal_beep.c 0x00000000   Number         0  cs32l010_hal_beep.o ABSOLUTE
    Device\\HAL_Driver\\src\\cs32l010_hal_clktrim.c 0x00000000   Number         0  cs32l010_hal_clktrim.o ABSOLUTE
    Device\\HAL_Driver\\src\\cs32l010_hal_cortex.c 0x00000000   Number         0  cs32l010_hal_cortex.o ABSOLUTE
    Device\\HAL_Driver\\src\\cs32l010_hal_crc.c 0x00000000   Number         0  cs32l010_hal_crc.o ABSOLUTE
    Device\\HAL_Driver\\src\\cs32l010_hal_flash.c 0x00000000   Number         0  cs32l010_hal_flash.o ABSOLUTE
    Device\\HAL_Driver\\src\\cs32l010_hal_gpio.c 0x00000000   Number         0  cs32l010_hal_gpio.o ABSOLUTE
    Device\\HAL_Driver\\src\\cs32l010_hal_i2c.c 0x00000000   Number         0  cs32l010_hal_i2c.o ABSOLUTE
    Device\\HAL_Driver\\src\\cs32l010_hal_iwdg.c 0x00000000   Number         0  cs32l010_hal_iwdg.o ABSOLUTE
    Device\\HAL_Driver\\src\\cs32l010_hal_lptim.c 0x00000000   Number         0  cs32l010_hal_lptim.o ABSOLUTE
    Device\\HAL_Driver\\src\\cs32l010_hal_lpuart.c 0x00000000   Number         0  cs32l010_hal_lpuart.o ABSOLUTE
    Device\\HAL_Driver\\src\\cs32l010_hal_lvd.c 0x00000000   Number         0  cs32l010_hal_lvd.o ABSOLUTE
    Device\\HAL_Driver\\src\\cs32l010_hal_owire.c 0x00000000   Number         0  cs32l010_hal_owire.o ABSOLUTE
    Device\\HAL_Driver\\src\\cs32l010_hal_pca.c 0x00000000   Number         0  cs32l010_hal_pca.o ABSOLUTE
    Device\\HAL_Driver\\src\\cs32l010_hal_pwr.c 0x00000000   Number         0  cs32l010_hal_pwr.o ABSOLUTE
    Device\\HAL_Driver\\src\\cs32l010_hal_rcc.c 0x00000000   Number         0  cs32l010_hal_rcc.o ABSOLUTE
    Device\\HAL_Driver\\src\\cs32l010_hal_rtc.c 0x00000000   Number         0  cs32l010_hal_rtc.o ABSOLUTE
    Device\\HAL_Driver\\src\\cs32l010_hal_spi.c 0x00000000   Number         0  cs32l010_hal_spi.o ABSOLUTE
    Device\\HAL_Driver\\src\\cs32l010_hal_tim.c 0x00000000   Number         0  cs32l010_hal_tim.o ABSOLUTE
    Device\\HAL_Driver\\src\\cs32l010_hal_uart.c 0x00000000   Number         0  cs32l010_hal_uart.o ABSOLUTE
    Device\\HAL_Driver\\src\\cs32l010_hal_vc.c 0x00000000   Number         0  cs32l010_hal_vc.o ABSOLUTE
    Device\\HAL_Driver\\src\\cs32l010_hal_wwdg.c 0x00000000   Number         0  cs32l010_hal_wwdg.o ABSOLUTE
    Main\\main.c                             0x00000000   Number         0  main.o ABSOLUTE
    Main\main.c                              0x00000000   Number         0  main.o ABSOLUTE
    RTE\Device\CS32L010\startup_cs32l010.s   0x00000000   Number         0  startup_cs32l010.o ABSOLUTE
    RTE\Device\CS32L010\system_cs32l010.c    0x00000000   Number         0  system_cs32l010.o ABSOLUTE
    RTE\\Device\\CS32L010\\system_cs32l010.c 0x00000000   Number         0  system_cs32l010.o ABSOLUTE
    User\DFRobot_REG_Operation.c             0x00000000   Number         0  dfrobot_reg_operation.o ABSOLUTE
    User\DFRobot_RTU_Parse.c                 0x00000000   Number         0  dfrobot_rtu_parse.o ABSOLUTE
    User\DFRobot_RTU_Timer.c                 0x00000000   Number         0  dfrobot_rtu_timer.o ABSOLUTE
    User\DFRobot_RTU_User.c                  0x00000000   Number         0  dfrobot_rtu_user.o ABSOLUTE
    User\DFRobot_TCS3430.c                   0x00000000   Number         0  dfrobot_tcs3430.o ABSOLUTE
    User\\DFRobot_REG_Operation.c            0x00000000   Number         0  dfrobot_reg_operation.o ABSOLUTE
    User\\DFRobot_RTU_Parse.c                0x00000000   Number         0  dfrobot_rtu_parse.o ABSOLUTE
    User\\DFRobot_RTU_User.c                 0x00000000   Number         0  dfrobot_rtu_user.o ABSOLUTE
    User\\DFRobot_TCS3430.c                  0x00000000   Number         0  dfrobot_tcs3430.o ABSOLUTE
    User\\cs32l010_hal_msp.c                 0x00000000   Number         0  cs32l010_hal_msp.o ABSOLUTE
    User\\cs32l010_it.c                      0x00000000   Number         0  cs32l010_it.o ABSOLUTE
    User\\log.c                              0x00000000   Number         0  log.o ABSOLUTE
    User\cs32l010_hal_msp.c                  0x00000000   Number         0  cs32l010_hal_msp.o ABSOLUTE
    User\cs32l010_it.c                       0x00000000   Number         0  cs32l010_it.o ABSOLUTE
    User\log.c                               0x00000000   Number         0  log.o ABSOLUTE
    cdcmple.s                                0x00000000   Number         0  cdcmple.o ABSOLUTE
    cdrcmple.s                               0x00000000   Number         0  cdrcmple.o ABSOLUTE
    dc.s                                     0x00000000   Number         0  dc.o ABSOLUTE
    handlers.s                               0x00000000   Number         0  handlers.o ABSOLUTE
    init.s                                   0x00000000   Number         0  init.o ABSOLUTE
    .ARM.Collect$$$$00000000                 0x000000c0   Section        0  entry.o(.ARM.Collect$$$$00000000)
    .ARM.Collect$$$$00000001                 0x000000c0   Section        4  entry2.o(.ARM.Collect$$$$00000001)
    .ARM.Collect$$$$00000004                 0x000000c4   Section        4  entry5.o(.ARM.Collect$$$$00000004)
    .ARM.Collect$$$$00000008                 0x000000c8   Section        0  entry7b.o(.ARM.Collect$$$$00000008)
    .ARM.Collect$$$$0000000A                 0x000000c8   Section        0  entry8b.o(.ARM.Collect$$$$0000000A)
    .ARM.Collect$$$$0000000B                 0x000000c8   Section        8  entry9a.o(.ARM.Collect$$$$0000000B)
    .ARM.Collect$$$$0000000D                 0x000000d0   Section        0  entry10a.o(.ARM.Collect$$$$0000000D)
    .ARM.Collect$$$$0000000F                 0x000000d0   Section        0  entry11a.o(.ARM.Collect$$$$0000000F)
    .ARM.Collect$$$$00002712                 0x000000d0   Section        4  entry2.o(.ARM.Collect$$$$00002712)
    __lit__00000000                          0x000000d0   Data           4  entry2.o(.ARM.Collect$$$$00002712)
    .text                                    0x000000d4   Section       28  startup_cs32l010.o(.text)
    .text                                    0x000000f0   Section        0  uidiv.o(.text)
    .text                                    0x0000011c   Section        0  idiv.o(.text)
    .text                                    0x00000144   Section        0  llushr.o(.text)
    .text                                    0x00000166   Section        0  memcpya.o(.text)
    .text                                    0x0000018a   Section        0  memseta.o(.text)
    .text                                    0x000001ae   Section        0  fadd.o(.text)
    .text                                    0x00000260   Section        0  fmul.o(.text)
    .text                                    0x000002da   Section        0  fdiv.o(.text)
    .text                                    0x00000358   Section        0  dadd.o(.text)
    .text                                    0x000004bc   Section        0  dmul.o(.text)
    .text                                    0x0000058c   Section        0  ddiv.o(.text)
    .text                                    0x0000067c   Section        0  ffltui.o(.text)
    .text                                    0x0000068c   Section        0  dflti.o(.text)
    .text                                    0x000006b4   Section        0  dfltui.o(.text)
    .text                                    0x000006d0   Section        0  ffixui.o(.text)
    .text                                    0x000006f8   Section        0  dfixui.o(.text)
    .text                                    0x00000734   Section        0  f2d.o(.text)
    .text                                    0x0000075c   Section       40  cdcmple.o(.text)
    .text                                    0x00000784   Section       40  cdrcmple.o(.text)
    .text                                    0x000007ac   Section        0  d2f.o(.text)
    .text                                    0x000007e4   Section        0  uldiv.o(.text)
    .text                                    0x00000844   Section        0  llshl.o(.text)
    .text                                    0x00000864   Section        0  llsshr.o(.text)
    .text                                    0x0000088a   Section        0  iusefp.o(.text)
    .text                                    0x0000088a   Section        0  fepilogue.o(.text)
    .text                                    0x0000090c   Section        0  depilogue.o(.text)
    .text                                    0x000009cc   Section        0  dfixul.o(.text)
    .text                                    0x00000a0c   Section       36  init.o(.text)
    i.ADC_IRQHandler                         0x00000a30   Section        0  cs32l010_it.o(i.ADC_IRQHandler)
    i.AWK_IRQHandler                         0x00000a32   Section        0  cs32l010_it.o(i.AWK_IRQHandler)
    i.CLKTRIM_IRQHandler                     0x00000a34   Section        0  cs32l010_it.o(i.CLKTRIM_IRQHandler)
    i.Calculate_CRC                          0x00000a38   Section        0  dfrobot_rtu_parse.o(i.Calculate_CRC)
    i.Calculate_CRC_AND_Response             0x00000a88   Section        0  dfrobot_reg_operation.o(i.Calculate_CRC_AND_Response)
    Calculate_CRC_AND_Response               0x00000a89   Thumb Code    40  dfrobot_reg_operation.o(i.Calculate_CRC_AND_Response)
    i.DFRobotTimerInit                       0x00000ab0   Section        0  dfrobot_rtu_timer.o(i.DFRobotTimerInit)
    i.DFRobot_Init_Reg_Attribute             0x00000ac4   Section        0  dfrobot_rtu_user.o(i.DFRobot_Init_Reg_Attribute)
    i.DFRobot_RTU_Parse                      0x00000d2c   Section        0  dfrobot_rtu_parse.o(i.DFRobot_RTU_Parse)
    i.DFRobot_RTU_Read_HoldingReg_CB         0x00000e8c   Section        0  dfrobot_rtu_user.o(i.DFRobot_RTU_Read_HoldingReg_CB)
    i.DFRobot_RTU_Read_InputReg_CB           0x00000e8e   Section        0  dfrobot_rtu_user.o(i.DFRobot_RTU_Read_InputReg_CB)
    i.DFRobot_RTU_Response                   0x00000e90   Section        0  dfrobot_rtu_user.o(i.DFRobot_RTU_Response)
    i.DFRobot_RTU_Timer_Handle               0x00000ec4   Section        0  dfrobot_rtu_timer.o(i.DFRobot_RTU_Timer_Handle)
    i.DFRobot_RTU_Write_HoldingReg_CB        0x00000ed4   Section        0  dfrobot_rtu_user.o(i.DFRobot_RTU_Write_HoldingReg_CB)
    i.DFRobot_Read_Reg                       0x00001028   Section        0  dfrobot_reg_operation.o(i.DFRobot_Read_Reg)
    i.DFRobot_Response_OK                    0x000010ec   Section        0  dfrobot_reg_operation.o(i.DFRobot_Response_OK)
    DFRobot_Response_OK                      0x000010ed   Thumb Code    36  dfrobot_reg_operation.o(i.DFRobot_Response_OK)
    i.DFRobot_Write_Mult_Reg                 0x00001110   Section        0  dfrobot_reg_operation.o(i.DFRobot_Write_Mult_Reg)
    i.DFRobot_Write_One_Reg                  0x000011c4   Section        0  dfrobot_reg_operation.o(i.DFRobot_Write_One_Reg)
    i.Error_Handler                          0x00001234   Section        0  main.o(i.Error_Handler)
    i.FLASH_IRQHandler                       0x00001238   Section        0  cs32l010_it.o(i.FLASH_IRQHandler)
    i.FLASH_MassErase                        0x0000123c   Section        0  cs32l010_hal_flash.o(i.FLASH_MassErase)
    FLASH_MassErase                          0x0000123d   Thumb Code    60  cs32l010_hal_flash.o(i.FLASH_MassErase)
    i.FLASH_PageErase                        0x0000128c   Section        0  cs32l010_hal_flash.o(i.FLASH_PageErase)
    FLASH_PageErase                          0x0000128d   Thumb Code    54  cs32l010_hal_flash.o(i.FLASH_PageErase)
    i.FLASH_Program_Byte                     0x000012d8   Section        0  cs32l010_hal_flash.o(i.FLASH_Program_Byte)
    FLASH_Program_Byte                       0x000012d9   Thumb Code    52  cs32l010_hal_flash.o(i.FLASH_Program_Byte)
    i.FLASH_WaitForLastOperation             0x0000131c   Section        0  cs32l010_hal_flash.o(i.FLASH_WaitForLastOperation)
    i.FindHoldingP                           0x00001354   Section        0  dfrobot_reg_operation.o(i.FindHoldingP)
    FindHoldingP                             0x00001355   Thumb Code    28  dfrobot_reg_operation.o(i.FindHoldingP)
    i.GPIOA_IRQHandler                       0x00001374   Section        0  cs32l010_it.o(i.GPIOA_IRQHandler)
    i.GPIOB_IRQHandler                       0x00001376   Section        0  cs32l010_it.o(i.GPIOB_IRQHandler)
    i.GPIOC_IRQHandler                       0x00001378   Section        0  cs32l010_it.o(i.GPIOC_IRQHandler)
    i.GPIOD_IRQHandler                       0x0000137a   Section        0  cs32l010_it.o(i.GPIOD_IRQHandler)
    i.HAL_Delay                              0x0000137c   Section        0  cs32l010_hal.o(i.HAL_Delay)
    i.HAL_FLASH_Erase                        0x000013a8   Section        0  cs32l010_hal_flash.o(i.HAL_FLASH_Erase)
    i.HAL_FLASH_OPERATION_Lock               0x000014b0   Section        0  cs32l010_hal_flash.o(i.HAL_FLASH_OPERATION_Lock)
    i.HAL_FLASH_OPERATION_Unlock             0x00001580   Section        0  cs32l010_hal_flash.o(i.HAL_FLASH_OPERATION_Unlock)
    i.HAL_FLASH_Program                      0x00001650   Section        0  cs32l010_hal_flash.o(i.HAL_FLASH_Program)
    i.HAL_GPIO_Init                          0x00001744   Section        0  cs32l010_hal_gpio.o(i.HAL_GPIO_Init)
    i.HAL_GPIO_ReadPin                       0x000019c0   Section        0  cs32l010_hal_gpio.o(i.HAL_GPIO_ReadPin)
    i.HAL_GetTick                            0x000019d4   Section        0  cs32l010_hal.o(i.HAL_GetTick)
    i.HAL_I2C_ACK_Config                     0x000019e0   Section        0  cs32l010_hal_i2c.o(i.HAL_I2C_ACK_Config)
    i.HAL_I2C_Check_Flag                     0x00001a00   Section        0  cs32l010_hal_i2c.o(i.HAL_I2C_Check_Flag)
    i.HAL_I2C_Clear_Interrupt_Flag           0x00001a1e   Section        0  cs32l010_hal_i2c.o(i.HAL_I2C_Clear_Interrupt_Flag)
    i.HAL_I2C_Get_Interrupt_Flag             0x00001a2c   Section        0  cs32l010_hal_i2c.o(i.HAL_I2C_Get_Interrupt_Flag)
    i.HAL_I2C_Init                           0x00001a3a   Section        0  cs32l010_hal_i2c.o(i.HAL_I2C_Init)
    i.HAL_I2C_Master_Receive                 0x00001b2c   Section        0  cs32l010_hal_i2c.o(i.HAL_I2C_Master_Receive)
    i.HAL_I2C_Master_Transmit                0x00001c3e   Section        0  cs32l010_hal_i2c.o(i.HAL_I2C_Master_Transmit)
    i.HAL_I2C_MspInit                        0x00001cf0   Section        0  cs32l010_hal_i2c.o(i.HAL_I2C_MspInit)
    i.HAL_I2C_Receive_Byte                   0x00001cf2   Section        0  cs32l010_hal_i2c.o(i.HAL_I2C_Receive_Byte)
    i.HAL_I2C_Send_Address                   0x00001cfa   Section        0  cs32l010_hal_i2c.o(i.HAL_I2C_Send_Address)
    i.HAL_I2C_Send_Byte                      0x00001d24   Section        0  cs32l010_hal_i2c.o(i.HAL_I2C_Send_Byte)
    i.HAL_I2C_Start_Config                   0x00001d36   Section        0  cs32l010_hal_i2c.o(i.HAL_I2C_Start_Config)
    i.HAL_I2C_Stop_Config                    0x00001d56   Section        0  cs32l010_hal_i2c.o(i.HAL_I2C_Stop_Config)
    i.HAL_I2C_Wait_Flag                      0x00001d82   Section        0  cs32l010_hal_i2c.o(i.HAL_I2C_Wait_Flag)
    i.HAL_IncTick                            0x00001dbc   Section        0  cs32l010_hal.o(i.HAL_IncTick)
    i.HAL_Init                               0x00001dd4   Section        0  cs32l010_hal.o(i.HAL_Init)
    i.HAL_InitTick                           0x00001de4   Section        0  cs32l010_hal.o(i.HAL_InitTick)
    i.HAL_MspInit                            0x00001e38   Section        0  cs32l010_hal_msp.o(i.HAL_MspInit)
    i.HAL_NVIC_EnableIRQ                     0x00001e3c   Section        0  cs32l010_hal_cortex.o(i.HAL_NVIC_EnableIRQ)
    i.HAL_NVIC_SetPriority                   0x00001e54   Section        0  cs32l010_hal_cortex.o(i.HAL_NVIC_SetPriority)
    i.HAL_RCC_ClockConfig                    0x00001e64   Section        0  cs32l010_hal_rcc.o(i.HAL_RCC_ClockConfig)
    i.HAL_RCC_GetHCLKFreq                    0x0000203c   Section        0  cs32l010_hal_rcc.o(i.HAL_RCC_GetHCLKFreq)
    i.HAL_RCC_GetPCLKFreq                    0x00002048   Section        0  cs32l010_hal_rcc.o(i.HAL_RCC_GetPCLKFreq)
    i.HAL_RCC_GetSysClockFreq                0x00002070   Section        0  cs32l010_hal_rcc.o(i.HAL_RCC_GetSysClockFreq)
    i.HAL_RCC_OscConfig                      0x00002124   Section        0  cs32l010_hal_rcc.o(i.HAL_RCC_OscConfig)
    i.HAL_SYSTICK_Config                     0x00002594   Section        0  cs32l010_hal_cortex.o(i.HAL_SYSTICK_Config)
    i.HAL_TIM_Base_Init                      0x000025cc   Section        0  cs32l010_hal_tim.o(i.HAL_TIM_Base_Init)
    i.HAL_TIM_Base_MspInit                   0x000025fa   Section        0  cs32l010_hal_tim.o(i.HAL_TIM_Base_MspInit)
    i.HAL_TIM_Base_Start_IT                  0x000025fc   Section        0  cs32l010_hal_tim.o(i.HAL_TIM_Base_Start_IT)
    i.HAL_TIM_BreakCallback                  0x0000261a   Section        0  cs32l010_hal_tim.o(i.HAL_TIM_BreakCallback)
    i.HAL_TIM_CommutationCallback            0x0000261c   Section        0  cs32l010_hal_tim.o(i.HAL_TIM_CommutationCallback)
    i.HAL_TIM_IC_CaptureCallback             0x0000261e   Section        0  cs32l010_hal_tim.o(i.HAL_TIM_IC_CaptureCallback)
    i.HAL_TIM_IRQHandler                     0x00002620   Section        0  cs32l010_hal_tim.o(i.HAL_TIM_IRQHandler)
    i.HAL_TIM_OC_DelayElapsedCallback        0x000027e8   Section        0  cs32l010_hal_tim.o(i.HAL_TIM_OC_DelayElapsedCallback)
    i.HAL_TIM_PWM_PulseFinishedCallback      0x000027ea   Section        0  cs32l010_hal_tim.o(i.HAL_TIM_PWM_PulseFinishedCallback)
    i.HAL_TIM_PeriodElapsedCallback          0x000027ec   Section        0  cs32l010_hal_tim.o(i.HAL_TIM_PeriodElapsedCallback)
    i.HAL_TIM_TriggerCallback                0x000027ee   Section        0  cs32l010_hal_tim.o(i.HAL_TIM_TriggerCallback)
    i.HAL_UART_ErrorCallback                 0x000027f0   Section        0  cs32l010_hal_uart.o(i.HAL_UART_ErrorCallback)
    i.HAL_UART_IRQHandler                    0x000027f2   Section        0  cs32l010_hal_uart.o(i.HAL_UART_IRQHandler)
    i.HAL_UART_Init                          0x00002892   Section        0  cs32l010_hal_uart.o(i.HAL_UART_Init)
    i.HAL_UART_MspInit                       0x000028d0   Section        0  main.o(i.HAL_UART_MspInit)
    i.HAL_UART_Receive_IT                    0x0000291c   Section        0  cs32l010_hal_uart.o(i.HAL_UART_Receive_IT)
    i.HAL_UART_RxCpltCallback                0x00002978   Section        0  main.o(i.HAL_UART_RxCpltCallback)
    i.HAL_UART_Transmit                      0x000029b8   Section        0  cs32l010_hal_uart.o(i.HAL_UART_Transmit)
    i.HAL_UART_Transmit_IT                   0x00002adc   Section        0  cs32l010_hal_uart.o(i.HAL_UART_Transmit_IT)
    i.HAL_UART_TxCpltCallback                0x00002ba4   Section        0  dfrobot_rtu_user.o(i.HAL_UART_TxCpltCallback)
    i.HardFault_Handler                      0x00002bc4   Section        0  cs32l010_it.o(i.HardFault_Handler)
    i.I2C_IRQHandler                         0x00002bc8   Section        0  cs32l010_it.o(i.I2C_IRQHandler)
    i.I2C_Read_Data                          0x00002bcc   Section        0  dfrobot_tcs3430.o(i.I2C_Read_Data)
    i.I2C_Write_Data                         0x00002bf8   Section        0  dfrobot_tcs3430.o(i.I2C_Write_Data)
    i.IWDG_IRQHandler                        0x00002c40   Section        0  cs32l010_it.o(i.IWDG_IRQHandler)
    i.LPTIM_IRQHandler                       0x00002c42   Section        0  cs32l010_it.o(i.LPTIM_IRQHandler)
    i.LPUART_IRQHandler                      0x00002c44   Section        0  cs32l010_it.o(i.LPUART_IRQHandler)
    i.LVD_IRQHandler                         0x00002c46   Section        0  cs32l010_it.o(i.LVD_IRQHandler)
    i.Log_UART_SetConfig                     0x00002c48   Section        0  log.o(i.Log_UART_SetConfig)
    Log_UART_SetConfig                       0x00002c49   Thumb Code    82  log.o(i.Log_UART_SetConfig)
    i.NMI_Handler                            0x00002c9a   Section        0  cs32l010_it.o(i.NMI_Handler)
    i.NVIC_SetPriority                       0x00002c9c   Section        0  cs32l010_hal_cortex.o(i.NVIC_SetPriority)
    NVIC_SetPriority                         0x00002c9d   Thumb Code   110  cs32l010_hal_cortex.o(i.NVIC_SetPriority)
    i.OWIRE_IRQHandler                       0x00002d14   Section        0  cs32l010_it.o(i.OWIRE_IRQHandler)
    i.PCA_IRQHandler                         0x00002d16   Section        0  cs32l010_it.o(i.PCA_IRQHandler)
    i.PendSV_Handler                         0x00002d18   Section        0  cs32l010_it.o(i.PendSV_Handler)
    i.RCC_Delay                              0x00002d1c   Section        0  cs32l010_hal_rcc.o(i.RCC_Delay)
    RCC_Delay                                0x00002d1d   Thumb Code    38  cs32l010_hal_rcc.o(i.RCC_Delay)
    i.RTC_IRQHandler                         0x00002d48   Section        0  cs32l010_it.o(i.RTC_IRQHandler)
    i.SPI_IRQHandler                         0x00002d4a   Section        0  cs32l010_it.o(i.SPI_IRQHandler)
    i.SVC_Handler                            0x00002d4c   Section        0  cs32l010_it.o(i.SVC_Handler)
    i.SerialInit                             0x00002d50   Section        0  log.o(i.SerialInit)
    SerialInit                               0x00002d51   Thumb Code   124  log.o(i.SerialInit)
    i.SerialSend                             0x00002dd8   Section        0  log.o(i.SerialSend)
    SerialSend                               0x00002dd9   Thumb Code    18  log.o(i.SerialSend)
    i.SysTick_Handler                        0x00002df0   Section        0  cs32l010_it.o(i.SysTick_Handler)
    i.SystemClock_Config                     0x00002df8   Section        0  main.o(i.SystemClock_Config)
    i.SystemInit                             0x00002e4c   Section        0  system_cs32l010.o(i.SystemInit)
    i.TIM10_IRQHandler                       0x00002e8c   Section        0  cs32l010_it.o(i.TIM10_IRQHandler)
    i.TIM11_IRQHandler                       0x00002e8e   Section        0  cs32l010_it.o(i.TIM11_IRQHandler)
    i.TIM1_IRQHandler                        0x00002e90   Section        0  cs32l010_it.o(i.TIM1_IRQHandler)
    i.TIM2_IRQHandler                        0x00002e94   Section        0  cs32l010_it.o(i.TIM2_IRQHandler)
    i.TIM_Base_SetConfig                     0x00002ea8   Section        0  cs32l010_hal_tim.o(i.TIM_Base_SetConfig)
    i.UART0_IRQHandler                       0x00002f10   Section        0  cs32l010_it.o(i.UART0_IRQHandler)
    i.UART1_IRQHandler                       0x00002f20   Section        0  cs32l010_it.o(i.UART1_IRQHandler)
    i.UART_Receive_IT                        0x00002f24   Section        0  cs32l010_hal_uart.o(i.UART_Receive_IT)
    i.UART_SetConfig                         0x00003020   Section        0  cs32l010_hal_uart.o(i.UART_SetConfig)
    UART_SetConfig                           0x00003021   Thumb Code    70  cs32l010_hal_uart.o(i.UART_SetConfig)
    i.UART_Transmit_IT                       0x00003068   Section        0  cs32l010_hal_uart.o(i.UART_Transmit_IT)
    i.UART_WaitOnFlagUntilTimeout            0x00003118   Section        0  cs32l010_hal_uart.o(i.UART_WaitOnFlagUntilTimeout)
    UART_WaitOnFlagUntilTimeout              0x00003119   Thumb Code    98  cs32l010_hal_uart.o(i.UART_WaitOnFlagUntilTimeout)
    i.UartInit                               0x0000317a   Section        0  log.o(i.UartInit)
    i.VC_IRQHandler                          0x00003186   Section        0  cs32l010_it.o(i.VC_IRQHandler)
    i.WWDG_IRQHandler                        0x00003188   Section        0  cs32l010_it.o(i.WWDG_IRQHandler)
    i.__0printf                              0x0000318c   Section        0  printfa.o(i.__0printf)
    i.__ARM_clz                              0x000031ac   Section        0  depilogue.o(i.__ARM_clz)
    i.__scatterload_copy                     0x000031da   Section       14  handlers.o(i.__scatterload_copy)
    i.__scatterload_null                     0x000031e8   Section        2  handlers.o(i.__scatterload_null)
    i.__scatterload_zeroinit                 0x000031ea   Section       14  handlers.o(i.__scatterload_zeroinit)
    i._fp_digits                             0x000031f8   Section        0  printfa.o(i._fp_digits)
    _fp_digits                               0x000031f9   Thumb Code   316  printfa.o(i._fp_digits)
    i._printf_core                           0x00003350   Section        0  printfa.o(i._printf_core)
    _printf_core                             0x00003351   Thumb Code  1754  printfa.o(i._printf_core)
    i._printf_post_padding                   0x00003a3c   Section        0  printfa.o(i._printf_post_padding)
    _printf_post_padding                     0x00003a3d   Thumb Code    32  printfa.o(i._printf_post_padding)
    i._printf_pre_padding                    0x00003a5c   Section        0  printfa.o(i._printf_pre_padding)
    _printf_pre_padding                      0x00003a5d   Thumb Code    44  printfa.o(i._printf_pre_padding)
    i.attachHoldingRegister                  0x00003a88   Section        0  dfrobot_reg_operation.o(i.attachHoldingRegister)
    i.attachInputRegister                    0x00003ad8   Section        0  dfrobot_reg_operation.o(i.attachInputRegister)
    i.fputc                                  0x00003b28   Section        0  log.o(i.fputc)
    i.free                                   0x00003b38   Section        0  malloc.o(i.free)
    i.get_Data                               0x00003b8c   Section        0  dfrobot_tcs3430.o(i.get_Data)
    i.get_IR2                                0x000041e0   Section        0  dfrobot_tcs3430.o(i.get_IR2)
    i.init_I2C                               0x000042ec   Section        0  dfrobot_tcs3430.o(i.init_I2C)
    i.init_Tcs3430                           0x00004398   Section        0  dfrobot_tcs3430.o(i.init_Tcs3430)
    i.main                                   0x00004580   Section        0  main.o(i.main)
    i.malloc                                 0x000048b0   Section        0  malloc.o(i.malloc)
    i.timer2_init                            0x0000491c   Section        0  main.o(i.timer2_init)
    .constdata                               0x00004998   Section      256  cs32l010_hal_uart.o(.constdata)
    ParityTable256                           0x00004998   Data         256  cs32l010_hal_uart.o(.constdata)
    .data                                    0x20000000   Section       29  main.o(.data)
    .data                                    0x20000020   Section       24  dfrobot_reg_operation.o(.data)
    .data                                    0x20000038   Section        5  dfrobot_rtu_parse.o(.data)
    SendData                                 0x20000038   Data           5  dfrobot_rtu_parse.o(.data)
    .data                                    0x2000003d   Section        1  dfrobot_rtu_timer.o(.data)
    .data                                    0x20000040   Section       13  dfrobot_rtu_user.o(.data)
    .data                                    0x20000050   Section       56  dfrobot_tcs3430.o(.data)
    .data                                    0x20000088   Section        9  cs32l010_hal.o(.data)
    .data                                    0x20000094   Section        4  system_cs32l010.o(.data)
    .data                                    0x20000098   Section        4  stdout.o(.data)
    .data                                    0x2000009c   Section        4  mvars.o(.data)
    .data                                    0x200000a0   Section        4  mvars.o(.data)
    .bss                                     0x200000a4   Section      404  main.o(.bss)
    .bss                                     0x20000238   Section       40  dfrobot_rtu_user.o(.bss)
    .bss                                     0x20000260   Section       52  log.o(.bss)
    .bss                                     0x20000294   Section       36  dfrobot_tcs3430.o(.bss)
    .bss                                     0x200002b8   Section       32  cs32l010_hal_flash.o(.bss)
    HEAP                                     0x200002d8   Section      512  startup_cs32l010.o(HEAP)
    STACK                                    0x200004d8   Section      512  startup_cs32l010.o(STACK)

    Global Symbols

    Symbol Name                              Value     Ov Type        Size  Object(Section)

    BuildAttributes$$THM_ISAv3M$S$PE$A:L22$X:L11$S22$IEEE1$IW$USESV6$~STKCKD$USESV7$~SHL$OTIME$ROPI$EBA8$MICROLIB$REQ8$PRES8$EABIv2 0x00000000   Number         0  anon$$obj.o ABSOLUTE
    __ARM_use_no_argv                        0x00000000   Number         0  main.o ABSOLUTE
    __Vectors                                0x00000000   Data           4  startup_cs32l010.o(RESET)
    _printf_a                                0x00000000   Number         0  stubs.o ABSOLUTE
    _printf_c                                0x00000000   Number         0  stubs.o ABSOLUTE
    _printf_charcount                        0x00000000   Number         0  stubs.o ABSOLUTE
    _printf_d                                0x00000000   Number         0  stubs.o ABSOLUTE
    _printf_e                                0x00000000   Number         0  stubs.o ABSOLUTE
    _printf_f                                0x00000000   Number         0  stubs.o ABSOLUTE
    _printf_flags                            0x00000000   Number         0  stubs.o ABSOLUTE
    _printf_fp_dec                           0x00000000   Number         0  stubs.o ABSOLUTE
    _printf_fp_hex                           0x00000000   Number         0  stubs.o ABSOLUTE
    _printf_g                                0x00000000   Number         0  stubs.o ABSOLUTE
    _printf_i                                0x00000000   Number         0  stubs.o ABSOLUTE
    _printf_int_dec                          0x00000000   Number         0  stubs.o ABSOLUTE
    _printf_l                                0x00000000   Number         0  stubs.o ABSOLUTE
    _printf_lc                               0x00000000   Number         0  stubs.o ABSOLUTE
    _printf_ll                               0x00000000   Number         0  stubs.o ABSOLUTE
    _printf_lld                              0x00000000   Number         0  stubs.o ABSOLUTE
    _printf_lli                              0x00000000   Number         0  stubs.o ABSOLUTE
    _printf_llo                              0x00000000   Number         0  stubs.o ABSOLUTE
    _printf_llu                              0x00000000   Number         0  stubs.o ABSOLUTE
    _printf_llx                              0x00000000   Number         0  stubs.o ABSOLUTE
    _printf_longlong_dec                     0x00000000   Number         0  stubs.o ABSOLUTE
    _printf_longlong_hex                     0x00000000   Number         0  stubs.o ABSOLUTE
    _printf_longlong_oct                     0x00000000   Number         0  stubs.o ABSOLUTE
    _printf_ls                               0x00000000   Number         0  stubs.o ABSOLUTE
    _printf_mbtowc                           0x00000000   Number         0  stubs.o ABSOLUTE
    _printf_n                                0x00000000   Number         0  stubs.o ABSOLUTE
    _printf_o                                0x00000000   Number         0  stubs.o ABSOLUTE
    _printf_p                                0x00000000   Number         0  stubs.o ABSOLUTE
    _printf_percent                          0x00000000   Number         0  stubs.o ABSOLUTE
    _printf_pre_padding                      0x00000000   Number         0  stubs.o ABSOLUTE
    _printf_return_value                     0x00000000   Number         0  stubs.o ABSOLUTE
    _printf_s                                0x00000000   Number         0  stubs.o ABSOLUTE
    _printf_sizespec                         0x00000000   Number         0  stubs.o ABSOLUTE
    _printf_str                              0x00000000   Number         0  stubs.o ABSOLUTE
    _printf_truncate_signed                  0x00000000   Number         0  stubs.o ABSOLUTE
    _printf_truncate_unsigned                0x00000000   Number         0  stubs.o ABSOLUTE
    _printf_u                                0x00000000   Number         0  stubs.o ABSOLUTE
    _printf_wc                               0x00000000   Number         0  stubs.o ABSOLUTE
    _printf_wctomb                           0x00000000   Number         0  stubs.o ABSOLUTE
    _printf_widthprec                        0x00000000   Number         0  stubs.o ABSOLUTE
    _printf_x                                0x00000000   Number         0  stubs.o ABSOLUTE
    __cpp_initialize__aeabi_                  - Undefined Weak Reference
    __cxa_finalize                            - Undefined Weak Reference
    __decompress                              - Undefined Weak Reference
    _clock_init                               - Undefined Weak Reference
    _microlib_exit                            - Undefined Weak Reference
    __Vectors_End                            0x000000c0   Data           0  startup_cs32l010.o(RESET)
    __Vectors_Size                           0x000000c0   Number         0  startup_cs32l010.o ABSOLUTE
    __main                                   0x000000c1   Thumb Code     0  entry.o(.ARM.Collect$$$$00000000)
    _main_stk                                0x000000c1   Thumb Code     0  entry2.o(.ARM.Collect$$$$00000001)
    _main_scatterload                        0x000000c5   Thumb Code     0  entry5.o(.ARM.Collect$$$$00000004)
    __main_after_scatterload                 0x000000c9   Thumb Code     0  entry5.o(.ARM.Collect$$$$00000004)
    _main_clock                              0x000000c9   Thumb Code     0  entry7b.o(.ARM.Collect$$$$00000008)
    _main_cpp_init                           0x000000c9   Thumb Code     0  entry8b.o(.ARM.Collect$$$$0000000A)
    _main_init                               0x000000c9   Thumb Code     0  entry9a.o(.ARM.Collect$$$$0000000B)
    __rt_final_cpp                           0x000000d1   Thumb Code     0  entry10a.o(.ARM.Collect$$$$0000000D)
    __rt_final_exit                          0x000000d1   Thumb Code     0  entry11a.o(.ARM.Collect$$$$0000000F)
    Reset_Handler                            0x000000d5   Thumb Code     8  startup_cs32l010.o(.text)
    __aeabi_uidiv                            0x000000f1   Thumb Code     0  uidiv.o(.text)
    __aeabi_uidivmod                         0x000000f1   Thumb Code    44  uidiv.o(.text)
    __aeabi_idiv                             0x0000011d   Thumb Code     0  idiv.o(.text)
    __aeabi_idivmod                          0x0000011d   Thumb Code    40  idiv.o(.text)
    __aeabi_llsr                             0x00000145   Thumb Code    34  llushr.o(.text)
    _ll_ushift_r                             0x00000145   Thumb Code     0  llushr.o(.text)
    __aeabi_memcpy                           0x00000167   Thumb Code    36  memcpya.o(.text)
    __aeabi_memcpy4                          0x00000167   Thumb Code     0  memcpya.o(.text)
    __aeabi_memcpy8                          0x00000167   Thumb Code     0  memcpya.o(.text)
    __aeabi_memset                           0x0000018b   Thumb Code    14  memseta.o(.text)
    __aeabi_memset4                          0x0000018b   Thumb Code     0  memseta.o(.text)
    __aeabi_memset8                          0x0000018b   Thumb Code     0  memseta.o(.text)
    __aeabi_memclr                           0x00000199   Thumb Code     4  memseta.o(.text)
    __aeabi_memclr4                          0x00000199   Thumb Code     0  memseta.o(.text)
    __aeabi_memclr8                          0x00000199   Thumb Code     0  memseta.o(.text)
    _memset$wrapper                          0x0000019d   Thumb Code    18  memseta.o(.text)
    __aeabi_fadd                             0x000001af   Thumb Code   162  fadd.o(.text)
    __aeabi_fsub                             0x00000251   Thumb Code     8  fadd.o(.text)
    __aeabi_frsub                            0x00000259   Thumb Code     8  fadd.o(.text)
    __aeabi_fmul                             0x00000261   Thumb Code   122  fmul.o(.text)
    __aeabi_fdiv                             0x000002db   Thumb Code   124  fdiv.o(.text)
    __aeabi_dadd                             0x00000359   Thumb Code   328  dadd.o(.text)
    __aeabi_dsub                             0x000004a1   Thumb Code    12  dadd.o(.text)
    __aeabi_drsub                            0x000004ad   Thumb Code    12  dadd.o(.text)
    __aeabi_dmul                             0x000004bd   Thumb Code   202  dmul.o(.text)
    __aeabi_ddiv                             0x0000058d   Thumb Code   234  ddiv.o(.text)
    __aeabi_ui2f                             0x0000067d   Thumb Code    14  ffltui.o(.text)
    __aeabi_i2d                              0x0000068d   Thumb Code    34  dflti.o(.text)
    __aeabi_ui2d                             0x000006b5   Thumb Code    24  dfltui.o(.text)
    __aeabi_f2uiz                            0x000006d1   Thumb Code    40  ffixui.o(.text)
    __aeabi_d2uiz                            0x000006f9   Thumb Code    50  dfixui.o(.text)
    __aeabi_f2d                              0x00000735   Thumb Code    40  f2d.o(.text)
    __aeabi_cdcmpeq                          0x0000075d   Thumb Code     0  cdcmple.o(.text)
    __aeabi_cdcmple                          0x0000075d   Thumb Code    38  cdcmple.o(.text)
    __aeabi_cdrcmple                         0x00000785   Thumb Code    38  cdrcmple.o(.text)
    __aeabi_d2f                              0x000007ad   Thumb Code    56  d2f.o(.text)
    __aeabi_uldivmod                         0x000007e5   Thumb Code    96  uldiv.o(.text)
    __aeabi_llsl                             0x00000845   Thumb Code    32  llshl.o(.text)
    _ll_shift_l                              0x00000845   Thumb Code     0  llshl.o(.text)
    __aeabi_lasr                             0x00000865   Thumb Code    38  llsshr.o(.text)
    _ll_sshift_r                             0x00000865   Thumb Code     0  llsshr.o(.text)
    __I$use$fp                               0x0000088b   Thumb Code     0  iusefp.o(.text)
    _float_round                             0x0000088b   Thumb Code    16  fepilogue.o(.text)
    _float_epilogue                          0x0000089b   Thumb Code   114  fepilogue.o(.text)
    _double_round                            0x0000090d   Thumb Code    26  depilogue.o(.text)
    _double_epilogue                         0x00000927   Thumb Code   164  depilogue.o(.text)
    __aeabi_d2ulz                            0x000009cd   Thumb Code    54  dfixul.o(.text)
    __scatterload                            0x00000a0d   Thumb Code    28  init.o(.text)
    __scatterload_rt2                        0x00000a0d   Thumb Code     0  init.o(.text)
    ADC_IRQHandler                           0x00000a31   Thumb Code     2  cs32l010_it.o(i.ADC_IRQHandler)
    AWK_IRQHandler                           0x00000a33   Thumb Code     2  cs32l010_it.o(i.AWK_IRQHandler)
    CLKTRIM_IRQHandler                       0x00000a35   Thumb Code     2  cs32l010_it.o(i.CLKTRIM_IRQHandler)
    Calculate_CRC                            0x00000a39   Thumb Code    72  dfrobot_rtu_parse.o(i.Calculate_CRC)
    DFRobotTimerInit                         0x00000ab1   Thumb Code    14  dfrobot_rtu_timer.o(i.DFRobotTimerInit)
    DFRobot_Init_Reg_Attribute               0x00000ac5   Thumb Code   584  dfrobot_rtu_user.o(i.DFRobot_Init_Reg_Attribute)
    DFRobot_RTU_Parse                        0x00000d2d   Thumb Code   342  dfrobot_rtu_parse.o(i.DFRobot_RTU_Parse)
    DFRobot_RTU_Read_HoldingReg_CB           0x00000e8d   Thumb Code     2  dfrobot_rtu_user.o(i.DFRobot_RTU_Read_HoldingReg_CB)
    DFRobot_RTU_Read_InputReg_CB             0x00000e8f   Thumb Code     2  dfrobot_rtu_user.o(i.DFRobot_RTU_Read_InputReg_CB)
    DFRobot_RTU_Response                     0x00000e91   Thumb Code    42  dfrobot_rtu_user.o(i.DFRobot_RTU_Response)
    DFRobot_RTU_Timer_Handle                 0x00000ec5   Thumb Code    12  dfrobot_rtu_timer.o(i.DFRobot_RTU_Timer_Handle)
    DFRobot_RTU_Write_HoldingReg_CB          0x00000ed5   Thumb Code   316  dfrobot_rtu_user.o(i.DFRobot_RTU_Write_HoldingReg_CB)
    DFRobot_Read_Reg                         0x00001029   Thumb Code   188  dfrobot_reg_operation.o(i.DFRobot_Read_Reg)
    DFRobot_Write_Mult_Reg                   0x00001111   Thumb Code   180  dfrobot_reg_operation.o(i.DFRobot_Write_Mult_Reg)
    DFRobot_Write_One_Reg                    0x000011c5   Thumb Code   108  dfrobot_reg_operation.o(i.DFRobot_Write_One_Reg)
    Error_Handler                            0x00001235   Thumb Code     4  main.o(i.Error_Handler)
    FLASH_IRQHandler                         0x00001239   Thumb Code     2  cs32l010_it.o(i.FLASH_IRQHandler)
    FLASH_WaitForLastOperation               0x0000131d   Thumb Code    52  cs32l010_hal_flash.o(i.FLASH_WaitForLastOperation)
    GPIOA_IRQHandler                         0x00001375   Thumb Code     2  cs32l010_it.o(i.GPIOA_IRQHandler)
    GPIOB_IRQHandler                         0x00001377   Thumb Code     2  cs32l010_it.o(i.GPIOB_IRQHandler)
    GPIOC_IRQHandler                         0x00001379   Thumb Code     2  cs32l010_it.o(i.GPIOC_IRQHandler)
    GPIOD_IRQHandler                         0x0000137b   Thumb Code     2  cs32l010_it.o(i.GPIOD_IRQHandler)
    HAL_Delay                                0x0000137d   Thumb Code    38  cs32l010_hal.o(i.HAL_Delay)
    HAL_FLASH_Erase                          0x000013a9   Thumb Code   242  cs32l010_hal_flash.o(i.HAL_FLASH_Erase)
    HAL_FLASH_OPERATION_Lock                 0x000014b1   Thumb Code   194  cs32l010_hal_flash.o(i.HAL_FLASH_OPERATION_Lock)
    HAL_FLASH_OPERATION_Unlock               0x00001581   Thumb Code   196  cs32l010_hal_flash.o(i.HAL_FLASH_OPERATION_Unlock)
    HAL_FLASH_Program                        0x00001651   Thumb Code   222  cs32l010_hal_flash.o(i.HAL_FLASH_Program)
    HAL_GPIO_Init                            0x00001745   Thumb Code   636  cs32l010_hal_gpio.o(i.HAL_GPIO_Init)
    HAL_GPIO_ReadPin                         0x000019c1   Thumb Code    18  cs32l010_hal_gpio.o(i.HAL_GPIO_ReadPin)
    HAL_GetTick                              0x000019d5   Thumb Code     6  cs32l010_hal.o(i.HAL_GetTick)
    HAL_I2C_ACK_Config                       0x000019e1   Thumb Code    32  cs32l010_hal_i2c.o(i.HAL_I2C_ACK_Config)
    HAL_I2C_Check_Flag                       0x00001a01   Thumb Code    30  cs32l010_hal_i2c.o(i.HAL_I2C_Check_Flag)
    HAL_I2C_Clear_Interrupt_Flag             0x00001a1f   Thumb Code    14  cs32l010_hal_i2c.o(i.HAL_I2C_Clear_Interrupt_Flag)
    HAL_I2C_Get_Interrupt_Flag               0x00001a2d   Thumb Code    14  cs32l010_hal_i2c.o(i.HAL_I2C_Get_Interrupt_Flag)
    HAL_I2C_Init                             0x00001a3b   Thumb Code   242  cs32l010_hal_i2c.o(i.HAL_I2C_Init)
    HAL_I2C_Master_Receive                   0x00001b2d   Thumb Code   274  cs32l010_hal_i2c.o(i.HAL_I2C_Master_Receive)
    HAL_I2C_Master_Transmit                  0x00001c3f   Thumb Code   178  cs32l010_hal_i2c.o(i.HAL_I2C_Master_Transmit)
    HAL_I2C_MspInit                          0x00001cf1   Thumb Code     2  cs32l010_hal_i2c.o(i.HAL_I2C_MspInit)
    HAL_I2C_Receive_Byte                     0x00001cf3   Thumb Code     8  cs32l010_hal_i2c.o(i.HAL_I2C_Receive_Byte)
    HAL_I2C_Send_Address                     0x00001cfb   Thumb Code    42  cs32l010_hal_i2c.o(i.HAL_I2C_Send_Address)
    HAL_I2C_Send_Byte                        0x00001d25   Thumb Code    18  cs32l010_hal_i2c.o(i.HAL_I2C_Send_Byte)
    HAL_I2C_Start_Config                     0x00001d37   Thumb Code    32  cs32l010_hal_i2c.o(i.HAL_I2C_Start_Config)
    HAL_I2C_Stop_Config                      0x00001d57   Thumb Code    44  cs32l010_hal_i2c.o(i.HAL_I2C_Stop_Config)
    HAL_I2C_Wait_Flag                        0x00001d83   Thumb Code    58  cs32l010_hal_i2c.o(i.HAL_I2C_Wait_Flag)
    HAL_IncTick                              0x00001dbd   Thumb Code    16  cs32l010_hal.o(i.HAL_IncTick)
    HAL_Init                                 0x00001dd5   Thumb Code    16  cs32l010_hal.o(i.HAL_Init)
    HAL_InitTick                             0x00001de5   Thumb Code    70  cs32l010_hal.o(i.HAL_InitTick)
    HAL_MspInit                              0x00001e39   Thumb Code     2  cs32l010_hal_msp.o(i.HAL_MspInit)
    HAL_NVIC_EnableIRQ                       0x00001e3d   Thumb Code    18  cs32l010_hal_cortex.o(i.HAL_NVIC_EnableIRQ)
    HAL_NVIC_SetPriority                     0x00001e55   Thumb Code    16  cs32l010_hal_cortex.o(i.HAL_NVIC_SetPriority)
    HAL_RCC_ClockConfig                      0x00001e65   Thumb Code   446  cs32l010_hal_rcc.o(i.HAL_RCC_ClockConfig)
    HAL_RCC_GetHCLKFreq                      0x0000203d   Thumb Code     6  cs32l010_hal_rcc.o(i.HAL_RCC_GetHCLKFreq)
    HAL_RCC_GetPCLKFreq                      0x00002049   Thumb Code    34  cs32l010_hal_rcc.o(i.HAL_RCC_GetPCLKFreq)
    HAL_RCC_GetSysClockFreq                  0x00002071   Thumb Code   150  cs32l010_hal_rcc.o(i.HAL_RCC_GetSysClockFreq)
    HAL_RCC_OscConfig                        0x00002125   Thumb Code  1126  cs32l010_hal_rcc.o(i.HAL_RCC_OscConfig)
    HAL_SYSTICK_Config                       0x00002595   Thumb Code    46  cs32l010_hal_cortex.o(i.HAL_SYSTICK_Config)
    HAL_TIM_Base_Init                        0x000025cd   Thumb Code    46  cs32l010_hal_tim.o(i.HAL_TIM_Base_Init)
    HAL_TIM_Base_MspInit                     0x000025fb   Thumb Code     2  cs32l010_hal_tim.o(i.HAL_TIM_Base_MspInit)
    HAL_TIM_Base_Start_IT                    0x000025fd   Thumb Code    30  cs32l010_hal_tim.o(i.HAL_TIM_Base_Start_IT)
    HAL_TIM_BreakCallback                    0x0000261b   Thumb Code     2  cs32l010_hal_tim.o(i.HAL_TIM_BreakCallback)
    HAL_TIM_CommutationCallback              0x0000261d   Thumb Code     2  cs32l010_hal_tim.o(i.HAL_TIM_CommutationCallback)
    HAL_TIM_IC_CaptureCallback               0x0000261f   Thumb Code     2  cs32l010_hal_tim.o(i.HAL_TIM_IC_CaptureCallback)
    HAL_TIM_IRQHandler                       0x00002621   Thumb Code   456  cs32l010_hal_tim.o(i.HAL_TIM_IRQHandler)
    HAL_TIM_OC_DelayElapsedCallback          0x000027e9   Thumb Code     2  cs32l010_hal_tim.o(i.HAL_TIM_OC_DelayElapsedCallback)
    HAL_TIM_PWM_PulseFinishedCallback        0x000027eb   Thumb Code     2  cs32l010_hal_tim.o(i.HAL_TIM_PWM_PulseFinishedCallback)
    HAL_TIM_PeriodElapsedCallback            0x000027ed   Thumb Code     2  cs32l010_hal_tim.o(i.HAL_TIM_PeriodElapsedCallback)
    HAL_TIM_TriggerCallback                  0x000027ef   Thumb Code     2  cs32l010_hal_tim.o(i.HAL_TIM_TriggerCallback)
    HAL_UART_ErrorCallback                   0x000027f1   Thumb Code     2  cs32l010_hal_uart.o(i.HAL_UART_ErrorCallback)
    HAL_UART_IRQHandler                      0x000027f3   Thumb Code   160  cs32l010_hal_uart.o(i.HAL_UART_IRQHandler)
    HAL_UART_Init                            0x00002893   Thumb Code    62  cs32l010_hal_uart.o(i.HAL_UART_Init)
    HAL_UART_MspInit                         0x000028d1   Thumb Code    70  main.o(i.HAL_UART_MspInit)
    HAL_UART_Receive_IT                      0x0000291d   Thumb Code    92  cs32l010_hal_uart.o(i.HAL_UART_Receive_IT)
    HAL_UART_RxCpltCallback                  0x00002979   Thumb Code    44  main.o(i.HAL_UART_RxCpltCallback)
    HAL_UART_Transmit                        0x000029b9   Thumb Code   286  cs32l010_hal_uart.o(i.HAL_UART_Transmit)
    HAL_UART_Transmit_IT                     0x00002add   Thumb Code   196  cs32l010_hal_uart.o(i.HAL_UART_Transmit_IT)
    HAL_UART_TxCpltCallback                  0x00002ba5   Thumb Code    28  dfrobot_rtu_user.o(i.HAL_UART_TxCpltCallback)
    HardFault_Handler                        0x00002bc5   Thumb Code     4  cs32l010_it.o(i.HardFault_Handler)
    I2C_IRQHandler                           0x00002bc9   Thumb Code     2  cs32l010_it.o(i.I2C_IRQHandler)
    I2C_Read_Data                            0x00002bcd   Thumb Code    40  dfrobot_tcs3430.o(i.I2C_Read_Data)
    I2C_Write_Data                           0x00002bf9   Thumb Code    66  dfrobot_tcs3430.o(i.I2C_Write_Data)
    IWDG_IRQHandler                          0x00002c41   Thumb Code     2  cs32l010_it.o(i.IWDG_IRQHandler)
    LPTIM_IRQHandler                         0x00002c43   Thumb Code     2  cs32l010_it.o(i.LPTIM_IRQHandler)
    LPUART_IRQHandler                        0x00002c45   Thumb Code     2  cs32l010_it.o(i.LPUART_IRQHandler)
    LVD_IRQHandler                           0x00002c47   Thumb Code     2  cs32l010_it.o(i.LVD_IRQHandler)
    NMI_Handler                              0x00002c9b   Thumb Code     2  cs32l010_it.o(i.NMI_Handler)
    OWIRE_IRQHandler                         0x00002d15   Thumb Code     2  cs32l010_it.o(i.OWIRE_IRQHandler)
    PCA_IRQHandler                           0x00002d17   Thumb Code     2  cs32l010_it.o(i.PCA_IRQHandler)
    PendSV_Handler                           0x00002d19   Thumb Code     2  cs32l010_it.o(i.PendSV_Handler)
    RTC_IRQHandler                           0x00002d49   Thumb Code     2  cs32l010_it.o(i.RTC_IRQHandler)
    SPI_IRQHandler                           0x00002d4b   Thumb Code     2  cs32l010_it.o(i.SPI_IRQHandler)
    SVC_Handler                              0x00002d4d   Thumb Code     2  cs32l010_it.o(i.SVC_Handler)
    SysTick_Handler                          0x00002df1   Thumb Code     8  cs32l010_it.o(i.SysTick_Handler)
    SystemClock_Config                       0x00002df9   Thumb Code    80  main.o(i.SystemClock_Config)
    SystemInit                               0x00002e4d   Thumb Code    48  system_cs32l010.o(i.SystemInit)
    TIM10_IRQHandler                         0x00002e8d   Thumb Code     2  cs32l010_it.o(i.TIM10_IRQHandler)
    TIM11_IRQHandler                         0x00002e8f   Thumb Code     2  cs32l010_it.o(i.TIM11_IRQHandler)
    TIM1_IRQHandler                          0x00002e91   Thumb Code     2  cs32l010_it.o(i.TIM1_IRQHandler)
    TIM2_IRQHandler                          0x00002e95   Thumb Code    14  cs32l010_it.o(i.TIM2_IRQHandler)
    TIM_Base_SetConfig                       0x00002ea9   Thumb Code    94  cs32l010_hal_tim.o(i.TIM_Base_SetConfig)
    UART0_IRQHandler                         0x00002f11   Thumb Code    10  cs32l010_it.o(i.UART0_IRQHandler)
    UART1_IRQHandler                         0x00002f21   Thumb Code     2  cs32l010_it.o(i.UART1_IRQHandler)
    UART_Receive_IT                          0x00002f25   Thumb Code   246  cs32l010_hal_uart.o(i.UART_Receive_IT)
    UART_Transmit_IT                         0x00003069   Thumb Code   170  cs32l010_hal_uart.o(i.UART_Transmit_IT)
    UartInit                                 0x0000317b   Thumb Code    12  log.o(i.UartInit)
    VC_IRQHandler                            0x00003187   Thumb Code     2  cs32l010_it.o(i.VC_IRQHandler)
    WWDG_IRQHandler                          0x00003189   Thumb Code     2  cs32l010_it.o(i.WWDG_IRQHandler)
    __0printf                                0x0000318d   Thumb Code    24  printfa.o(i.__0printf)
    __1printf                                0x0000318d   Thumb Code     0  printfa.o(i.__0printf)
    __2printf                                0x0000318d   Thumb Code     0  printfa.o(i.__0printf)
    __c89printf                              0x0000318d   Thumb Code     0  printfa.o(i.__0printf)
    printf                                   0x0000318d   Thumb Code     0  printfa.o(i.__0printf)
    __ARM_clz                                0x000031ad   Thumb Code    46  depilogue.o(i.__ARM_clz)
    __scatterload_copy                       0x000031db   Thumb Code    14  handlers.o(i.__scatterload_copy)
    __scatterload_null                       0x000031e9   Thumb Code     2  handlers.o(i.__scatterload_null)
    __scatterload_zeroinit                   0x000031eb   Thumb Code    14  handlers.o(i.__scatterload_zeroinit)
    attachHoldingRegister                    0x00003a89   Thumb Code    72  dfrobot_reg_operation.o(i.attachHoldingRegister)
    attachInputRegister                      0x00003ad9   Thumb Code    72  dfrobot_reg_operation.o(i.attachInputRegister)
    fputc                                    0x00003b29   Thumb Code    16  log.o(i.fputc)
    free                                     0x00003b39   Thumb Code    80  malloc.o(i.free)
    get_Data                                 0x00003b8d   Thumb Code  1542  dfrobot_tcs3430.o(i.get_Data)
    get_IR2                                  0x000041e1   Thumb Code   244  dfrobot_tcs3430.o(i.get_IR2)
    init_I2C                                 0x000042ed   Thumb Code   134  dfrobot_tcs3430.o(i.init_I2C)
    init_Tcs3430                             0x00004399   Thumb Code   380  dfrobot_tcs3430.o(i.init_Tcs3430)
    main                                     0x00004581   Thumb Code   706  main.o(i.main)
    malloc                                   0x000048b1   Thumb Code    92  malloc.o(i.malloc)
    timer2_init                              0x0000491d   Thumb Code   106  main.o(i.timer2_init)
    Region$$Table$$Base                      0x00004a98   Number         0  anon$$obj.o(Region$$Table)
    Region$$Table$$Limit                     0x00004ab8   Number         0  anon$$obj.o(Region$$Table)
    readCount                                0x20000000   Data           2  main.o(.data)
    sendCount                                0x20000002   Data           2  main.o(.data)
    mode                                     0x20000004   Data           1  main.o(.data)
    receData                                 0x20000005   Data           1  main.o(.data)
    RecIndexLen                              0x20000006   Data           1  main.o(.data)
    x1                                       0x20000008   Data           4  main.o(.data)
    y1                                       0x2000000c   Data           4  main.o(.data)
    ir1                                      0x20000010   Data           4  main.o(.data)
    z1                                       0x20000014   Data           4  main.o(.data)
    z2                                       0x20000018   Data           4  main.o(.data)
    printf_state                             0x2000001c   Data           1  main.o(.data)
    cCustomRegisterHead                      0x20000020   Data           4  dfrobot_reg_operation.o(.data)
    cCustomRegisterTail                      0x20000024   Data           4  dfrobot_reg_operation.o(.data)
    cHoldingRegisterHead                     0x20000028   Data           4  dfrobot_reg_operation.o(.data)
    cHoldingRegisterTail                     0x2000002c   Data           4  dfrobot_reg_operation.o(.data)
    cInputRegisterHead                       0x20000030   Data           4  dfrobot_reg_operation.o(.data)
    cInputRegisterTail                       0x20000034   Data           4  dfrobot_reg_operation.o(.data)
    DFRobot_RTU_Timer_Cnt                    0x2000003d   Data           1  dfrobot_rtu_timer.o(.data)
    uiErrorPage                              0x20000040   Data           4  dfrobot_rtu_user.o(.data)
    holdingregAddr                           0x20000044   Data           4  dfrobot_rtu_user.o(.data)
    RTU_UART_Data                            0x20000048   Data           4  dfrobot_rtu_user.o(.data)
    state                                    0x2000004c   Data           1  dfrobot_rtu_user.o(.data)
    _TCS3430Register                         0x20000050   Data           1  dfrobot_tcs3430.o(.data)
    _enableReg                               0x20000051   Data           1  dfrobot_tcs3430.o(.data)
    _cfg1Reg                                 0x20000052   Data           1  dfrobot_tcs3430.o(.data)
    _cfg3Reg                                 0x20000053   Data           1  dfrobot_tcs3430.o(.data)
    _AZCfgReg                                0x20000054   Data           1  dfrobot_tcs3430.o(.data)
    _intEnabReg                              0x20000055   Data           1  dfrobot_tcs3430.o(.data)
    aTime                                    0x20000056   Data           1  dfrobot_tcs3430.o(.data)
    wTime                                    0x20000057   Data           1  dfrobot_tcs3430.o(.data)
    data                                     0x20000058   Data          48  dfrobot_tcs3430.o(.data)
    uwTick                                   0x20000088   Data           4  cs32l010_hal.o(.data)
    uwTickPrio                               0x2000008c   Data           4  cs32l010_hal.o(.data)
    uwTickFreq                               0x20000090   Data           1  cs32l010_hal.o(.data)
    SystemCoreClock                          0x20000094   Data           4  system_cs32l010.o(.data)
    __stdout                                 0x20000098   Data           4  stdout.o(.data)
    __microlib_freelist                      0x2000009c   Data           4  mvars.o(.data)
    __microlib_freelist_initialised          0x200000a0   Data           4  mvars.o(.data)
    ucReceiveData                            0x200000a4   Data         255  main.o(.bss)
    sUartxHandle                             0x200001a4   Data          52  main.o(.bss)
    sTim2Handle                              0x200001d8   Data          32  main.o(.bss)
    GPIO_InitStruct1                         0x200001f8   Data          52  main.o(.bss)
    sFlashEraseInit                          0x2000022c   Data          12  main.o(.bss)
    sHoldingReg                              0x20000238   Data          14  dfrobot_rtu_user.o(.bss)
    sInputReg                                0x20000246   Data          26  dfrobot_rtu_user.o(.bss)
    huart1                                   0x20000260   Data          52  log.o(.bss)
    i2c_test                                 0x20000294   Data          36  dfrobot_tcs3430.o(.bss)
    pFlash                                   0x200002b8   Data          32  cs32l010_hal_flash.o(.bss)
    __heap_base                              0x200002d8   Data           0  startup_cs32l010.o(HEAP)
    __heap_limit                             0x200004d8   Data           0  startup_cs32l010.o(HEAP)
    __initial_sp                             0x200006d8   Data           0  startup_cs32l010.o(STACK)



==============================================================================

Memory Map of the image

  Image Entry point : 0x000000c1

  Load Region LR_IROM1 (Base: 0x00000000, Size: 0x00004b5c, Max: 0x00010000, ABSOLUTE)

    Execution Region ER_IROM1 (Base: 0x00000000, Size: 0x00004ab8, Max: 0x00010000, ABSOLUTE)

    Base Addr    Size         Type   Attr      Idx    E Section Name        Object

    0x00000000   0x000000c0   Data   RO         3795    RESET               startup_cs32l010.o
    0x000000c0   0x00000000   Code   RO         3832  * .ARM.Collect$$$$00000000  mc_p.l(entry.o)
    0x000000c0   0x00000004   Code   RO         4166    .ARM.Collect$$$$00000001  mc_p.l(entry2.o)
    0x000000c4   0x00000004   Code   RO         4169    .ARM.Collect$$$$00000004  mc_p.l(entry5.o)
    0x000000c8   0x00000000   Code   RO         4171    .ARM.Collect$$$$00000008  mc_p.l(entry7b.o)
    0x000000c8   0x00000000   Code   RO         4173    .ARM.Collect$$$$0000000A  mc_p.l(entry8b.o)
    0x000000c8   0x00000008   Code   RO         4174    .ARM.Collect$$$$0000000B  mc_p.l(entry9a.o)
    0x000000d0   0x00000000   Code   RO         4176    .ARM.Collect$$$$0000000D  mc_p.l(entry10a.o)
    0x000000d0   0x00000000   Code   RO         4178    .ARM.Collect$$$$0000000F  mc_p.l(entry11a.o)
    0x000000d0   0x00000004   Code   RO         4167    .ARM.Collect$$$$00002712  mc_p.l(entry2.o)
    0x000000d4   0x0000001c   Code   RO         3796    .text               startup_cs32l010.o
    0x000000f0   0x0000002c   Code   RO         3835    .text               mc_p.l(uidiv.o)
    0x0000011c   0x00000028   Code   RO         3837    .text               mc_p.l(idiv.o)
    0x00000144   0x00000022   Code   RO         3839    .text               mc_p.l(llushr.o)
    0x00000166   0x00000024   Code   RO         3841    .text               mc_p.l(memcpya.o)
    0x0000018a   0x00000024   Code   RO         3843    .text               mc_p.l(memseta.o)
    0x000001ae   0x000000b2   Code   RO         4136    .text               mf_p.l(fadd.o)
    0x00000260   0x0000007a   Code   RO         4138    .text               mf_p.l(fmul.o)
    0x000002da   0x0000007c   Code   RO         4140    .text               mf_p.l(fdiv.o)
    0x00000356   0x00000002   PAD
    0x00000358   0x00000164   Code   RO         4142    .text               mf_p.l(dadd.o)
    0x000004bc   0x000000d0   Code   RO         4144    .text               mf_p.l(dmul.o)
    0x0000058c   0x000000f0   Code   RO         4146    .text               mf_p.l(ddiv.o)
    0x0000067c   0x0000000e   Code   RO         4148    .text               mf_p.l(ffltui.o)
    0x0000068a   0x00000002   PAD
    0x0000068c   0x00000028   Code   RO         4150    .text               mf_p.l(dflti.o)
    0x000006b4   0x0000001c   Code   RO         4152    .text               mf_p.l(dfltui.o)
    0x000006d0   0x00000028   Code   RO         4154    .text               mf_p.l(ffixui.o)
    0x000006f8   0x0000003c   Code   RO         4156    .text               mf_p.l(dfixui.o)
    0x00000734   0x00000028   Code   RO         4158    .text               mf_p.l(f2d.o)
    0x0000075c   0x00000028   Code   RO         4160    .text               mf_p.l(cdcmple.o)
    0x00000784   0x00000028   Code   RO         4162    .text               mf_p.l(cdrcmple.o)
    0x000007ac   0x00000038   Code   RO         4164    .text               mf_p.l(d2f.o)
    0x000007e4   0x00000060   Code   RO         4181    .text               mc_p.l(uldiv.o)
    0x00000844   0x00000020   Code   RO         4183    .text               mc_p.l(llshl.o)
    0x00000864   0x00000026   Code   RO         4185    .text               mc_p.l(llsshr.o)
    0x0000088a   0x00000000   Code   RO         4189    .text               mc_p.l(iusefp.o)
    0x0000088a   0x00000082   Code   RO         4190    .text               mf_p.l(fepilogue.o)
    0x0000090c   0x000000be   Code   RO         4192    .text               mf_p.l(depilogue.o)
    0x000009ca   0x00000002   PAD
    0x000009cc   0x00000040   Code   RO         4196    .text               mf_p.l(dfixul.o)
    0x00000a0c   0x00000024   Code   RO         4198    .text               mc_p.l(init.o)
    0x00000a30   0x00000002   Code   RO          431    i.ADC_IRQHandler    cs32l010_it.o
    0x00000a32   0x00000002   Code   RO          432    i.AWK_IRQHandler    cs32l010_it.o
    0x00000a34   0x00000002   Code   RO          433    i.CLKTRIM_IRQHandler  cs32l010_it.o
    0x00000a36   0x00000002   PAD
    0x00000a38   0x00000050   Code   RO          288    i.Calculate_CRC     dfrobot_rtu_parse.o
    0x00000a88   0x00000028   Code   RO          201    i.Calculate_CRC_AND_Response  dfrobot_reg_operation.o
    0x00000ab0   0x00000014   Code   RO          318    i.DFRobotTimerInit  dfrobot_rtu_timer.o
    0x00000ac4   0x00000268   Code   RO          344    i.DFRobot_Init_Reg_Attribute  dfrobot_rtu_user.o
    0x00000d2c   0x00000160   Code   RO          289    i.DFRobot_RTU_Parse  dfrobot_rtu_parse.o
    0x00000e8c   0x00000002   Code   RO          345    i.DFRobot_RTU_Read_HoldingReg_CB  dfrobot_rtu_user.o
    0x00000e8e   0x00000002   Code   RO          346    i.DFRobot_RTU_Read_InputReg_CB  dfrobot_rtu_user.o
    0x00000e90   0x00000034   Code   RO          347    i.DFRobot_RTU_Response  dfrobot_rtu_user.o
    0x00000ec4   0x00000010   Code   RO          319    i.DFRobot_RTU_Timer_Handle  dfrobot_rtu_timer.o
    0x00000ed4   0x00000154   Code   RO          348    i.DFRobot_RTU_Write_HoldingReg_CB  dfrobot_rtu_user.o
    0x00001028   0x000000c4   Code   RO          202    i.DFRobot_Read_Reg  dfrobot_reg_operation.o
    0x000010ec   0x00000024   Code   RO          203    i.DFRobot_Response_OK  dfrobot_reg_operation.o
    0x00001110   0x000000b4   Code   RO          204    i.DFRobot_Write_Mult_Reg  dfrobot_reg_operation.o
    0x000011c4   0x00000070   Code   RO          205    i.DFRobot_Write_One_Reg  dfrobot_reg_operation.o
    0x00001234   0x00000004   Code   RO            3    i.Error_Handler     main.o
    0x00001238   0x00000002   Code   RO          434    i.FLASH_IRQHandler  cs32l010_it.o
    0x0000123a   0x00000002   PAD
    0x0000123c   0x00000050   Code   RO         1506    i.FLASH_MassErase   cs32l010_hal_flash.o
    0x0000128c   0x0000004c   Code   RO         1507    i.FLASH_PageErase   cs32l010_hal_flash.o
    0x000012d8   0x00000044   Code   RO         1508    i.FLASH_Program_Byte  cs32l010_hal_flash.o
    0x0000131c   0x00000038   Code   RO         1510    i.FLASH_WaitForLastOperation  cs32l010_hal_flash.o
    0x00001354   0x00000020   Code   RO          206    i.FindHoldingP      dfrobot_reg_operation.o
    0x00001374   0x00000002   Code   RO          435    i.GPIOA_IRQHandler  cs32l010_it.o
    0x00001376   0x00000002   Code   RO          436    i.GPIOB_IRQHandler  cs32l010_it.o
    0x00001378   0x00000002   Code   RO          437    i.GPIOC_IRQHandler  cs32l010_it.o
    0x0000137a   0x00000002   Code   RO          438    i.GPIOD_IRQHandler  cs32l010_it.o
    0x0000137c   0x0000002c   Code   RO          749    i.HAL_Delay         cs32l010_hal.o
    0x000013a8   0x00000108   Code   RO         1511    i.HAL_FLASH_Erase   cs32l010_hal_flash.o
    0x000014b0   0x000000d0   Code   RO         1514    i.HAL_FLASH_OPERATION_Lock  cs32l010_hal_flash.o
    0x00001580   0x000000d0   Code   RO         1515    i.HAL_FLASH_OPERATION_Unlock  cs32l010_hal_flash.o
    0x00001650   0x000000f4   Code   RO         1517    i.HAL_FLASH_Program  cs32l010_hal_flash.o
    0x00001744   0x0000027c   Code   RO         1594    i.HAL_GPIO_Init     cs32l010_hal_gpio.o
    0x000019c0   0x00000012   Code   RO         1595    i.HAL_GPIO_ReadPin  cs32l010_hal_gpio.o
    0x000019d2   0x00000002   PAD
    0x000019d4   0x0000000c   Code   RO          753    i.HAL_GetTick       cs32l010_hal.o
    0x000019e0   0x00000020   Code   RO         1647    i.HAL_I2C_ACK_Config  cs32l010_hal_i2c.o
    0x00001a00   0x0000001e   Code   RO         1648    i.HAL_I2C_Check_Flag  cs32l010_hal_i2c.o
    0x00001a1e   0x0000000e   Code   RO         1649    i.HAL_I2C_Clear_Interrupt_Flag  cs32l010_hal_i2c.o
    0x00001a2c   0x0000000e   Code   RO         1651    i.HAL_I2C_Get_Interrupt_Flag  cs32l010_hal_i2c.o
    0x00001a3a   0x000000f2   Code   RO         1653    i.HAL_I2C_Init      cs32l010_hal_i2c.o
    0x00001b2c   0x00000112   Code   RO         1655    i.HAL_I2C_Master_Receive  cs32l010_hal_i2c.o
    0x00001c3e   0x000000b2   Code   RO         1656    i.HAL_I2C_Master_Transmit  cs32l010_hal_i2c.o
    0x00001cf0   0x00000002   Code   RO         1659    i.HAL_I2C_MspInit   cs32l010_hal_i2c.o
    0x00001cf2   0x00000008   Code   RO         1660    i.HAL_I2C_Receive_Byte  cs32l010_hal_i2c.o
    0x00001cfa   0x0000002a   Code   RO         1661    i.HAL_I2C_Send_Address  cs32l010_hal_i2c.o
    0x00001d24   0x00000012   Code   RO         1662    i.HAL_I2C_Send_Byte  cs32l010_hal_i2c.o
    0x00001d36   0x00000020   Code   RO         1666    i.HAL_I2C_Start_Config  cs32l010_hal_i2c.o
    0x00001d56   0x0000002c   Code   RO         1667    i.HAL_I2C_Stop_Config  cs32l010_hal_i2c.o
    0x00001d82   0x0000003a   Code   RO         1668    i.HAL_I2C_Wait_Flag  cs32l010_hal_i2c.o
    0x00001dbc   0x00000018   Code   RO          757    i.HAL_IncTick       cs32l010_hal.o
    0x00001dd4   0x00000010   Code   RO          758    i.HAL_Init          cs32l010_hal.o
    0x00001de4   0x00000054   Code   RO          759    i.HAL_InitTick      cs32l010_hal.o
    0x00001e38   0x00000002   Code   RO          407    i.HAL_MspInit       cs32l010_hal_msp.o
    0x00001e3a   0x00000002   PAD
    0x00001e3c   0x00000018   Code   RO         1352    i.HAL_NVIC_EnableIRQ  cs32l010_hal_cortex.o
    0x00001e54   0x00000010   Code   RO         1356    i.HAL_NVIC_SetPriority  cs32l010_hal_cortex.o
    0x00001e64   0x000001d8   Code   RO         2601    i.HAL_RCC_ClockConfig  cs32l010_hal_rcc.o
    0x0000203c   0x0000000c   Code   RO         2604    i.HAL_RCC_GetHCLKFreq  cs32l010_hal_rcc.o
    0x00002048   0x00000028   Code   RO         2606    i.HAL_RCC_GetPCLKFreq  cs32l010_hal_rcc.o
    0x00002070   0x000000b4   Code   RO         2607    i.HAL_RCC_GetSysClockFreq  cs32l010_hal_rcc.o
    0x00002124   0x00000470   Code   RO         2609    i.HAL_RCC_OscConfig  cs32l010_hal_rcc.o
    0x00002594   0x00000038   Code   RO         1360    i.HAL_SYSTICK_Config  cs32l010_hal_cortex.o
    0x000025cc   0x0000002e   Code   RO         2939    i.HAL_TIM_Base_Init  cs32l010_hal_tim.o
    0x000025fa   0x00000002   Code   RO         2941    i.HAL_TIM_Base_MspInit  cs32l010_hal_tim.o
    0x000025fc   0x0000001e   Code   RO         2943    i.HAL_TIM_Base_Start_IT  cs32l010_hal_tim.o
    0x0000261a   0x00000002   Code   RO         2946    i.HAL_TIM_BreakCallback  cs32l010_hal_tim.o
    0x0000261c   0x00000002   Code   RO         2947    i.HAL_TIM_CommutationCallback  cs32l010_hal_tim.o
    0x0000261e   0x00000002   Code   RO         2963    i.HAL_TIM_IC_CaptureCallback  cs32l010_hal_tim.o
    0x00002620   0x000001c8   Code   RO         2974    i.HAL_TIM_IRQHandler  cs32l010_hal_tim.o
    0x000027e8   0x00000002   Code   RO         2977    i.HAL_TIM_OC_DelayElapsedCallback  cs32l010_hal_tim.o
    0x000027ea   0x00000002   Code   RO         3006    i.HAL_TIM_PWM_PulseFinishedCallback  cs32l010_hal_tim.o
    0x000027ec   0x00000002   Code   RO         3011    i.HAL_TIM_PeriodElapsedCallback  cs32l010_hal_tim.o
    0x000027ee   0x00000002   Code   RO         3015    i.HAL_TIM_TriggerCallback  cs32l010_hal_tim.o
    0x000027f0   0x00000002   Code   RO         3520    i.HAL_UART_ErrorCallback  cs32l010_hal_uart.o
    0x000027f2   0x000000a0   Code   RO         3523    i.HAL_UART_IRQHandler  cs32l010_hal_uart.o
    0x00002892   0x0000003e   Code   RO         3524    i.HAL_UART_Init     cs32l010_hal_uart.o
    0x000028d0   0x0000004c   Code   RO            4    i.HAL_UART_MspInit  main.o
    0x0000291c   0x0000005c   Code   RO         3528    i.HAL_UART_Receive_IT  cs32l010_hal_uart.o
    0x00002978   0x00000040   Code   RO            5    i.HAL_UART_RxCpltCallback  main.o
    0x000029b8   0x00000124   Code   RO         3530    i.HAL_UART_Transmit  cs32l010_hal_uart.o
    0x00002adc   0x000000c8   Code   RO         3531    i.HAL_UART_Transmit_IT  cs32l010_hal_uart.o
    0x00002ba4   0x00000020   Code   RO          349    i.HAL_UART_TxCpltCallback  dfrobot_rtu_user.o
    0x00002bc4   0x00000004   Code   RO          439    i.HardFault_Handler  cs32l010_it.o
    0x00002bc8   0x00000002   Code   RO          440    i.I2C_IRQHandler    cs32l010_it.o
    0x00002bca   0x00000002   PAD
    0x00002bcc   0x0000002c   Code   RO          688    i.I2C_Read_Data     dfrobot_tcs3430.o
    0x00002bf8   0x00000048   Code   RO          689    i.I2C_Write_Data    dfrobot_tcs3430.o
    0x00002c40   0x00000002   Code   RO          441    i.IWDG_IRQHandler   cs32l010_it.o
    0x00002c42   0x00000002   Code   RO          442    i.LPTIM_IRQHandler  cs32l010_it.o
    0x00002c44   0x00000002   Code   RO          443    i.LPUART_IRQHandler  cs32l010_it.o
    0x00002c46   0x00000002   Code   RO          444    i.LVD_IRQHandler    cs32l010_it.o
    0x00002c48   0x00000052   Code   RO          629    i.Log_UART_SetConfig  log.o
    0x00002c9a   0x00000002   Code   RO          445    i.NMI_Handler       cs32l010_it.o
    0x00002c9c   0x00000078   Code   RO         1362    i.NVIC_SetPriority  cs32l010_hal_cortex.o
    0x00002d14   0x00000002   Code   RO          446    i.OWIRE_IRQHandler  cs32l010_it.o
    0x00002d16   0x00000002   Code   RO          447    i.PCA_IRQHandler    cs32l010_it.o
    0x00002d18   0x00000002   Code   RO          448    i.PendSV_Handler    cs32l010_it.o
    0x00002d1a   0x00000002   PAD
    0x00002d1c   0x0000002c   Code   RO         2610    i.RCC_Delay         cs32l010_hal_rcc.o
    0x00002d48   0x00000002   Code   RO          449    i.RTC_IRQHandler    cs32l010_it.o
    0x00002d4a   0x00000002   Code   RO          450    i.SPI_IRQHandler    cs32l010_it.o
    0x00002d4c   0x00000002   Code   RO          451    i.SVC_Handler       cs32l010_it.o
    0x00002d4e   0x00000002   PAD
    0x00002d50   0x00000088   Code   RO          630    i.SerialInit        log.o
    0x00002dd8   0x00000018   Code   RO          631    i.SerialSend        log.o
    0x00002df0   0x00000008   Code   RO          452    i.SysTick_Handler   cs32l010_it.o
    0x00002df8   0x00000054   Code   RO            6    i.SystemClock_Config  main.o
    0x00002e4c   0x00000040   Code   RO         3803    i.SystemInit        system_cs32l010.o
    0x00002e8c   0x00000002   Code   RO          453    i.TIM10_IRQHandler  cs32l010_it.o
    0x00002e8e   0x00000002   Code   RO          454    i.TIM11_IRQHandler  cs32l010_it.o
    0x00002e90   0x00000002   Code   RO          455    i.TIM1_IRQHandler   cs32l010_it.o
    0x00002e92   0x00000002   PAD
    0x00002e94   0x00000014   Code   RO          456    i.TIM2_IRQHandler   cs32l010_it.o
    0x00002ea8   0x00000068   Code   RO         3016    i.TIM_Base_SetConfig  cs32l010_hal_tim.o
    0x00002f10   0x00000010   Code   RO          457    i.UART0_IRQHandler  cs32l010_it.o
    0x00002f20   0x00000002   Code   RO          458    i.UART1_IRQHandler  cs32l010_it.o
    0x00002f22   0x00000002   PAD
    0x00002f24   0x000000fc   Code   RO         3533    i.UART_Receive_IT   cs32l010_hal_uart.o
    0x00003020   0x00000046   Code   RO         3534    i.UART_SetConfig    cs32l010_hal_uart.o
    0x00003066   0x00000002   PAD
    0x00003068   0x000000b0   Code   RO         3536    i.UART_Transmit_IT  cs32l010_hal_uart.o
    0x00003118   0x00000062   Code   RO         3537    i.UART_WaitOnFlagUntilTimeout  cs32l010_hal_uart.o
    0x0000317a   0x0000000c   Code   RO          632    i.UartInit          log.o
    0x00003186   0x00000002   Code   RO          459    i.VC_IRQHandler     cs32l010_it.o
    0x00003188   0x00000002   Code   RO          460    i.WWDG_IRQHandler   cs32l010_it.o
    0x0000318a   0x00000002   PAD
    0x0000318c   0x00000020   Code   RO         4080    i.__0printf         mc_p.l(printfa.o)
    0x000031ac   0x0000002e   Code   RO         4194    i.__ARM_clz         mf_p.l(depilogue.o)
    0x000031da   0x0000000e   Code   RO         4202    i.__scatterload_copy  mc_p.l(handlers.o)
    0x000031e8   0x00000002   Code   RO         4203    i.__scatterload_null  mc_p.l(handlers.o)
    0x000031ea   0x0000000e   Code   RO         4204    i.__scatterload_zeroinit  mc_p.l(handlers.o)
    0x000031f8   0x00000158   Code   RO         4087    i._fp_digits        mc_p.l(printfa.o)
    0x00003350   0x000006ec   Code   RO         4088    i._printf_core      mc_p.l(printfa.o)
    0x00003a3c   0x00000020   Code   RO         4089    i._printf_post_padding  mc_p.l(printfa.o)
    0x00003a5c   0x0000002c   Code   RO         4090    i._printf_pre_padding  mc_p.l(printfa.o)
    0x00003a88   0x00000050   Code   RO          208    i.attachHoldingRegister  dfrobot_reg_operation.o
    0x00003ad8   0x00000050   Code   RO          209    i.attachInputRegister  dfrobot_reg_operation.o
    0x00003b28   0x00000010   Code   RO          633    i.fputc             log.o
    0x00003b38   0x00000054   Code   RO         4108    i.free              mc_p.l(malloc.o)
    0x00003b8c   0x00000654   Code   RO          690    i.get_Data          dfrobot_tcs3430.o
    0x000041e0   0x0000010c   Code   RO          691    i.get_IR2           dfrobot_tcs3430.o
    0x000042ec   0x000000ac   Code   RO          692    i.init_I2C          dfrobot_tcs3430.o
    0x00004398   0x000001e8   Code   RO          693    i.init_Tcs3430      dfrobot_tcs3430.o
    0x00004580   0x00000330   Code   RO            7    i.main              main.o
    0x000048b0   0x0000006c   Code   RO         4109    i.malloc            mc_p.l(malloc.o)
    0x0000491c   0x0000007c   Code   RO            8    i.timer2_init       main.o
    0x00004998   0x00000100   Data   RO         3538    .constdata          cs32l010_hal_uart.o
    0x00004a98   0x00000020   Data   RO         4200    Region$$Table       anon$$obj.o


    Execution Region RW_IRAM1 (Base: 0x20000000, Size: 0x000006d8, Max: 0x00001000, ABSOLUTE)

    Base Addr    Size         Type   Attr      Idx    E Section Name        Object

    0x20000000   0x0000001d   Data   RW           10    .data               main.o
    0x2000001d   0x00000003   PAD
    0x20000020   0x00000018   Data   RW          210    .data               dfrobot_reg_operation.o
    0x20000038   0x00000005   Data   RW          290    .data               dfrobot_rtu_parse.o
    0x2000003d   0x00000001   Data   RW          320    .data               dfrobot_rtu_timer.o
    0x2000003e   0x00000002   PAD
    0x20000040   0x0000000d   Data   RW          351    .data               dfrobot_rtu_user.o
    0x2000004d   0x00000003   PAD
    0x20000050   0x00000038   Data   RW          695    .data               dfrobot_tcs3430.o
    0x20000088   0x00000009   Data   RW          765    .data               cs32l010_hal.o
    0x20000091   0x00000003   PAD
    0x20000094   0x00000004   Data   RW         3804    .data               system_cs32l010.o
    0x20000098   0x00000004   Data   RW         4180    .data               mc_p.l(stdout.o)
    0x2000009c   0x00000004   Data   RW         4187    .data               mc_p.l(mvars.o)
    0x200000a0   0x00000004   Data   RW         4188    .data               mc_p.l(mvars.o)
    0x200000a4   0x00000194   Zero   RW            9    .bss                main.o
    0x20000238   0x00000028   Zero   RW          350    .bss                dfrobot_rtu_user.o
    0x20000260   0x00000034   Zero   RW          636    .bss                log.o
    0x20000294   0x00000024   Zero   RW          694    .bss                dfrobot_tcs3430.o
    0x200002b8   0x00000020   Zero   RW         1518    .bss                cs32l010_hal_flash.o
    0x200002d8   0x00000200   Zero   RW         3794    HEAP                startup_cs32l010.o
    0x200004d8   0x00000200   Zero   RW         3793    STACK               startup_cs32l010.o


==============================================================================

Image component sizes


      Code (inc. data)   RO Data    RW Data    ZI Data      Debug   Object Name

       180         34          0          9          0       6357   cs32l010_hal.o
       216         26          0          0          0       8105   cs32l010_hal_cortex.o
      1204        132          0          0         32       5936   cs32l010_hal_flash.o
       654          0          0          0          0       1859   cs32l010_hal_gpio.o
       988          0          0          0          0       9033   cs32l010_hal_i2c.o
         2          0          0          0          0        378   cs32l010_hal_msp.o
      1884        108          0          0          0       4660   cs32l010_hal_rcc.o
       652         10          0          0          0       6672   cs32l010_hal_tim.o
      1404         22        256          0          0       7372   cs32l010_hal_uart.o
       100         12          0          0          0      11468   cs32l010_it.o
       756         32          0         24          0       8608   dfrobot_reg_operation.o
       432         18          0          5          0       2123   dfrobot_rtu_parse.o
        36         10          0          1          0       1326   dfrobot_rtu_timer.o
      1044         70          0         13         40       5587   dfrobot_rtu_user.o
      2664        340          0         56         36       6823   dfrobot_tcs3430.o
       270         18          0          0         52       2660   log.o
      1168        158          0         29        404     169224   main.o
        28          8        192          0       1024        604   startup_cs32l010.o
        64         16          0          4          0        667   system_cs32l010.o

    ----------------------------------------------------------------------
     13768       1014        480        152       1588     259462   Object Totals
         0          0         32          0          0          0   (incl. Generated)
        22          0          0         11          0          0   (incl. Padding)

    ----------------------------------------------------------------------

      Code (inc. data)   RO Data    RW Data    ZI Data      Debug   Library Member Name

         0          0          0          0          0          0   entry.o
         0          0          0          0          0          0   entry10a.o
         0          0          0          0          0          0   entry11a.o
         8          4          0          0          0          0   entry2.o
         4          0          0          0          0          0   entry5.o
         0          0          0          0          0          0   entry7b.o
         0          0          0          0          0          0   entry8b.o
         8          4          0          0          0          0   entry9a.o
        30          0          0          0          0          0   handlers.o
        40          0          0          0          0         72   idiv.o
        36          8          0          0          0         68   init.o
         0          0          0          0          0          0   iusefp.o
        32          0          0          0          0         68   llshl.o
        38          0          0          0          0         68   llsshr.o
        34          0          0          0          0         68   llushr.o
       192         20          0          0          0        144   malloc.o
        36          0          0          0          0         60   memcpya.o
        36          0          0          0          0        100   memseta.o
         0          0          0          8          0          0   mvars.o
      2224         98          0          0          0        412   printfa.o
         0          0          0          4          0          0   stdout.o
        44          0          0          0          0         72   uidiv.o
        96          0          0          0          0         84   uldiv.o
        40          2          0          0          0         68   cdcmple.o
        40          2          0          0          0         68   cdrcmple.o
        56          0          0          0          0         68   d2f.o
       356          4          0          0          0        140   dadd.o
       240          6          0          0          0         84   ddiv.o
       236          0          0          0          0        216   depilogue.o
        60         10          0          0          0         68   dfixui.o
        64         10          0          0          0         68   dfixul.o
        40          6          0          0          0         68   dflti.o
        28          4          0          0          0         68   dfltui.o
       208          6          0          0          0         88   dmul.o
        40          0          0          0          0         60   f2d.o
       178          0          0          0          0        108   fadd.o
       124          0          0          0          0         72   fdiv.o
       130          0          0          0          0        144   fepilogue.o
        40          0          0          0          0         60   ffixui.o
        14          0          0          0          0         68   ffltui.o
       122          0          0          0          0         72   fmul.o

    ----------------------------------------------------------------------
      4880        184          0         12          0       2804   Library Totals
         6          0          0          0          0          0   (incl. Padding)

    ----------------------------------------------------------------------

      Code (inc. data)   RO Data    RW Data    ZI Data      Debug   Library Name

      2858        134          0         12          0       1216   mc_p.l
      2016         50          0          0          0       1588   mf_p.l

    ----------------------------------------------------------------------
      4880        184          0         12          0       2804   Library Totals

    ----------------------------------------------------------------------

==============================================================================


      Code (inc. data)   RO Data    RW Data    ZI Data      Debug   

     18648       1198        480        164       1588     255538   Grand Totals
     18648       1198        480        164       1588     255538   ELF Image Totals
     18648       1198        480        164          0          0   ROM Totals

==============================================================================

    Total RO  Size (Code + RO Data)                19128 (  18.68kB)
    Total RW  Size (RW Data + ZI Data)              1752 (   1.71kB)
    Total ROM Size (Code + RO Data + RW Data)      19292 (  18.84kB)

==============================================================================

