Component: ARM Compiler 5.05 update 1 (build 106) Tool: armlink [4d0efa]

==============================================================================

Section Cross References

    main.o(i.HAL_UART_MspInit) refers to memseta.o(.text) for __aeabi_memclr4
    main.o(i.HAL_UART_MspInit) refers to cs32l010_hal_gpio.o(i.HAL_GPIO_Init) for HAL_GPIO_Init
    main.o(i.HAL_UART_RxCpltCallback) refers to cs32l010_hal_uart.o(i.HAL_UART_Receive_IT) for HAL_UART_Receive_IT
    main.o(i.HAL_UART_RxCpltCallback) refers to main.o(.data) for receData
    main.o(i.HAL_UART_RxCpltCallback) refers to main.o(.bss) for ucReceiveData
    main.o(i.HAL_UART_RxCpltCallback) refers to dfrobot_rtu_timer.o(.data) for DFRobot_RTU_Timer_Cnt
    main.o(i.SystemClock_Config) refers to memseta.o(.text) for __aeabi_memclr4
    main.o(i.SystemClock_Config) refers to cs32l010_hal_rcc.o(i.HAL_RCC_OscConfig) for HAL_RCC_OscConfig
    main.o(i.SystemClock_Config) refers to main.o(i.Error_Handler) for Error_Handler
    main.o(i.SystemClock_Config) refers to cs32l010_hal_rcc.o(i.HAL_RCC_ClockConfig) for HAL_RCC_ClockConfig
    main.o(i.main) refers to cs32l010_hal.o(i.HAL_Init) for HAL_Init
    main.o(i.main) refers to main.o(i.SystemClock_Config) for SystemClock_Config
    main.o(i.main) refers to log.o(i.UartInit) for UartInit
    main.o(i.main) refers to dfrobot_tcs3430.o(i.init_I2C) for init_I2C
    main.o(i.main) refers to cs32l010_hal_uart.o(i.HAL_UART_Init) for HAL_UART_Init
    main.o(i.main) refers to cs32l010_hal_uart.o(i.HAL_UART_Receive_IT) for HAL_UART_Receive_IT
    main.o(i.main) refers to cs32l010_hal_cortex.o(i.HAL_NVIC_EnableIRQ) for HAL_NVIC_EnableIRQ
    main.o(i.main) refers to dfrobot_rtu_timer.o(i.DFRobotTimerInit) for DFRobotTimerInit
    main.o(i.main) refers to dfrobot_rtu_user.o(i.DFRobot_Init_Reg_Attribute) for DFRobot_Init_Reg_Attribute
    main.o(i.main) refers to dfrobot_tcs3430.o(i.init_Tcs3430) for init_Tcs3430
    main.o(i.main) refers to dfrobot_rtu_parse.o(i.DFRobot_RTU_Parse) for DFRobot_RTU_Parse
    main.o(i.main) refers to dfrobot_reg_operation.o(i.DFRobot_Read_Reg) for DFRobot_Read_Reg
    main.o(i.main) refers to dfrobot_tcs3430.o(i.get_Data) for get_Data
    main.o(i.main) refers to cs32l010_hal.o(i.HAL_Delay) for HAL_Delay
    main.o(i.main) refers to main.o(.bss) for sUartxHandle
    main.o(i.main) refers to main.o(.data) for receData
    main.o(i.main) refers to dfrobot_rtu_timer.o(.data) for DFRobot_RTU_Timer_Cnt
    main.o(i.timer2_init) refers to cs32l010_hal_rcc.o(i.HAL_RCC_GetPCLKFreq) for HAL_RCC_GetPCLKFreq
    main.o(i.timer2_init) refers to uidiv.o(.text) for __aeabi_uidivmod
    main.o(i.timer2_init) refers to cs32l010_hal_tim.o(i.HAL_TIM_Base_Init) for HAL_TIM_Base_Init
    main.o(i.timer2_init) refers to main.o(i.Error_Handler) for Error_Handler
    main.o(i.timer2_init) refers to cs32l010_hal_cortex.o(i.HAL_NVIC_EnableIRQ) for HAL_NVIC_EnableIRQ
    main.o(i.timer2_init) refers to cs32l010_hal_tim.o(i.HAL_TIM_Base_Start_IT) for HAL_TIM_Base_Start_IT
    main.o(i.timer2_init) refers to main.o(.bss) for sTim2Handle
    dfrobot_reg_operation.o(i.Calculate_CRC_AND_Response) refers to dfrobot_rtu_parse.o(i.Calculate_CRC) for Calculate_CRC
    dfrobot_reg_operation.o(i.Calculate_CRC_AND_Response) refers to dfrobot_rtu_user.o(i.DFRobot_RTU_Response) for DFRobot_RTU_Response
    dfrobot_reg_operation.o(i.DFRobot_Read_Reg) refers to malloc.o(i.malloc) for malloc
    dfrobot_reg_operation.o(i.DFRobot_Read_Reg) refers to dfrobot_rtu_user.o(i.DFRobot_RTU_Read_HoldingReg_CB) for DFRobot_RTU_Read_HoldingReg_CB
    dfrobot_reg_operation.o(i.DFRobot_Read_Reg) refers to memcpya.o(.text) for __aeabi_memcpy
    dfrobot_reg_operation.o(i.DFRobot_Read_Reg) refers to dfrobot_rtu_user.o(i.DFRobot_RTU_Read_InputReg_CB) for DFRobot_RTU_Read_InputReg_CB
    dfrobot_reg_operation.o(i.DFRobot_Read_Reg) refers to dfrobot_reg_operation.o(i.Calculate_CRC_AND_Response) for Calculate_CRC_AND_Response
    dfrobot_reg_operation.o(i.DFRobot_Read_Reg) refers to malloc.o(i.free) for free
    dfrobot_reg_operation.o(i.DFRobot_Read_Reg) refers to dfrobot_rtu_user.o(.data) for sHoldingReg
    dfrobot_reg_operation.o(i.DFRobot_Read_Reg) refers to dfrobot_rtu_user.o(.bss) for sInputReg
    dfrobot_reg_operation.o(i.DFRobot_Response_OK) refers to dfrobot_reg_operation.o(i.Calculate_CRC_AND_Response) for Calculate_CRC_AND_Response
    dfrobot_reg_operation.o(i.DFRobot_Write_Mult_Reg) refers to dfrobot_reg_operation.o(i.FindHoldingP) for FindHoldingP
    dfrobot_reg_operation.o(i.DFRobot_Write_Mult_Reg) refers to dfrobot_rtu_user.o(i.DFRobot_RTU_Write_HoldingReg_CB) for DFRobot_RTU_Write_HoldingReg_CB
    dfrobot_reg_operation.o(i.DFRobot_Write_Mult_Reg) refers to dfrobot_reg_operation.o(i.DFRobot_Response_OK) for DFRobot_Response_OK
    dfrobot_reg_operation.o(i.DFRobot_Write_One_Reg) refers to dfrobot_reg_operation.o(i.FindHoldingP) for FindHoldingP
[...]
    Removing cs32l010_hal_tim.o(i.HAL_TIM_OC_DeInit), (72 bytes).
    Removing cs32l010_hal_tim.o(i.HAL_TIM_OC_GetState), (6 bytes).
    Removing cs32l010_hal_tim.o(i.HAL_TIM_OC_Init), (46 bytes).
    Removing cs32l010_hal_tim.o(i.HAL_TIM_OC_MspDeInit), (2 bytes).
    Removing cs32l010_hal_tim.o(i.HAL_TIM_OC_MspInit), (2 bytes).
    Removing cs32l010_hal_tim.o(i.HAL_TIM_OC_Start), (68 bytes).
    Removing cs32l010_hal_tim.o(i.HAL_TIM_OC_Start_IT), (148 bytes).
    Removing cs32l010_hal_tim.o(i.HAL_TIM_OC_Stop), (128 bytes).
    Removing cs32l010_hal_tim.o(i.HAL_TIM_OC_Stop_IT), (208 bytes).
    Removing cs32l010_hal_tim.o(i.HAL_TIM_OnePulse_ConfigChannel), (286 bytes).
    Removing cs32l010_hal_tim.o(i.HAL_TIM_OnePulse_DeInit), (72 bytes).
    Removing cs32l010_hal_tim.o(i.HAL_TIM_OnePulse_GetState), (6 bytes).
    Removing cs32l010_hal_tim.o(i.HAL_TIM_OnePulse_Init), (70 bytes).
    Removing cs32l010_hal_tim.o(i.HAL_TIM_OnePulse_MspDeInit), (2 bytes).
    Removing cs32l010_hal_tim.o(i.HAL_TIM_OnePulse_MspInit), (2 bytes).
    Removing cs32l010_hal_tim.o(i.HAL_TIM_OnePulse_Start), (68 bytes).
    Removing cs32l010_hal_tim.o(i.HAL_TIM_OnePulse_Start_IT), (92 bytes).
    Removing cs32l010_hal_tim.o(i.HAL_TIM_OnePulse_Stop), (140 bytes).
    Removing cs32l010_hal_tim.o(i.HAL_TIM_OnePulse_Stop_IT), (164 bytes).
    Removing cs32l010_hal_tim.o(i.HAL_TIM_PWMN_Start), (46 bytes).
    Removing cs32l010_hal_tim.o(i.HAL_TIM_PWMN_Start_IT), (118 bytes).
    Removing cs32l010_hal_tim.o(i.HAL_TIM_PWMN_Stop), (108 bytes).
    Removing cs32l010_hal_tim.o(i.HAL_TIM_PWMN_Stop_IT), (196 bytes).
    Removing cs32l010_hal_tim.o(i.HAL_TIM_PWM_ConfigChannel), (264 bytes).
    Removing cs32l010_hal_tim.o(i.HAL_TIM_PWM_DeInit), (72 bytes).
    Removing cs32l010_hal_tim.o(i.HAL_TIM_PWM_GetState), (6 bytes).
    Removing cs32l010_hal_tim.o(i.HAL_TIM_PWM_Init), (46 bytes).
    Removing cs32l010_hal_tim.o(i.HAL_TIM_PWM_MspDeInit), (2 bytes).
    Removing cs32l010_hal_tim.o(i.HAL_TIM_PWM_MspInit), (2 bytes).
    Removing cs32l010_hal_tim.o(i.HAL_TIM_PWM_Start), (68 bytes).
    Removing cs32l010_hal_tim.o(i.HAL_TIM_PWM_Start_IT), (148 bytes).
    Removing cs32l010_hal_tim.o(i.HAL_TIM_PWM_Stop), (132 bytes).
    Removing cs32l010_hal_tim.o(i.HAL_TIM_PWM_Stop_IT), (208 bytes).
    Removing cs32l010_hal_tim.o(i.HAL_TIM_ReadCapturedValue), (80 bytes).
    Removing cs32l010_hal_tim.o(i.HAL_TIM_SlaveConfigSynchronization), (64 bytes).
    Removing cs32l010_hal_tim.o(i.HAL_TIM_SlaveConfigSynchronization_IT), (64 bytes).
    Removing cs32l010_hal_tim.o(i.TIM_CCxChannelCmd), (28 bytes).
    Removing cs32l010_hal_tim.o(i.TIM_CCxNChannelCmd), (28 bytes).
    Removing cs32l010_hal_tim.o(i.TIM_ETR_SetConfig), (30 bytes).
    Removing cs32l010_hal_tim.o(i.TIM_ITRx_SetConfig), (26 bytes).
    Removing cs32l010_hal_tim.o(i.TIM_OC1_SetConfig), (124 bytes).
    Removing cs32l010_hal_tim.o(i.TIM_OC2_SetConfig), (144 bytes).
    Removing cs32l010_hal_tim.o(i.TIM_OC3_SetConfig), (136 bytes).
    Removing cs32l010_hal_tim.o(i.TIM_OC4_SetConfig), (104 bytes).
    Removing cs32l010_hal_tim.o(i.TIM_SlaveTimer_SetConfig), (172 bytes).
    Removing cs32l010_hal_tim.o(i.TIM_TI1_ConfigInputStage), (54 bytes).
    Removing cs32l010_hal_tim.o(i.TIM_TI1_SetConfig), (100 bytes).
    Removing cs32l010_hal_tim.o(i.TIM_TI2_ConfigInputStage), (54 bytes).
    Removing cs32l010_hal_tim.o(i.TIM_TI2_SetConfig), (76 bytes).
    Removing cs32l010_hal_tim.o(i.TIM_TI3_SetConfig), (74 bytes).
    Removing cs32l010_hal_tim.o(i.TIM_TI4_SetConfig), (82 bytes).
    Removing cs32l010_hal_tim.o(.data), (1 bytes).
    Removing cs32l010_hal_uart.o(.rev16_text), (4 bytes).
    Removing cs32l010_hal_uart.o(.revsh_text), (4 bytes).
    Removing cs32l010_hal_uart.o(i.HAL_HalfDuplex_Init), (80 bytes).
    Removing cs32l010_hal_uart.o(i.HAL_UART_Abort), (44 bytes).
    Removing cs32l010_hal_uart.o(i.HAL_UART_AbortCpltCallback), (2 bytes).
    Removing cs32l010_hal_uart.o(i.HAL_UART_AbortReceive), (36 bytes).
    Removing cs32l010_hal_uart.o(i.HAL_UART_AbortReceiveCpltCallback), (2 bytes).
    Removing cs32l010_hal_uart.o(i.HAL_UART_AbortTransmit), (36 bytes).
    Removing cs32l010_hal_uart.o(i.HAL_UART_AbortTransmitCpltCallback), (2 bytes).
    Removing cs32l010_hal_uart.o(i.HAL_UART_DeInit), (50 bytes).
    Removing cs32l010_hal_uart.o(i.HAL_UART_GetError), (6 bytes).
    Removing cs32l010_hal_uart.o(i.HAL_UART_GetState), (20 bytes).
    Removing cs32l010_hal_uart.o(i.HAL_UART_MspDeInit), (2 bytes).
    Removing cs32l010_hal_uart.o(i.HAL_UART_MspInit), (2 bytes).
    Removing cs32l010_hal_uart.o(i.HAL_UART_Receive), (404 bytes).
    Removing cs32l010_hal_uart.o(i.HAL_UART_RxCpltCallback), (2 bytes).
    Removing cs32l010_hal_uart.o(i.HAL_UART_TxCpltCallback), (2 bytes).
    Removing cs32l010_hal_uart.o(i.UART_Single_Receive_IT), (120 bytes).
    Removing cs32l010_hal_vc.o(.rev16_text), (4 bytes).
    Removing cs32l010_hal_vc.o(.revsh_text), (4 bytes).
    Removing cs32l010_hal_vc.o(i.HAL_VC_Clear_INT_Flag), (14 bytes).
    Removing cs32l010_hal_vc.o(i.HAL_VC_DeInit), (22 bytes).
    Removing cs32l010_hal_vc.o(i.HAL_VC_Disable), (14 bytes).
    Removing cs32l010_hal_vc.o(i.HAL_VC_Enable), (14 bytes).
    Removing cs32l010_hal_vc.o(i.HAL_VC_Get_INT_Flag), (24 bytes).
    Removing cs32l010_hal_vc.o(i.HAL_VC_Get_OutPut_State), (24 bytes).
    Removing cs32l010_hal_vc.o(i.HAL_VC_Init), (166 bytes).
    Removing cs32l010_hal_vc.o(i.HAL_VC_OutPut_Config_Disable), (20 bytes).
    Removing cs32l010_hal_vc.o(i.HAL_VC_OutPut_Config_Enable), (20 bytes).
    Removing cs32l010_hal_wwdg.o(.rev16_text), (4 bytes).
    Removing cs32l010_hal_wwdg.o(.revsh_text), (4 bytes).
    Removing cs32l010_hal_wwdg.o(i.HAL_WWDG_Get_Counter), (14 bytes).
    Removing cs32l010_hal_wwdg.o(i.HAL_WWDG_INT_Callback), (2 bytes).
    Removing cs32l010_hal_wwdg.o(i.HAL_WWDG_INT_Handler), (44 bytes).
    Removing cs32l010_hal_wwdg.o(i.HAL_WWDG_Init), (44 bytes).
    Removing cs32l010_hal_wwdg.o(i.HAL_WWDG_Refresh), (12 bytes).
    Removing system_cs32l010.o(.rev16_text), (4 bytes).
    Removing system_cs32l010.o(.revsh_text), (4 bytes).
    Removing system_cs32l010.o(i.SystemCoreClockUpdate), (260 bytes).
    Removing dfixul.o(.text), (64 bytes).
    Removing cs32l010_hal_adc.o(i.__ARM_common_switch8), (28 bytes).

479 unused section(s) (total 29323 bytes) removed from the image.

==============================================================================

Image Symbol Table

    Local Symbols

    Symbol Name                              Value     Ov Type        Size  Object(Section)

    RESET                                    0x00000000   Section      192  startup_cs32l010.o(RESET)
    ../clib/microlib/division.c              0x00000000   Number         0  uldiv.o ABSOLUTE
    ../clib/microlib/division.c              0x00000000   Number         0  idiv.o ABSOLUTE
    ../clib/microlib/division.c              0x00000000   Number         0  uidiv.o ABSOLUTE
    ../clib/microlib/init/entry.s            0x00000000   Number         0  entry8a.o ABSOLUTE
    ../clib/microlib/init/entry.s            0x00000000   Number         0  entry10a.o ABSOLUTE
    ../clib/microlib/init/entry.s            0x00000000   Number         0  entry11b.o ABSOLUTE
    ../clib/microlib/init/entry.s            0x00000000   Number         0  entry11a.o ABSOLUTE
    ../clib/microlib/init/entry.s            0x00000000   Number         0  entry5.o ABSOLUTE
    ../clib/microlib/init/entry.s            0x00000000   Number         0  entry9b.o ABSOLUTE
    ../clib/microlib/init/entry.s            0x00000000   Number         0  entry9a.o ABSOLUTE
    ../clib/microlib/init/entry.s            0x00000000   Number         0  entry8b.o ABSOLUTE
    ../clib/microlib/init/entry.s            0x00000000   Number         0  entry7b.o ABSOLUTE
    ../clib/microlib/init/entry.s            0x00000000   Number         0  entry7a.o ABSOLUTE
    ../clib/microlib/init/entry.s            0x00000000   Number         0  entry2.o ABSOLUTE
    ../clib/microlib/init/entry.s            0x00000000   Number         0  entry.o ABSOLUTE
    ../clib/microlib/init/entry.s            0x00000000   Number         0  entry10b.o ABSOLUTE
    ../clib/microlib/longlong.c              0x00000000   Number         0  llushr.o ABSOLUTE
    ../clib/microlib/longlong.c              0x00000000   Number         0  llshl.o ABSOLUTE
    ../clib/microlib/longlong.c              0x00000000   Number         0  llsshr.o ABSOLUTE
    ../clib/microlib/malloc/malloc.c         0x00000000   Number         0  malloc.o ABSOLUTE
    ../clib/microlib/malloc/malloc.c         0x00000000   Number         0  malloca.o ABSOLUTE
    ../clib/microlib/malloc/malloc.c         0x00000000   Number         0  mallocra.o ABSOLUTE
    ../clib/microlib/malloc/malloc.c         0x00000000   Number         0  mallocr.o ABSOLUTE
    ../clib/microlib/malloc/mvars.c          0x00000000   Number         0  mvars.o ABSOLUTE
    ../clib/microlib/printf/printf.c         0x00000000   Number         0  printf4.o ABSOLUTE
    ../clib/microlib/printf/printf.c         0x00000000   Number         0  printf5.o ABSOLUTE
    ../clib/microlib/printf/printf.c         0x00000000   Number         0  printf6.o ABSOLUTE
    ../clib/microlib/printf/printf.c         0x00000000   Number         0  printf7.o ABSOLUTE
    ../clib/microlib/printf/printf.c         0x00000000   Number         0  printf8.o ABSOLUTE
    ../clib/microlib/printf/printf.c         0x00000000   Number         0  printfa.o ABSOLUTE
    ../clib/microlib/printf/printf.c         0x00000000   Number         0  printfb.o ABSOLUTE
    ../clib/microlib/printf/printf.c         0x00000000   Number         0  printf0.o ABSOLUTE
    ../clib/microlib/printf/printf.c         0x00000000   Number         0  printf1.o ABSOLUTE
    ../clib/microlib/printf/printf.c         0x00000000   Number         0  printf2.o ABSOLUTE
    ../clib/microlib/printf/printf.c         0x00000000   Number         0  printf3.o ABSOLUTE
    ../clib/microlib/printf/stubs.s          0x00000000   Number         0  stubs.o ABSOLUTE
    ../clib/microlib/stdio/streams.c         0x00000000   Number         0  stdout.o ABSOLUTE
    ../clib/microlib/string/memcpy.c         0x00000000   Number         0  memcpya.o ABSOLUTE
    ../clib/microlib/string/memcpy.c         0x00000000   Number         0  memcpyb.o ABSOLUTE
    ../clib/microlib/string/memset.c         0x00000000   Number         0  memseta.o ABSOLUTE
    ../clib/microlib/stubs.s                 0x00000000   Number         0  iusefp.o ABSOLUTE
    ../fplib/microlib/d2f.c                  0x00000000   Number         0  d2f.o ABSOLUTE
    ../fplib/microlib/f2d.c                  0x00000000   Number         0  f2d.o ABSOLUTE
    ../fplib/microlib/fpadd.c                0x00000000   Number         0  fadd.o ABSOLUTE
    ../fplib/microlib/fpadd.c                0x00000000   Number         0  dadd.o ABSOLUTE
    ../fplib/microlib/fpdiv.c                0x00000000   Number         0  ddiv.o ABSOLUTE
    ../fplib/microlib/fpdiv.c                0x00000000   Number         0  fdiv.o ABSOLUTE
    ../fplib/microlib/fpepilogue.c           0x00000000   Number         0  fepilogue.o ABSOLUTE
    ../fplib/microlib/fpepilogue.c           0x00000000   Number         0  depilogue.o ABSOLUTE
    ../fplib/microlib/fpfix.c                0x00000000   Number         0  dfixui.o ABSOLUTE
    ../fplib/microlib/fpfix.c                0x00000000   Number         0  ffixui.o ABSOLUTE
    ../fplib/microlib/fpfix.c                0x00000000   Number         0  dfixul.o ABSOLUTE
    ../fplib/microlib/fpflt.c                0x00000000   Number         0  dfltui.o ABSOLUTE
    ../fplib/microlib/fpflt.c                0x00000000   Number         0  dflti.o ABSOLUTE
    ../fplib/microlib/fpflt.c                0x00000000   Number         0  ffltui.o ABSOLUTE
    ../fplib/microlib/fpmul.c                0x00000000   Number         0  dmul.o ABSOLUTE
    ../fplib/microlib/fpmul.c                0x00000000   Number         0  fmul.o ABSOLUTE
    Device\HAL_Driver\src\cs32l010_hal.c     0x00000000   Number         0  cs32l010_hal.o ABSOLUTE
    Device\HAL_Driver\src\cs32l010_hal_adc.c 0x00000000   Number         0  cs32l010_hal_adc.o ABSOLUTE
    Device\HAL_Driver\src\cs32l010_hal_awk.c 0x00000000   Number         0  cs32l010_hal_awk.o ABSOLUTE
    Device\HAL_Driver\src\cs32l010_hal_basetim.c 0x00000000   Number         0  cs32l010_hal_basetim.o ABSOLUTE
    Device\HAL_Driver\src\cs32l010_hal_beep.c 0x00000000   Number         0  cs32l010_hal_beep.o ABSOLUTE
    Device\HAL_Driver\src\cs32l010_hal_clktrim.c 0x00000000   Number         0  cs32l010_hal_clktrim.o ABSOLUTE
    Device\HAL_Driver\src\cs32l010_hal_cortex.c 0x00000000   Number         0  cs32l010_hal_cortex.o ABSOLUTE
    Device\HAL_Driver\src\cs32l010_hal_crc.c 0x00000000   Number         0  cs32l010_hal_crc.o ABSOLUTE
    Device\HAL_Driver\src\cs32l010_hal_flash.c 0x00000000   Number         0  cs32l010_hal_flash.o ABSOLUTE
    Device\HAL_Driver\src\cs32l010_hal_gpio.c 0x00000000   Number         0  cs32l010_hal_gpio.o ABSOLUTE
    Device\HAL_Driver\src\cs32l010_hal_i2c.c 0x00000000   Number         0  cs32l010_hal_i2c.o ABSOLUTE
    Device\HAL_Driver\src\cs32l010_hal_iwdg.c 0x00000000   Number         0  cs32l010_hal_iwdg.o ABSOLUTE
    Device\HAL_Driver\src\cs32l010_hal_lptim.c 0x00000000   Number         0  cs32l010_hal_lptim.o ABSOLUTE
    Device\HAL_Driver\src\cs32l010_hal_lpuart.c 0x00000000   Number         0  cs32l010_hal_lpuart.o ABSOLUTE
    Device\HAL_Driver\src\cs32l010_hal_lvd.c 0x00000000   Number         0  cs32l010_hal_lvd.o ABSOLUTE
    Device\HAL_Driver\src\cs32l010_hal_owire.c 0x00000000   Number         0  cs32l010_hal_owire.o ABSOLUTE
    Device\HAL_Driver\src\cs32l010_hal_pca.c 0x00000000   Number         0  cs32l010_hal_pca.o ABSOLUTE
    Device\HAL_Driver\src\cs32l010_hal_pwr.c 0x00000000   Number         0  cs32l010_hal_pwr.o ABSOLUTE
    Device\HAL_Driver\src\cs32l010_hal_rcc.c 0x00000000   Number         0  cs32l010_hal_rcc.o ABSOLUTE
    Device\HAL_Driver\src\cs32l010_hal_rtc.c 0x00000000   Number         0  cs32l010_hal_rtc.o ABSOLUTE
    Device\HAL_Driver\src\cs32l010_hal_spi.c 0x00000000   Number         0  cs32l010_hal_spi.o ABSOLUTE
    Device\HAL_Driver\src\cs32l010_hal_tim.c 0x00000000   Number         0  cs32l010_hal_tim.o ABSOLUTE
    Device\HAL_Driver\src\cs32l010_hal_uart.c 0x00000000   Number         0  cs32l010_hal_uart.o ABSOLUTE
    Device\HAL_Driver\src\cs32l010_hal_vc.c  0x00000000   Number         0  cs32l010_hal_vc.o ABSOLUTE
    Device\HAL_Driver\src\cs32l010_hal_wwdg.c 0x00000000   Number         0  cs32l010_hal_wwdg.o ABSOLUTE
    Device\\HAL_Driver\\src\\cs32l010_hal.c  0x00000000   Number         0  cs32l010_hal.o ABSOLUTE
    Device\\HAL_Driver\\src\\cs32l010_hal_adc.c 0x00000000   Number         0  cs32l010_hal_adc.o ABSOLUTE
    Device\\HAL_Driver\\src\\cs32l010_hal_awk.c 0x00000000   Number         0  cs32l010_hal_awk.o ABSOLUTE
    Device\\HAL_Driver\\src\\cs32l010_hal_basetim.c 0x00000000   Number         0  cs32l010_hal_basetim.o ABSOLUTE
    Device\\HAL_Driver\\src\\cs32l010_hal_beep.c 0x00000000   Number         0  cs32l010_hal_beep.o ABSOLUTE
    Device\\HAL_Driver\\src\\cs32l010_hal_clktrim.c 0x00000000   Number         0  cs32l010_hal_clktrim.o ABSOLUTE
    Device\\HAL_Driver\\src\\cs32l010_hal_cortex.c 0x00000000   Number         0  cs32l010_hal_cortex.o ABSOLUTE
    Device\\HAL_Driver\\src\\cs32l010_hal_crc.c 0x00000000   Number         0  cs32l010_hal_crc.o ABSOLUTE
    Device\\HAL_Driver\\src\\cs32l010_hal_flash.c 0x00000000   Number         0  cs32l010_hal_flash.o ABSOLUTE
    Device\\HAL_Driver\\src\\cs32l010_hal_gpio.c 0x00000000   Number         0  cs32l010_hal_gpio.o ABSOLUTE
    Device\\HAL_Driver\\src\\cs32l010_hal_i2c.c 0x00000000   Number         0  cs32l010_hal_i2c.o ABSOLUTE
    Device\\HAL_Driver\\src\\cs32l010_hal_iwdg.c 0x00000000   Number         0  cs32l010_hal_iwdg.o ABSOLUTE
    Device\\HAL_Driver\\src\\cs32l010_hal_lptim.c 0x00000000   Number         0  cs32l010_hal_lptim.o ABSOLUTE
    Device\\HAL_Driver\\src\\cs32l010_hal_lpuart.c 0x00000000   Number         0  cs32l010_hal_lpuart.o ABSOLUTE
    Device\\HAL_Driver\\src\\cs32l010_hal_lvd.c 0x00000000   Number         0  cs32l010_hal_lvd.o ABSOLUTE
    Device\\HAL_Driver\\src\\cs32l010_hal_owire.c 0x00000000   Number         0  cs32l010_hal_owire.o ABSOLUTE
    Device\\HAL_Driver\\src\\cs32l010_hal_pca.c 0x00000000   Number         0  cs32l010_hal_pca.o ABSOLUTE
    Device\\HAL_Driver\\src\\cs32l010_hal_pwr.c 0x00000000   Number         0  cs32l010_hal_pwr.o ABSOLUTE
    Device\\HAL_Driver\\src\\cs32l010_hal_rcc.c 0x00000000   Number         0  cs32l010_hal_rcc.o ABSOLUTE
    Device\\HAL_Driver\\src\\cs32l010_hal_rtc.c 0x00000000   Number         0  cs32l010_hal_rtc.o ABSOLUTE
    Device\\HAL_Driver\\src\\cs32l010_hal_spi.c 0x00000000   Number         0  cs32l010_hal_spi.o ABSOLUTE
    Device\\HAL_Driver\\src\\cs32l010_hal_tim.c 0x00000000   Number         0  cs32l010_hal_tim.o ABSOLUTE
    Device\\HAL_Driver\\src\\cs32l010_hal_uart.c 0x00000000   Number         0  cs32l010_hal_uart.o ABSOLUTE
    Device\\HAL_Driver\\src\\cs32l010_hal_vc.c 0x00000000   Number         0  cs32l010_hal_vc.o ABSOLUTE
    Device\\HAL_Driver\\src\\cs32l010_hal_wwdg.c 0x00000000   Number         0  cs32l010_hal_wwdg.o ABSOLUTE
    Main\\main.c                             0x00000000   Number         0  main.o ABSOLUTE
    Main\main.c                              0x00000000   Number         0  main.o ABSOLUTE
    RTE\Device\CS32L010\startup_cs32l010.s   0x00000000   Number         0  startup_cs32l010.o ABSOLUTE
    RTE\Device\CS32L010\system_cs32l010.c    0x00000000   Number         0  system_cs32l010.o ABSOLUTE
    RTE\\Device\\CS32L010\\system_cs32l010.c 0x00000000   Number         0  system_cs32l010.o ABSOLUTE
    User\DFRobot_REG_Operation.c             0x00000000   Number         0  dfrobot_reg_operation.o ABSOLUTE
    User\DFRobot_RTU_Parse.c                 0x00000000   Number         0  dfrobot_rtu_parse.o ABSOLUTE
    User\DFRobot_RTU_Timer.c                 0x00000000   Number         0  dfrobot_rtu_timer.o ABSOLUTE
    User\DFRobot_RTU_User.c                  0x00000000   Number         0  dfrobot_rtu_user.o ABSOLUTE
    User\DFRobot_TCS3430.c                   0x00000000   Number         0  dfrobot_tcs3430.o ABSOLUTE
    User\\DFRobot_REG_Operation.c            0x00000000   Number         0  dfrobot_reg_operation.o ABSOLUTE
    User\\DFRobot_RTU_Parse.c                0x00000000   Number         0  dfrobot_rtu_parse.o ABSOLUTE
    User\\DFRobot_RTU_User.c                 0x00000000   Number         0  dfrobot_rtu_user.o ABSOLUTE
    User\\DFRobot_TCS3430.c                  0x00000000   Number         0  dfrobot_tcs3430.o ABSOLUTE
    User\\cs32l010_hal_msp.c                 0x00000000   Number         0  cs32l010_hal_msp.o ABSOLUTE
    User\\cs32l010_it.c                      0x00000000   Number         0  cs32l010_it.o ABSOLUTE
    User\\log.c                              0x00000000   Number         0  log.o ABSOLUTE
    User\cs32l010_hal_msp.c                  0x00000000   Number         0  cs32l010_hal_msp.o ABSOLUTE
    User\cs32l010_it.c                       0x00000000   Number         0  cs32l010_it.o ABSOLUTE
    User\log.c                               0x00000000   Number         0  log.o ABSOLUTE
    cdcmple.s                                0x00000000   Number         0  cdcmple.o ABSOLUTE
    cdrcmple.s                               0x00000000   Number         0  cdrcmple.o ABSOLUTE
    dc.s                                     0x00000000   Number         0  dc.o ABSOLUTE
    handlers.s                               0x00000000   Number         0  handlers.o ABSOLUTE
    init.s                                   0x00000000   Number         0  init.o ABSOLUTE
    .ARM.Collect$$$$00000000                 0x000000c0   Section        0  entry.o(.ARM.Collect$$$$00000000)
    .ARM.Collect$$$$00000001                 0x000000c0   Section        4  entry2.o(.ARM.Collect$$$$00000001)
    .ARM.Collect$$$$00000004                 0x000000c4   Section        4  entry5.o(.ARM.Collect$$$$00000004)
    .ARM.Collect$$$$00000008                 0x000000c8   Section        0  entry7b.o(.ARM.Collect$$$$00000008)
    .ARM.Collect$$$$0000000A                 0x000000c8   Section        0  entry8b.o(.ARM.Collect$$$$0000000A)
    .ARM.Collect$$$$0000000B                 0x000000c8   Section        8  entry9a.o(.ARM.Collect$$$$0000000B)
    .ARM.Collect$$$$0000000D                 0x000000d0   Section        0  entry10a.o(.ARM.Collect$$$$0000000D)
    .ARM.Collect$$$$0000000F                 0x000000d0   Section        0  entry11a.o(.ARM.Collect$$$$0000000F)
    .ARM.Collect$$$$00002712                 0x000000d0   Section        4  entry2.o(.ARM.Collect$$$$00002712)
    __lit__00000000                          0x000000d0   Data           4  entry2.o(.ARM.Collect$$$$00002712)
    .text                                    0x000000d4   Section       28  startup_cs32l010.o(.text)
    .text                                    0x000000f0   Section        0  uidiv.o(.text)
    .text                                    0x0000011c   Section        0  idiv.o(.text)
    .text                                    0x00000144   Section        0  llushr.o(.text)
    .text                                    0x00000166   Section        0  memcpya.o(.text)
    .text                                    0x0000018a   Section        0  memseta.o(.text)
    .text                                    0x000001ae   Section        0  fadd.o(.text)
    .text                                    0x00000260   Section        0  fmul.o(.text)
    .text                                    0x000002da   Section        0  fdiv.o(.text)
    .text                                    0x00000358   Section        0  dadd.o(.text)
    .text                                    0x000004bc   Section        0  dmul.o(.text)
    .text                                    0x0000058c   Section        0  ddiv.o(.text)
    .text                                    0x0000067c   Section        0  ffltui.o(.text)
    .text                                    0x0000068c   Section        0  dflti.o(.text)
    .text                                    0x000006b4   Section        0  dfltui.o(.text)
    .text                                    0x000006d0   Section        0  ffixui.o(.text)
    .text                                    0x000006f8   Section        0  dfixui.o(.text)
    .text                                    0x00000734   Section        0  f2d.o(.text)
    .text                                    0x0000075c   Section       40  cdcmple.o(.text)
    .text                                    0x00000784   Section       40  cdrcmple.o(.text)
    .text                                    0x000007ac   Section        0  d2f.o(.text)
    .text                                    0x000007e4   Section        0  uldiv.o(.text)
    .text                                    0x00000844   Section        0  llshl.o(.text)
    .text                                    0x00000864   Section        0  llsshr.o(.text)
    .text                                    0x0000088a   Section        0  iusefp.o(.text)
    .text                                    0x0000088a   Section        0  fepilogue.o(.text)
    .text                                    0x0000090c   Section        0  depilogue.o(.text)
    .text                                    0x000009cc   Section       36  init.o(.text)
    i.ADC_IRQHandler                         0x000009f0   Section        0  cs32l010_it.o(i.ADC_IRQHandler)
    i.AWK_IRQHandler                         0x000009f2   Section        0  cs32l010_it.o(i.AWK_IRQHandler)
    i.CLKTRIM_IRQHandler                     0x000009f4   Section        0  cs32l010_it.o(i.CLKTRIM_IRQHandler)
    i.Calculate_CRC                          0x000009f8   Section        0  dfrobot_rtu_parse.o(i.Calculate_CRC)
    i.Calculate_CRC_AND_Response             0x00000a48   Section        0  dfrobot_reg_operation.o(i.Calculate_CRC_AND_Response)
    Calculate_CRC_AND_Response               0x00000a49   Thumb Code    40  dfrobot_reg_operation.o(i.Calculate_CRC_AND_Response)
    i.DFRobotTimerInit                       0x00000a70   Section        0  dfrobot_rtu_timer.o(i.DFRobotTimerInit)
    i.DFRobot_Init_Reg_Attribute             0x00000a84   Section        0  dfrobot_rtu_user.o(i.DFRobot_Init_Reg_Attribute)
    i.DFRobot_RTU_Parse                      0x00000b8c   Section        0  dfrobot_rtu_parse.o(i.DFRobot_RTU_Parse)
    i.DFRobot_RTU_Read_HoldingReg_CB         0x00000cec   Section        0  dfrobot_rtu_user.o(i.DFRobot_RTU_Read_HoldingReg_CB)
    i.DFRobot_RTU_Read_InputReg_CB           0x00000cee   Section        0  dfrobot_rtu_user.o(i.DFRobot_RTU_Read_InputReg_CB)
    i.DFRobot_RTU_Response                   0x00000cf0   Section        0  dfrobot_rtu_user.o(i.DFRobot_RTU_Response)
    i.DFRobot_RTU_Timer_Handle               0x00000d24   Section        0  dfrobot_rtu_timer.o(i.DFRobot_RTU_Timer_Handle)
    i.DFRobot_RTU_Write_HoldingReg_CB        0x00000d34   Section        0  dfrobot_rtu_user.o(i.DFRobot_RTU_Write_HoldingReg_CB)
    i.DFRobot_Read_Reg                       0x00000d94   Section        0  dfrobot_reg_operation.o(i.DFRobot_Read_Reg)
    i.DFRobot_Response_OK                    0x00000e58   Section        0  dfrobot_reg_operation.o(i.DFRobot_Response_OK)
    DFRobot_Response_OK                      0x00000e59   Thumb Code    36  dfrobot_reg_operation.o(i.DFRobot_Response_OK)
    i.DFRobot_Write_Mult_Reg                 0x00000e7c   Section        0  dfrobot_reg_operation.o(i.DFRobot_Write_Mult_Reg)
    i.DFRobot_Write_One_Reg                  0x00000f30   Section        0  dfrobot_reg_operation.o(i.DFRobot_Write_One_Reg)
    i.Error_Handler                          0x00000fa0   Section        0  main.o(i.Error_Handler)
    i.FLASH_IRQHandler                       0x00000fa4   Section        0  cs32l010_it.o(i.FLASH_IRQHandler)
    i.FindHoldingP                           0x00000fa8   Section        0  dfrobot_reg_operation.o(i.FindHoldingP)
    FindHoldingP                             0x00000fa9   Thumb Code    28  dfrobot_reg_operation.o(i.FindHoldingP)
    i.GPIOA_IRQHandler                       0x00000fc8   Section        0  cs32l010_it.o(i.GPIOA_IRQHandler)
    i.GPIOB_IRQHandler                       0x00000fca   Section        0  cs32l010_it.o(i.GPIOB_IRQHandler)
    i.GPIOC_IRQHandler                       0x00000fcc   Section        0  cs32l010_it.o(i.GPIOC_IRQHandler)
    i.GPIOD_IRQHandler                       0x00000fce   Section        0  cs32l010_it.o(i.GPIOD_IRQHandler)
    i.HAL_Delay                              0x00000fd0   Section        0  cs32l010_hal.o(i.HAL_Delay)
    i.HAL_GPIO_Init                          0x00000ffc   Section        0  cs32l010_hal_gpio.o(i.HAL_GPIO_Init)
    i.HAL_GetTick                            0x00001278   Section        0  cs32l010_hal.o(i.HAL_GetTick)
    i.HAL_I2C_ACK_Config                     0x00001284   Section        0  cs32l010_hal_i2c.o(i.HAL_I2C_ACK_Config)
    i.HAL_I2C_Check_Flag                     0x000012a4   Section        0  cs32l010_hal_i2c.o(i.HAL_I2C_Check_Flag)
    i.HAL_I2C_Clear_Interrupt_Flag           0x000012c2   Section        0  cs32l010_hal_i2c.o(i.HAL_I2C_Clear_Interrupt_Flag)
    i.HAL_I2C_Get_Interrupt_Flag             0x000012d0   Section        0  cs32l010_hal_i2c.o(i.HAL_I2C_Get_Interrupt_Flag)
    i.HAL_I2C_Init                           0x000012de   Section        0  cs32l010_hal_i2c.o(i.HAL_I2C_Init)
    i.HAL_I2C_Master_Receive                 0x000013d0   Section        0  cs32l010_hal_i2c.o(i.HAL_I2C_Master_Receive)
    i.HAL_I2C_Master_Transmit                0x000014e2   Section        0  cs32l010_hal_i2c.o(i.HAL_I2C_Master_Transmit)
    i.HAL_I2C_MspInit                        0x00001594   Section        0  cs32l010_hal_i2c.o(i.HAL_I2C_MspInit)
    i.HAL_I2C_Receive_Byte                   0x00001596   Section        0  cs32l010_hal_i2c.o(i.HAL_I2C_Receive_Byte)
    i.HAL_I2C_Send_Address                   0x0000159e   Section        0  cs32l010_hal_i2c.o(i.HAL_I2C_Send_Address)
    i.HAL_I2C_Send_Byte                      0x000015c8   Section        0  cs32l010_hal_i2c.o(i.HAL_I2C_Send_Byte)
    i.HAL_I2C_Start_Config                   0x000015da   Section        0  cs32l010_hal_i2c.o(i.HAL_I2C_Start_Config)
    i.HAL_I2C_Stop_Config                    0x000015fa   Section        0  cs32l010_hal_i2c.o(i.HAL_I2C_Stop_Config)
    i.HAL_I2C_Wait_Flag                      0x00001626   Section        0  cs32l010_hal_i2c.o(i.HAL_I2C_Wait_Flag)
    i.HAL_IncTick                            0x00001660   Section        0  cs32l010_hal.o(i.HAL_IncTick)
    i.HAL_Init                               0x00001678   Section        0  cs32l010_hal.o(i.HAL_Init)
    i.HAL_InitTick                           0x00001688   Section        0  cs32l010_hal.o(i.HAL_InitTick)
    i.HAL_MspInit                            0x000016dc   Section        0  cs32l010_hal_msp.o(i.HAL_MspInit)
    i.HAL_NVIC_EnableIRQ                     0x000016e0   Section        0  cs32l010_hal_cortex.o(i.HAL_NVIC_EnableIRQ)
    i.HAL_NVIC_SetPriority                   0x000016f8   Section        0  cs32l010_hal_cortex.o(i.HAL_NVIC_SetPriority)
    i.HAL_RCC_ClockConfig                    0x00001708   Section        0  cs32l010_hal_rcc.o(i.HAL_RCC_ClockConfig)
    i.HAL_RCC_GetHCLKFreq                    0x000018e0   Section        0  cs32l010_hal_rcc.o(i.HAL_RCC_GetHCLKFreq)
    i.HAL_RCC_GetPCLKFreq                    0x000018ec   Section        0  cs32l010_hal_rcc.o(i.HAL_RCC_GetPCLKFreq)
    i.HAL_RCC_GetSysClockFreq                0x00001914   Section        0  cs32l010_hal_rcc.o(i.HAL_RCC_GetSysClockFreq)
    i.HAL_RCC_OscConfig                      0x000019c8   Section        0  cs32l010_hal_rcc.o(i.HAL_RCC_OscConfig)
    i.HAL_SYSTICK_Config                     0x00001e38   Section        0  cs32l010_hal_cortex.o(i.HAL_SYSTICK_Config)
    i.HAL_TIM_Base_Init                      0x00001e70   Section        0  cs32l010_hal_tim.o(i.HAL_TIM_Base_Init)
    i.HAL_TIM_Base_MspInit                   0x00001e9e   Section        0  cs32l010_hal_tim.o(i.HAL_TIM_Base_MspInit)
    i.HAL_TIM_Base_Start_IT                  0x00001ea0   Section        0  cs32l010_hal_tim.o(i.HAL_TIM_Base_Start_IT)
    i.HAL_TIM_BreakCallback                  0x00001ebe   Section        0  cs32l010_hal_tim.o(i.HAL_TIM_BreakCallback)
    i.HAL_TIM_CommutationCallback            0x00001ec0   Section        0  cs32l010_hal_tim.o(i.HAL_TIM_CommutationCallback)
    i.HAL_TIM_IC_CaptureCallback             0x00001ec2   Section        0  cs32l010_hal_tim.o(i.HAL_TIM_IC_CaptureCallback)
    i.HAL_TIM_IRQHandler                     0x00001ec4   Section        0  cs32l010_hal_tim.o(i.HAL_TIM_IRQHandler)
    i.HAL_TIM_OC_DelayElapsedCallback        0x0000208c   Section        0  cs32l010_hal_tim.o(i.HAL_TIM_OC_DelayElapsedCallback)
    i.HAL_TIM_PWM_PulseFinishedCallback      0x0000208e   Section        0  cs32l010_hal_tim.o(i.HAL_TIM_PWM_PulseFinishedCallback)
    i.HAL_TIM_PeriodElapsedCallback          0x00002090   Section        0  cs32l010_hal_tim.o(i.HAL_TIM_PeriodElapsedCallback)
    i.HAL_TIM_TriggerCallback                0x00002092   Section        0  cs32l010_hal_tim.o(i.HAL_TIM_TriggerCallback)
    i.HAL_UART_ErrorCallback                 0x00002094   Section        0  cs32l010_hal_uart.o(i.HAL_UART_ErrorCallback)
    i.HAL_UART_IRQHandler                    0x00002096   Section        0  cs32l010_hal_uart.o(i.HAL_UART_IRQHandler)
    i.HAL_UART_Init                          0x00002136   Section        0  cs32l010_hal_uart.o(i.HAL_UART_Init)
    i.HAL_UART_MspInit                       0x00002174   Section        0  main.o(i.HAL_UART_MspInit)
    i.HAL_UART_Receive_IT                    0x000021c0   Section        0  cs32l010_hal_uart.o(i.HAL_UART_Receive_IT)
    i.HAL_UART_RxCpltCallback                0x0000221c   Section        0  main.o(i.HAL_UART_RxCpltCallback)
    i.HAL_UART_Transmit                      0x0000225c   Section        0  cs32l010_hal_uart.o(i.HAL_UART_Transmit)
    i.HAL_UART_Transmit_IT                   0x00002380   Section        0  cs32l010_hal_uart.o(i.HAL_UART_Transmit_IT)
    i.HAL_UART_TxCpltCallback                0x00002448   Section        0  dfrobot_rtu_user.o(i.HAL_UART_TxCpltCallback)
    i.HardFault_Handler                      0x00002468   Section        0  cs32l010_it.o(i.HardFault_Handler)
    i.I2C_IRQHandler                         0x0000246c   Section        0  cs32l010_it.o(i.I2C_IRQHandler)
    i.I2C_Read_Data                          0x00002470   Section        0  dfrobot_tcs3430.o(i.I2C_Read_Data)
    i.I2C_Write_Data                         0x0000249c   Section        0  dfrobot_tcs3430.o(i.I2C_Write_Data)
    i.IWDG_IRQHandler                        0x000024e4   Section        0  cs32l010_it.o(i.IWDG_IRQHandler)
    i.LPTIM_IRQHandler                       0x000024e6   Section        0  cs32l010_it.o(i.LPTIM_IRQHandler)
    i.LPUART_IRQHandler                      0x000024e8   Section        0  cs32l010_it.o(i.LPUART_IRQHandler)
    i.LVD_IRQHandler                         0x000024ea   Section        0  cs32l010_it.o(i.LVD_IRQHandler)
    i.Log_UART_SetConfig                     0x000024ec   Section        0  log.o(i.Log_UART_SetConfig)
    Log_UART_SetConfig                       0x000024ed   Thumb Code    82  log.o(i.Log_UART_SetConfig)
    i.NMI_Handler                            0x0000253e   Section        0  cs32l010_it.o(i.NMI_Handler)
    i.NVIC_SetPriority                       0x00002540   Section        0  cs32l010_hal_cortex.o(i.NVIC_SetPriority)
    NVIC_SetPriority                         0x00002541   Thumb Code   110  cs32l010_hal_cortex.o(i.NVIC_SetPriority)
    i.OWIRE_IRQHandler                       0x000025b8   Section        0  cs32l010_it.o(i.OWIRE_IRQHandler)
    i.PCA_IRQHandler                         0x000025ba   Section        0  cs32l010_it.o(i.PCA_IRQHandler)
    i.PendSV_Handler                         0x000025bc   Section        0  cs32l010_it.o(i.PendSV_Handler)
    i.RCC_Delay                              0x000025c0   Section        0  cs32l010_hal_rcc.o(i.RCC_Delay)
    RCC_Delay                                0x000025c1   Thumb Code    38  cs32l010_hal_rcc.o(i.RCC_Delay)
    i.RTC_IRQHandler                         0x000025ec   Section        0  cs32l010_it.o(i.RTC_IRQHandler)
    i.SPI_IRQHandler                         0x000025ee   Section        0  cs32l010_it.o(i.SPI_IRQHandler)
    i.SVC_Handler                            0x000025f0   Section        0  cs32l010_it.o(i.SVC_Handler)
    i.SerialInit                             0x000025f4   Section        0  log.o(i.SerialInit)
    SerialInit                               0x000025f5   Thumb Code   144  log.o(i.SerialInit)
    i.SerialSend                             0x00002690   Section        0  log.o(i.SerialSend)
    SerialSend                               0x00002691   Thumb Code    18  log.o(i.SerialSend)
    i.SysTick_Handler                        0x000026a8   Section        0  cs32l010_it.o(i.SysTick_Handler)
    i.SystemClock_Config                     0x000026b0   Section        0  main.o(i.SystemClock_Config)
    i.SystemInit                             0x00002704   Section        0  system_cs32l010.o(i.SystemInit)
    i.TIM10_IRQHandler                       0x00002744   Section        0  cs32l010_it.o(i.TIM10_IRQHandler)
    i.TIM11_IRQHandler                       0x00002746   Section        0  cs32l010_it.o(i.TIM11_IRQHandler)
    i.TIM1_IRQHandler                        0x00002748   Section        0  cs32l010_it.o(i.TIM1_IRQHandler)
    i.TIM2_IRQHandler                        0x0000274c   Section        0  cs32l010_it.o(i.TIM2_IRQHandler)
    i.TIM_Base_SetConfig                     0x00002760   Section        0  cs32l010_hal_tim.o(i.TIM_Base_SetConfig)
    i.UART0_IRQHandler                       0x000027c8   Section        0  cs32l010_it.o(i.UART0_IRQHandler)
    i.UART1_IRQHandler                       0x000027d8   Section        0  cs32l010_it.o(i.UART1_IRQHandler)
    i.UART_Receive_IT                        0x000027dc   Section        0  cs32l010_hal_uart.o(i.UART_Receive_IT)
    i.UART_SetConfig                         0x000028d8   Section        0  cs32l010_hal_uart.o(i.UART_SetConfig)
    UART_SetConfig                           0x000028d9   Thumb Code    70  cs32l010_hal_uart.o(i.UART_SetConfig)
    i.UART_Transmit_IT                       0x00002920   Section        0  cs32l010_hal_uart.o(i.UART_Transmit_IT)
    i.UART_WaitOnFlagUntilTimeout            0x000029d0   Section        0  cs32l010_hal_uart.o(i.UART_WaitOnFlagUntilTimeout)
    UART_WaitOnFlagUntilTimeout              0x000029d1   Thumb Code    98  cs32l010_hal_uart.o(i.UART_WaitOnFlagUntilTimeout)
    i.UartInit                               0x00002a32   Section        0  log.o(i.UartInit)
    i.VC_IRQHandler                          0x00002a3e   Section        0  cs32l010_it.o(i.VC_IRQHandler)
    i.WWDG_IRQHandler                        0x00002a40   Section        0  cs32l010_it.o(i.WWDG_IRQHandler)
    i.__0printf$5                            0x00002a44   Section        0  printf5.o(i.__0printf$5)
    i.__ARM_clz                              0x00002a64   Section        0  depilogue.o(i.__ARM_clz)
    i.__scatterload_copy                     0x00002a92   Section       14  handlers.o(i.__scatterload_copy)
    i.__scatterload_null                     0x00002aa0   Section        2  handlers.o(i.__scatterload_null)
    i.__scatterload_zeroinit                 0x00002aa2   Section       14  handlers.o(i.__scatterload_zeroinit)
    i._printf_core                           0x00002ab0   Section        0  printf5.o(i._printf_core)
    _printf_core                             0x00002ab1   Thumb Code   688  printf5.o(i._printf_core)
    i.attachHoldingRegister                  0x00002d8c   Section        0  dfrobot_reg_operation.o(i.attachHoldingRegister)
    i.attachInputRegister                    0x00002ddc   Section        0  dfrobot_reg_operation.o(i.attachInputRegister)
    i.fputc                                  0x00002e2c   Section        0  log.o(i.fputc)
    i.free                                   0x00002e3c   Section        0  malloc.o(i.free)
    i.get_Data                               0x00002e90   Section        0  dfrobot_tcs3430.o(i.get_Data)
    i.get_IR2                                0x000034ac   Section        0  dfrobot_tcs3430.o(i.get_IR2)
    i.init_I2C                               0x000035b8   Section        0  dfrobot_tcs3430.o(i.init_I2C)
    i.init_Tcs3430                           0x00003664   Section        0  dfrobot_tcs3430.o(i.init_Tcs3430)
    i.main                                   0x0000384c   Section        0  main.o(i.main)
    i.malloc                                 0x00003a24   Section        0  malloc.o(i.malloc)
    i.timer2_init                            0x00003a90   Section        0  main.o(i.timer2_init)
    .constdata                               0x00003b0c   Section      256  cs32l010_hal_uart.o(.constdata)
    ParityTable256                           0x00003b0c   Data         256  cs32l010_hal_uart.o(.constdata)
    .data                                    0x20000000   Section        7  main.o(.data)
    .data                                    0x20000008   Section       24  dfrobot_reg_operation.o(.data)
    .data                                    0x20000020   Section        5  dfrobot_rtu_parse.o(.data)
    SendData                                 0x20000020   Data           5  dfrobot_rtu_parse.o(.data)
    .data                                    0x20000025   Section        1  dfrobot_rtu_timer.o(.data)
    .data                                    0x20000028   Section       17  dfrobot_rtu_user.o(.data)
    .data                                    0x2000003c   Section       56  dfrobot_tcs3430.o(.data)
    .data                                    0x20000074   Section        9  cs32l010_hal.o(.data)
    .data                                    0x20000080   Section        4  system_cs32l010.o(.data)
    .data                                    0x20000084   Section        4  stdout.o(.data)
    .data                                    0x20000088   Section        4  mvars.o(.data)
    .data                                    0x2000008c   Section        4  mvars.o(.data)
    .bss                                     0x20000090   Section      352  main.o(.bss)
    .bss                                     0x200001f0   Section       26  dfrobot_rtu_user.o(.bss)
    .bss                                     0x2000020c   Section       52  log.o(.bss)
    .bss                                     0x20000240   Section       36  dfrobot_tcs3430.o(.bss)
    HEAP                                     0x20000268   Section      512  startup_cs32l010.o(HEAP)
    STACK                                    0x20000468   Section      512  startup_cs32l010.o(STACK)

    Global Symbols

    Symbol Name                              Value     Ov Type        Size  Object(Section)

    BuildAttributes$$THM_ISAv3M$S$PE$A:L22$X:L11$S22$IEEE1$IW$USESV6$~STKCKD$USESV7$~SHL$OTIME$ROPI$EBA8$MICROLIB$REQ8$PRES8$EABIv2 0x00000000   Number         0  anon$$obj.o ABSOLUTE
    __ARM_use_no_argv                        0x00000000   Number         0  main.o ABSOLUTE
    __Vectors                                0x00000000   Data           4  startup_cs32l010.o(RESET)
    _printf_a                                0x00000000   Number         0  stubs.o ABSOLUTE
    _printf_c                                0x00000000   Number         0  stubs.o ABSOLUTE
    _printf_charcount                        0x00000000   Number         0  stubs.o ABSOLUTE
    _printf_d                                0x00000000   Number         0  stubs.o ABSOLUTE
    _printf_e                                0x00000000   Number         0  stubs.o ABSOLUTE
    _printf_f                                0x00000000   Number         0  stubs.o ABSOLUTE
    _printf_flags                            0x00000000   Number         0  stubs.o ABSOLUTE
    _printf_fp_dec                           0x00000000   Number         0  stubs.o ABSOLUTE
    _printf_fp_hex                           0x00000000   Number         0  stubs.o ABSOLUTE
    _printf_g                                0x00000000   Number         0  stubs.o ABSOLUTE
    _printf_i                                0x00000000   Number         0  stubs.o ABSOLUTE
    _printf_int_dec                          0x00000000   Number         0  stubs.o ABSOLUTE
    _printf_l                                0x00000000   Number         0  stubs.o ABSOLUTE
    _printf_lc                               0x00000000   Number         0  stubs.o ABSOLUTE
    _printf_ll                               0x00000000   Number         0  stubs.o ABSOLUTE
    _printf_lld                              0x00000000   Number         0  stubs.o ABSOLUTE
    _printf_lli                              0x00000000   Number         0  stubs.o ABSOLUTE
    _printf_llo                              0x00000000   Number         0  stubs.o ABSOLUTE
    _printf_llu                              0x00000000   Number         0  stubs.o ABSOLUTE
    _printf_llx                              0x00000000   Number         0  stubs.o ABSOLUTE
    _printf_longlong_dec                     0x00000000   Number         0  stubs.o ABSOLUTE
    _printf_longlong_hex                     0x00000000   Number         0  stubs.o ABSOLUTE
    _printf_longlong_oct                     0x00000000   Number         0  stubs.o ABSOLUTE
    _printf_ls                               0x00000000   Number         0  stubs.o ABSOLUTE
    _printf_mbtowc                           0x00000000   Number         0  stubs.o ABSOLUTE
    _printf_n                                0x00000000   Number         0  stubs.o ABSOLUTE
    _printf_o                                0x00000000   Number         0  stubs.o ABSOLUTE
    _printf_p                                0x00000000   Number         0  stubs.o ABSOLUTE
    _printf_percent                          0x00000000   Number         0  stubs.o ABSOLUTE
    _printf_pre_padding                      0x00000000   Number         0  stubs.o ABSOLUTE
    _printf_return_value                     0x00000000   Number         0  stubs.o ABSOLUTE
    _printf_s                                0x00000000   Number         0  stubs.o ABSOLUTE
    _printf_sizespec                         0x00000000   Number         0  stubs.o ABSOLUTE
    _printf_str                              0x00000000   Number         0  stubs.o ABSOLUTE
    _printf_truncate_signed                  0x00000000   Number         0  stubs.o ABSOLUTE
    _printf_truncate_unsigned                0x00000000   Number         0  stubs.o ABSOLUTE
    _printf_u                                0x00000000   Number         0  stubs.o ABSOLUTE
    _printf_wc                               0x00000000   Number         0  stubs.o ABSOLUTE
    _printf_wctomb                           0x00000000   Number         0  stubs.o ABSOLUTE
    _printf_widthprec                        0x00000000   Number         0  stubs.o ABSOLUTE
    _printf_x                                0x00000000   Number         0  stubs.o ABSOLUTE
    __cpp_initialize__aeabi_                  - Undefined Weak Reference
    __cxa_finalize                            - Undefined Weak Reference
    __decompress                              - Undefined Weak Reference
    _clock_init                               - Undefined Weak Reference
    _microlib_exit                            - Undefined Weak Reference
    __Vectors_End                            0x000000c0   Data           0  startup_cs32l010.o(RESET)
    __Vectors_Size                           0x000000c0   Number         0  startup_cs32l010.o ABSOLUTE
    __main                                   0x000000c1   Thumb Code     0  entry.o(.ARM.Collect$$$$00000000)
    _main_stk                                0x000000c1   Thumb Code     0  entry2.o(.ARM.Collect$$$$00000001)
    _main_scatterload                        0x000000c5   Thumb Code     0  entry5.o(.ARM.Collect$$$$00000004)
    __main_after_scatterload                 0x000000c9   Thumb Code     0  entry5.o(.ARM.Collect$$$$00000004)
    _main_clock                              0x000000c9   Thumb Code     0  entry7b.o(.ARM.Collect$$$$00000008)
    _main_cpp_init                           0x000000c9   Thumb Code     0  entry8b.o(.ARM.Collect$$$$0000000A)
    _main_init                               0x000000c9   Thumb Code     0  entry9a.o(.ARM.Collect$$$$0000000B)
    __rt_final_cpp                           0x000000d1   Thumb Code     0  entry10a.o(.ARM.Collect$$$$0000000D)
    __rt_final_exit                          0x000000d1   Thumb Code     0  entry11a.o(.ARM.Collect$$$$0000000F)
    Reset_Handler                            0x000000d5   Thumb Code     8  startup_cs32l010.o(.text)
    __aeabi_uidiv                            0x000000f1   Thumb Code     0  uidiv.o(.text)
    __aeabi_uidivmod                         0x000000f1   Thumb Code    44  uidiv.o(.text)
    __aeabi_idiv                             0x0000011d   Thumb Code     0  idiv.o(.text)
    __aeabi_idivmod                          0x0000011d   Thumb Code    40  idiv.o(.text)
    __aeabi_llsr                             0x00000145   Thumb Code    34  llushr.o(.text)
    _ll_ushift_r                             0x00000145   Thumb Code     0  llushr.o(.text)
    __aeabi_memcpy                           0x00000167   Thumb Code    36  memcpya.o(.text)
    __aeabi_memcpy4                          0x00000167   Thumb Code     0  memcpya.o(.text)
    __aeabi_memcpy8                          0x00000167   Thumb Code     0  memcpya.o(.text)
    __aeabi_memset                           0x0000018b   Thumb Code    14  memseta.o(.text)
    __aeabi_memset4                          0x0000018b   Thumb Code     0  memseta.o(.text)
    __aeabi_memset8                          0x0000018b   Thumb Code     0  memseta.o(.text)
    __aeabi_memclr                           0x00000199   Thumb Code     4  memseta.o(.text)
    __aeabi_memclr4                          0x00000199   Thumb Code     0  memseta.o(.text)
    __aeabi_memclr8                          0x00000199   Thumb Code     0  memseta.o(.text)
    _memset$wrapper                          0x0000019d   Thumb Code    18  memseta.o(.text)
    __aeabi_fadd                             0x000001af   Thumb Code   162  fadd.o(.text)
    __aeabi_fsub                             0x00000251   Thumb Code     8  fadd.o(.text)
    __aeabi_frsub                            0x00000259   Thumb Code     8  fadd.o(.text)
    __aeabi_fmul                             0x00000261   Thumb Code   122  fmul.o(.text)
    __aeabi_fdiv                             0x000002db   Thumb Code   124  fdiv.o(.text)
    __aeabi_dadd                             0x00000359   Thumb Code   328  dadd.o(.text)
    __aeabi_dsub                             0x000004a1   Thumb Code    12  dadd.o(.text)
    __aeabi_drsub                            0x000004ad   Thumb Code    12  dadd.o(.text)
    __aeabi_dmul                             0x000004bd   Thumb Code   202  dmul.o(.text)
    __aeabi_ddiv                             0x0000058d   Thumb Code   234  ddiv.o(.text)
    __aeabi_ui2f                             0x0000067d   Thumb Code    14  ffltui.o(.text)
    __aeabi_i2d                              0x0000068d   Thumb Code    34  dflti.o(.text)
    __aeabi_ui2d                             0x000006b5   Thumb Code    24  dfltui.o(.text)
    __aeabi_f2uiz                            0x000006d1   Thumb Code    40  ffixui.o(.text)
    __aeabi_d2uiz                            0x000006f9   Thumb Code    50  dfixui.o(.text)
    __aeabi_f2d                              0x00000735   Thumb Code    40  f2d.o(.text)
    __aeabi_cdcmpeq                          0x0000075d   Thumb Code     0  cdcmple.o(.text)
    __aeabi_cdcmple                          0x0000075d   Thumb Code    38  cdcmple.o(.text)
    __aeabi_cdrcmple                         0x00000785   Thumb Code    38  cdrcmple.o(.text)
    __aeabi_d2f                              0x000007ad   Thumb Code    56  d2f.o(.text)
    __aeabi_uldivmod                         0x000007e5   Thumb Code    96  uldiv.o(.text)
    __aeabi_llsl                             0x00000845   Thumb Code    32  llshl.o(.text)
    _ll_shift_l                              0x00000845   Thumb Code     0  llshl.o(.text)
    __aeabi_lasr                             0x00000865   Thumb Code    38  llsshr.o(.text)
    _ll_sshift_r                             0x00000865   Thumb Code     0  llsshr.o(.text)
    __I$use$fp                               0x0000088b   Thumb Code     0  iusefp.o(.text)
    _float_round                             0x0000088b   Thumb Code    16  fepilogue.o(.text)
    _float_epilogue                          0x0000089b   Thumb Code   114  fepilogue.o(.text)
    _double_round                            0x0000090d   Thumb Code    26  depilogue.o(.text)
    _double_epilogue                         0x00000927   Thumb Code   164  depilogue.o(.text)
    __scatterload                            0x000009cd   Thumb Code    28  init.o(.text)
    __scatterload_rt2                        0x000009cd   Thumb Code     0  init.o(.text)
    ADC_IRQHandler                           0x000009f1   Thumb Code     2  cs32l010_it.o(i.ADC_IRQHandler)
    AWK_IRQHandler                           0x000009f3   Thumb Code     2  cs32l010_it.o(i.AWK_IRQHandler)
    CLKTRIM_IRQHandler                       0x000009f5   Thumb Code     2  cs32l010_it.o(i.CLKTRIM_IRQHandler)
    Calculate_CRC                            0x000009f9   Thumb Code    72  dfrobot_rtu_parse.o(i.Calculate_CRC)
    DFRobotTimerInit                         0x00000a71   Thumb Code    14  dfrobot_rtu_timer.o(i.DFRobotTimerInit)
    DFRobot_Init_Reg_Attribute               0x00000a85   Thumb Code   248  dfrobot_rtu_user.o(i.DFRobot_Init_Reg_Attribute)
    DFRobot_RTU_Parse                        0x00000b8d   Thumb Code   342  dfrobot_rtu_parse.o(i.DFRobot_RTU_Parse)
    DFRobot_RTU_Read_HoldingReg_CB           0x00000ced   Thumb Code     2  dfrobot_rtu_user.o(i.DFRobot_RTU_Read_HoldingReg_CB)
    DFRobot_RTU_Read_InputReg_CB             0x00000cef   Thumb Code     2  dfrobot_rtu_user.o(i.DFRobot_RTU_Read_InputReg_CB)
    DFRobot_RTU_Response                     0x00000cf1   Thumb Code    42  dfrobot_rtu_user.o(i.DFRobot_RTU_Response)
    DFRobot_RTU_Timer_Handle                 0x00000d25   Thumb Code    12  dfrobot_rtu_timer.o(i.DFRobot_RTU_Timer_Handle)
    DFRobot_RTU_Write_HoldingReg_CB          0x00000d35   Thumb Code    86  dfrobot_rtu_user.o(i.DFRobot_RTU_Write_HoldingReg_CB)
    DFRobot_Read_Reg                         0x00000d95   Thumb Code   188  dfrobot_reg_operation.o(i.DFRobot_Read_Reg)
    DFRobot_Write_Mult_Reg                   0x00000e7d   Thumb Code   180  dfrobot_reg_operation.o(i.DFRobot_Write_Mult_Reg)
    DFRobot_Write_One_Reg                    0x00000f31   Thumb Code   108  dfrobot_reg_operation.o(i.DFRobot_Write_One_Reg)
    Error_Handler                            0x00000fa1   Thumb Code     4  main.o(i.Error_Handler)
    FLASH_IRQHandler                         0x00000fa5   Thumb Code     2  cs32l010_it.o(i.FLASH_IRQHandler)
    GPIOA_IRQHandler                         0x00000fc9   Thumb Code     2  cs32l010_it.o(i.GPIOA_IRQHandler)
    GPIOB_IRQHandler                         0x00000fcb   Thumb Code     2  cs32l010_it.o(i.GPIOB_IRQHandler)
    GPIOC_IRQHandler                         0x00000fcd   Thumb Code     2  cs32l010_it.o(i.GPIOC_IRQHandler)
    GPIOD_IRQHandler                         0x00000fcf   Thumb Code     2  cs32l010_it.o(i.GPIOD_IRQHandler)
    HAL_Delay                                0x00000fd1   Thumb Code    38  cs32l010_hal.o(i.HAL_Delay)
    HAL_GPIO_Init                            0x00000ffd   Thumb Code   636  cs32l010_hal_gpio.o(i.HAL_GPIO_Init)
    HAL_GetTick                              0x00001279   Thumb Code     6  cs32l010_hal.o(i.HAL_GetTick)
    HAL_I2C_ACK_Config                       0x00001285   Thumb Code    32  cs32l010_hal_i2c.o(i.HAL_I2C_ACK_Config)
    HAL_I2C_Check_Flag                       0x000012a5   Thumb Code    30  cs32l010_hal_i2c.o(i.HAL_I2C_Check_Flag)
    HAL_I2C_Clear_Interrupt_Flag             0x000012c3   Thumb Code    14  cs32l010_hal_i2c.o(i.HAL_I2C_Clear_Interrupt_Flag)
    HAL_I2C_Get_Interrupt_Flag               0x000012d1   Thumb Code    14  cs32l010_hal_i2c.o(i.HAL_I2C_Get_Interrupt_Flag)
    HAL_I2C_Init                             0x000012df   Thumb Code   242  cs32l010_hal_i2c.o(i.HAL_I2C_Init)
    HAL_I2C_Master_Receive                   0x000013d1   Thumb Code   274  cs32l010_hal_i2c.o(i.HAL_I2C_Master_Receive)
    HAL_I2C_Master_Transmit                  0x000014e3   Thumb Code   178  cs32l010_hal_i2c.o(i.HAL_I2C_Master_Transmit)
    HAL_I2C_MspInit                          0x00001595   Thumb Code     2  cs32l010_hal_i2c.o(i.HAL_I2C_MspInit)
    HAL_I2C_Receive_Byte                     0x00001597   Thumb Code     8  cs32l010_hal_i2c.o(i.HAL_I2C_Receive_Byte)
    HAL_I2C_Send_Address                     0x0000159f   Thumb Code    42  cs32l010_hal_i2c.o(i.HAL_I2C_Send_Address)
    HAL_I2C_Send_Byte                        0x000015c9   Thumb Code    18  cs32l010_hal_i2c.o(i.HAL_I2C_Send_Byte)
    HAL_I2C_Start_Config                     0x000015db   Thumb Code    32  cs32l010_hal_i2c.o(i.HAL_I2C_Start_Config)
    HAL_I2C_Stop_Config                      0x000015fb   Thumb Code    44  cs32l010_hal_i2c.o(i.HAL_I2C_Stop_Config)
    HAL_I2C_Wait_Flag                        0x00001627   Thumb Code    58  cs32l010_hal_i2c.o(i.HAL_I2C_Wait_Flag)
    HAL_IncTick                              0x00001661   Thumb Code    16  cs32l010_hal.o(i.HAL_IncTick)
    HAL_Init                                 0x00001679   Thumb Code    16  cs32l010_hal.o(i.HAL_Init)
    HAL_InitTick                             0x00001689   Thumb Code    70  cs32l010_hal.o(i.HAL_InitTick)
    HAL_MspInit                              0x000016dd   Thumb Code     2  cs32l010_hal_msp.o(i.HAL_MspInit)
    HAL_NVIC_EnableIRQ                       0x000016e1   Thumb Code    18  cs32l010_hal_cortex.o(i.HAL_NVIC_EnableIRQ)
    HAL_NVIC_SetPriority                     0x000016f9   Thumb Code    16  cs32l010_hal_cortex.o(i.HAL_NVIC_SetPriority)
    HAL_RCC_ClockConfig                      0x00001709   Thumb Code   446  cs32l010_hal_rcc.o(i.HAL_RCC_ClockConfig)
    HAL_RCC_GetHCLKFreq                      0x000018e1   Thumb Code     6  cs32l010_hal_rcc.o(i.HAL_RCC_GetHCLKFreq)
    HAL_RCC_GetPCLKFreq                      0x000018ed   Thumb Code    34  cs32l010_hal_rcc.o(i.HAL_RCC_GetPCLKFreq)
    HAL_RCC_GetSysClockFreq                  0x00001915   Thumb Code   150  cs32l010_hal_rcc.o(i.HAL_RCC_GetSysClockFreq)
    HAL_RCC_OscConfig                        0x000019c9   Thumb Code  1126  cs32l010_hal_rcc.o(i.HAL_RCC_OscConfig)
    HAL_SYSTICK_Config                       0x00001e39   Thumb Code    46  cs32l010_hal_cortex.o(i.HAL_SYSTICK_Config)
    HAL_TIM_Base_Init                        0x00001e71   Thumb Code    46  cs32l010_hal_tim.o(i.HAL_TIM_Base_Init)
    HAL_TIM_Base_MspInit                     0x00001e9f   Thumb Code     2  cs32l010_hal_tim.o(i.HAL_TIM_Base_MspInit)
    HAL_TIM_Base_Start_IT                    0x00001ea1   Thumb Code    30  cs32l010_hal_tim.o(i.HAL_TIM_Base_Start_IT)
    HAL_TIM_BreakCallback                    0x00001ebf   Thumb Code     2  cs32l010_hal_tim.o(i.HAL_TIM_BreakCallback)
    HAL_TIM_CommutationCallback              0x00001ec1   Thumb Code     2  cs32l010_hal_tim.o(i.HAL_TIM_CommutationCallback)
    HAL_TIM_IC_CaptureCallback               0x00001ec3   Thumb Code     2  cs32l010_hal_tim.o(i.HAL_TIM_IC_CaptureCallback)
    HAL_TIM_IRQHandler                       0x00001ec5   Thumb Code   456  cs32l010_hal_tim.o(i.HAL_TIM_IRQHandler)
    HAL_TIM_OC_DelayElapsedCallback          0x0000208d   Thumb Code     2  cs32l010_hal_tim.o(i.HAL_TIM_OC_DelayElapsedCallback)
    HAL_TIM_PWM_PulseFinishedCallback        0x0000208f   Thumb Code     2  cs32l010_hal_tim.o(i.HAL_TIM_PWM_PulseFinishedCallback)
    HAL_TIM_PeriodElapsedCallback            0x00002091   Thumb Code     2  cs32l010_hal_tim.o(i.HAL_TIM_PeriodElapsedCallback)
    HAL_TIM_TriggerCallback                  0x00002093   Thumb Code     2  cs32l010_hal_tim.o(i.HAL_TIM_TriggerCallback)
    HAL_UART_ErrorCallback                   0x00002095   Thumb Code     2  cs32l010_hal_uart.o(i.HAL_UART_ErrorCallback)
    HAL_UART_IRQHandler                      0x00002097   Thumb Code   160  cs32l010_hal_uart.o(i.HAL_UART_IRQHandler)
    HAL_UART_Init                            0x00002137   Thumb Code    62  cs32l010_hal_uart.o(i.HAL_UART_Init)
    HAL_UART_MspInit                         0x00002175   Thumb Code    70  main.o(i.HAL_UART_MspInit)
    HAL_UART_Receive_IT                      0x000021c1   Thumb Code    92  cs32l010_hal_uart.o(i.HAL_UART_Receive_IT)
    HAL_UART_RxCpltCallback                  0x0000221d   Thumb Code    44  main.o(i.HAL_UART_RxCpltCallback)
    HAL_UART_Transmit                        0x0000225d   Thumb Code   286  cs32l010_hal_uart.o(i.HAL_UART_Transmit)
    HAL_UART_Transmit_IT                     0x00002381   Thumb Code   196  cs32l010_hal_uart.o(i.HAL_UART_Transmit_IT)
    HAL_UART_TxCpltCallback                  0x00002449   Thumb Code    28  dfrobot_rtu_user.o(i.HAL_UART_TxCpltCallback)
    HardFault_Handler                        0x00002469   Thumb Code     4  cs32l010_it.o(i.HardFault_Handler)
    I2C_IRQHandler                           0x0000246d   Thumb Code     2  cs32l010_it.o(i.I2C_IRQHandler)
    I2C_Read_Data                            0x00002471   Thumb Code    40  dfrobot_tcs3430.o(i.I2C_Read_Data)
    I2C_Write_Data                           0x0000249d   Thumb Code    66  dfrobot_tcs3430.o(i.I2C_Write_Data)
    IWDG_IRQHandler                          0x000024e5   Thumb Code     2  cs32l010_it.o(i.IWDG_IRQHandler)
    LPTIM_IRQHandler                         0x000024e7   Thumb Code     2  cs32l010_it.o(i.LPTIM_IRQHandler)
    LPUART_IRQHandler                        0x000024e9   Thumb Code     2  cs32l010_it.o(i.LPUART_IRQHandler)
    LVD_IRQHandler                           0x000024eb   Thumb Code     2  cs32l010_it.o(i.LVD_IRQHandler)
    NMI_Handler                              0x0000253f   Thumb Code     2  cs32l010_it.o(i.NMI_Handler)
    OWIRE_IRQHandler                         0x000025b9   Thumb Code     2  cs32l010_it.o(i.OWIRE_IRQHandler)
    PCA_IRQHandler                           0x000025bb   Thumb Code     2  cs32l010_it.o(i.PCA_IRQHandler)
    PendSV_Handler                           0x000025bd   Thumb Code     2  cs32l010_it.o(i.PendSV_Handler)
    RTC_IRQHandler                           0x000025ed   Thumb Code     2  cs32l010_it.o(i.RTC_IRQHandler)
    SPI_IRQHandler                           0x000025ef   Thumb Code     2  cs32l010_it.o(i.SPI_IRQHandler)
    SVC_Handler                              0x000025f1   Thumb Code     2  cs32l010_it.o(i.SVC_Handler)
    SysTick_Handler                          0x000026a9   Thumb Code     8  cs32l010_it.o(i.SysTick_Handler)
    SystemClock_Config                       0x000026b1   Thumb Code    80  main.o(i.SystemClock_Config)
    SystemInit                               0x00002705   Thumb Code    48  system_cs32l010.o(i.SystemInit)
    TIM10_IRQHandler                         0x00002745   Thumb Code     2  cs32l010_it.o(i.TIM10_IRQHandler)
    TIM11_IRQHandler                         0x00002747   Thumb Code     2  cs32l010_it.o(i.TIM11_IRQHandler)
    TIM1_IRQHandler                          0x00002749   Thumb Code     2  cs32l010_it.o(i.TIM1_IRQHandler)
    TIM2_IRQHandler                          0x0000274d   Thumb Code    14  cs32l010_it.o(i.TIM2_IRQHandler)
    TIM_Base_SetConfig                       0x00002761   Thumb Code    94  cs32l010_hal_tim.o(i.TIM_Base_SetConfig)
    UART0_IRQHandler                         0x000027c9   Thumb Code    10  cs32l010_it.o(i.UART0_IRQHandler)
    UART1_IRQHandler                         0x000027d9   Thumb Code     2  cs32l010_it.o(i.UART1_IRQHandler)
    UART_Receive_IT                          0x000027dd   Thumb Code   246  cs32l010_hal_uart.o(i.UART_Receive_IT)
    UART_Transmit_IT                         0x00002921   Thumb Code   170  cs32l010_hal_uart.o(i.UART_Transmit_IT)
    UartInit                                 0x00002a33   Thumb Code    12  log.o(i.UartInit)
    VC_IRQHandler                            0x00002a3f   Thumb Code     2  cs32l010_it.o(i.VC_IRQHandler)
    WWDG_IRQHandler                          0x00002a41   Thumb Code     2  cs32l010_it.o(i.WWDG_IRQHandler)
    __0printf$5                              0x00002a45   Thumb Code    24  printf5.o(i.__0printf$5)
    __1printf$5                              0x00002a45   Thumb Code     0  printf5.o(i.__0printf$5)
    __2printf                                0x00002a45   Thumb Code     0  printf5.o(i.__0printf$5)
    __ARM_clz                                0x00002a65   Thumb Code    46  depilogue.o(i.__ARM_clz)
    __scatterload_copy                       0x00002a93   Thumb Code    14  handlers.o(i.__scatterload_copy)
    __scatterload_null                       0x00002aa1   Thumb Code     2  handlers.o(i.__scatterload_null)
    __scatterload_zeroinit                   0x00002aa3   Thumb Code    14  handlers.o(i.__scatterload_zeroinit)
    attachHoldingRegister                    0x00002d8d   Thumb Code    72  dfrobot_reg_operation.o(i.attachHoldingRegister)
    attachInputRegister                      0x00002ddd   Thumb Code    72  dfrobot_reg_operation.o(i.attachInputRegister)
    fputc                                    0x00002e2d   Thumb Code    16  log.o(i.fputc)
    free                                     0x00002e3d   Thumb Code    80  malloc.o(i.free)
    get_Data                                 0x00002e91   Thumb Code  1490  dfrobot_tcs3430.o(i.get_Data)
    get_IR2                                  0x000034ad   Thumb Code   244  dfrobot_tcs3430.o(i.get_IR2)
    init_I2C                                 0x000035b9   Thumb Code   134  dfrobot_tcs3430.o(i.init_I2C)
    init_Tcs3430                             0x00003665   Thumb Code   380  dfrobot_tcs3430.o(i.init_Tcs3430)
    main                                     0x0000384d   Thumb Code   434  main.o(i.main)
    malloc                                   0x00003a25   Thumb Code    92  malloc.o(i.malloc)
    timer2_init                              0x00003a91   Thumb Code   106  main.o(i.timer2_init)
    Region$$Table$$Base                      0x00003c0c   Number         0  anon$$obj.o(Region$$Table)
    Region$$Table$$Limit                     0x00003c2c   Number         0  anon$$obj.o(Region$$Table)
    readCount                                0x20000000   Data           2  main.o(.data)
    sendCount                                0x20000002   Data           2  main.o(.data)
    mode                                     0x20000004   Data           1  main.o(.data)
    receData                                 0x20000005   Data           1  main.o(.data)
    RecIndexLen                              0x20000006   Data           1  main.o(.data)
    cCustomRegisterHead                      0x20000008   Data           4  dfrobot_reg_operation.o(.data)
    cCustomRegisterTail                      0x2000000c   Data           4  dfrobot_reg_operation.o(.data)
    cHoldingRegisterHead                     0x20000010   Data           4  dfrobot_reg_operation.o(.data)
    cHoldingRegisterTail                     0x20000014   Data           4  dfrobot_reg_operation.o(.data)
    cInputRegisterHead                       0x20000018   Data           4  dfrobot_reg_operation.o(.data)
    cInputRegisterTail                       0x2000001c   Data           4  dfrobot_reg_operation.o(.data)
    DFRobot_RTU_Timer_Cnt                    0x20000025   Data           1  dfrobot_rtu_timer.o(.data)
    sHoldingReg                              0x20000028   Data           2  dfrobot_rtu_user.o(.data)
    uiErrorPage                              0x2000002c   Data           4  dfrobot_rtu_user.o(.data)
    holdingregAddr                           0x20000030   Data           4  dfrobot_rtu_user.o(.data)
    RTU_UART_Data                            0x20000034   Data           4  dfrobot_rtu_user.o(.data)
    state                                    0x20000038   Data           1  dfrobot_rtu_user.o(.data)
    _TCS3430Register                         0x2000003c   Data           1  dfrobot_tcs3430.o(.data)
    _enableReg                               0x2000003d   Data           1  dfrobot_tcs3430.o(.data)
    _cfg1Reg                                 0x2000003e   Data           1  dfrobot_tcs3430.o(.data)
    _cfg3Reg                                 0x2000003f   Data           1  dfrobot_tcs3430.o(.data)
    _AZCfgReg                                0x20000040   Data           1  dfrobot_tcs3430.o(.data)
    _intEnabReg                              0x20000041   Data           1  dfrobot_tcs3430.o(.data)
    aTime                                    0x20000042   Data           1  dfrobot_tcs3430.o(.data)
    wTime                                    0x20000043   Data           1  dfrobot_tcs3430.o(.data)
    data                                     0x20000044   Data          48  dfrobot_tcs3430.o(.data)
    uwTick                                   0x20000074   Data           4  cs32l010_hal.o(.data)
    uwTickPrio                               0x20000078   Data           4  cs32l010_hal.o(.data)
    uwTickFreq                               0x2000007c   Data           1  cs32l010_hal.o(.data)
    SystemCoreClock                          0x20000080   Data           4  system_cs32l010.o(.data)
    __stdout                                 0x20000084   Data           4  stdout.o(.data)
    __microlib_freelist                      0x20000088   Data           4  mvars.o(.data)
    __microlib_freelist_initialised          0x2000008c   Data           4  mvars.o(.data)
    ucReceiveData                            0x20000090   Data         255  main.o(.bss)
    sUartxHandle                             0x20000190   Data          52  main.o(.bss)
    sTim2Handle                              0x200001c4   Data          32  main.o(.bss)
    sFlashEraseInit                          0x200001e4   Data          12  main.o(.bss)
    sInputReg                                0x200001f0   Data          26  dfrobot_rtu_user.o(.bss)
    huart1                                   0x2000020c   Data          52  log.o(.bss)
    i2c_test                                 0x20000240   Data          36  dfrobot_tcs3430.o(.bss)
    __heap_base                              0x20000268   Data           0  startup_cs32l010.o(HEAP)
    __heap_limit                             0x20000468   Data           0  startup_cs32l010.o(HEAP)
    __initial_sp                             0x20000668   Data           0  startup_cs32l010.o(STACK)



==============================================================================

Memory Map of the image

  Image Entry point : 0x000000c1

  Load Region LR_IROM1 (Base: 0x00000000, Size: 0x00003cbc, Max: 0x00010000, ABSOLUTE)

    Execution Region ER_IROM1 (Base: 0x00000000, Size: 0x00003c2c, Max: 0x00010000, ABSOLUTE)

    Base Addr    Size         Type   Attr      Idx    E Section Name        Object

    0x00000000   0x000000c0   Data   RO         3794    RESET               startup_cs32l010.o
    0x000000c0   0x00000000   Code   RO         3831  * .ARM.Collect$$$$00000000  mc_p.l(entry.o)
    0x000000c0   0x00000004   Code   RO         4165    .ARM.Collect$$$$00000001  mc_p.l(entry2.o)
    0x000000c4   0x00000004   Code   RO         4168    .ARM.Collect$$$$00000004  mc_p.l(entry5.o)
    0x000000c8   0x00000000   Code   RO         4170    .ARM.Collect$$$$00000008  mc_p.l(entry7b.o)
    0x000000c8   0x00000000   Code   RO         4172    .ARM.Collect$$$$0000000A  mc_p.l(entry8b.o)
    0x000000c8   0x00000008   Code   RO         4173    .ARM.Collect$$$$0000000B  mc_p.l(entry9a.o)
    0x000000d0   0x00000000   Code   RO         4175    .ARM.Collect$$$$0000000D  mc_p.l(entry10a.o)
    0x000000d0   0x00000000   Code   RO         4177    .ARM.Collect$$$$0000000F  mc_p.l(entry11a.o)
    0x000000d0   0x00000004   Code   RO         4166    .ARM.Collect$$$$00002712  mc_p.l(entry2.o)
    0x000000d4   0x0000001c   Code   RO         3795    .text               startup_cs32l010.o
    0x000000f0   0x0000002c   Code   RO         3834    .text               mc_p.l(uidiv.o)
    0x0000011c   0x00000028   Code   RO         3836    .text               mc_p.l(idiv.o)
    0x00000144   0x00000022   Code   RO         3838    .text               mc_p.l(llushr.o)
    0x00000166   0x00000024   Code   RO         3840    .text               mc_p.l(memcpya.o)
    0x0000018a   0x00000024   Code   RO         3842    .text               mc_p.l(memseta.o)
    0x000001ae   0x000000b2   Code   RO         4135    .text               mf_p.l(fadd.o)
    0x00000260   0x0000007a   Code   RO         4137    .text               mf_p.l(fmul.o)
    0x000002da   0x0000007c   Code   RO         4139    .text               mf_p.l(fdiv.o)
    0x00000356   0x00000002   PAD
    0x00000358   0x00000164   Code   RO         4141    .text               mf_p.l(dadd.o)
    0x000004bc   0x000000d0   Code   RO         4143    .text               mf_p.l(dmul.o)
    0x0000058c   0x000000f0   Code   RO         4145    .text               mf_p.l(ddiv.o)
    0x0000067c   0x0000000e   Code   RO         4147    .text               mf_p.l(ffltui.o)
    0x0000068a   0x00000002   PAD
    0x0000068c   0x00000028   Code   RO         4149    .text               mf_p.l(dflti.o)
    0x000006b4   0x0000001c   Code   RO         4151    .text               mf_p.l(dfltui.o)
    0x000006d0   0x00000028   Code   RO         4153    .text               mf_p.l(ffixui.o)
    0x000006f8   0x0000003c   Code   RO         4155    .text               mf_p.l(dfixui.o)
    0x00000734   0x00000028   Code   RO         4157    .text               mf_p.l(f2d.o)
    0x0000075c   0x00000028   Code   RO         4159    .text               mf_p.l(cdcmple.o)
    0x00000784   0x00000028   Code   RO         4161    .text               mf_p.l(cdrcmple.o)
    0x000007ac   0x00000038   Code   RO         4163    .text               mf_p.l(d2f.o)
    0x000007e4   0x00000060   Code   RO         4180    .text               mc_p.l(uldiv.o)
    0x00000844   0x00000020   Code   RO         4182    .text               mc_p.l(llshl.o)
    0x00000864   0x00000026   Code   RO         4184    .text               mc_p.l(llsshr.o)
    0x0000088a   0x00000000   Code   RO         4188    .text               mc_p.l(iusefp.o)
    0x0000088a   0x00000082   Code   RO         4189    .text               mf_p.l(fepilogue.o)
    0x0000090c   0x000000be   Code   RO         4191    .text               mf_p.l(depilogue.o)
    0x000009ca   0x00000002   PAD
    0x000009cc   0x00000024   Code   RO         4197    .text               mc_p.l(init.o)
    0x000009f0   0x00000002   Code   RO          431    i.ADC_IRQHandler    cs32l010_it.o
    0x000009f2   0x00000002   Code   RO          432    i.AWK_IRQHandler    cs32l010_it.o
    0x000009f4   0x00000002   Code   RO          433    i.CLKTRIM_IRQHandler  cs32l010_it.o
    0x000009f6   0x00000002   PAD
    0x000009f8   0x00000050   Code   RO          288    i.Calculate_CRC     dfrobot_rtu_parse.o
    0x00000a48   0x00000028   Code   RO          201    i.Calculate_CRC_AND_Response  dfrobot_reg_operation.o
    0x00000a70   0x00000014   Code   RO          318    i.DFRobotTimerInit  dfrobot_rtu_timer.o
    0x00000a84   0x00000108   Code   RO          344    i.DFRobot_Init_Reg_Attribute  dfrobot_rtu_user.o
    0x00000b8c   0x00000160   Code   RO          289    i.DFRobot_RTU_Parse  dfrobot_rtu_parse.o
    0x00000cec   0x00000002   Code   RO          345    i.DFRobot_RTU_Read_HoldingReg_CB  dfrobot_rtu_user.o
    0x00000cee   0x00000002   Code   RO          346    i.DFRobot_RTU_Read_InputReg_CB  dfrobot_rtu_user.o
    0x00000cf0   0x00000034   Code   RO          347    i.DFRobot_RTU_Response  dfrobot_rtu_user.o
    0x00000d24   0x00000010   Code   RO          319    i.DFRobot_RTU_Timer_Handle  dfrobot_rtu_timer.o
    0x00000d34   0x00000060   Code   RO          348    i.DFRobot_RTU_Write_HoldingReg_CB  dfrobot_rtu_user.o
    0x00000d94   0x000000c4   Code   RO          202    i.DFRobot_Read_Reg  dfrobot_reg_operation.o
    0x00000e58   0x00000024   Code   RO          203    i.DFRobot_Response_OK  dfrobot_reg_operation.o
    0x00000e7c   0x000000b4   Code   RO          204    i.DFRobot_Write_Mult_Reg  dfrobot_reg_operation.o
    0x00000f30   0x00000070   Code   RO          205    i.DFRobot_Write_One_Reg  dfrobot_reg_operation.o
    0x00000fa0   0x00000004   Code   RO            3    i.Error_Handler     main.o
    0x00000fa4   0x00000002   Code   RO          434    i.FLASH_IRQHandler  cs32l010_it.o
    0x00000fa6   0x00000002   PAD
    0x00000fa8   0x00000020   Code   RO          206    i.FindHoldingP      dfrobot_reg_operation.o
    0x00000fc8   0x00000002   Code   RO          435    i.GPIOA_IRQHandler  cs32l010_it.o
    0x00000fca   0x00000002   Code   RO          436    i.GPIOB_IRQHandler  cs32l010_it.o
    0x00000fcc   0x00000002   Code   RO          437    i.GPIOC_IRQHandler  cs32l010_it.o
    0x00000fce   0x00000002   Code   RO          438    i.GPIOD_IRQHandler  cs32l010_it.o
    0x00000fd0   0x0000002c   Code   RO          748    i.HAL_Delay         cs32l010_hal.o
    0x00000ffc   0x0000027c   Code   RO         1593    i.HAL_GPIO_Init     cs32l010_hal_gpio.o
    0x00001278   0x0000000c   Code   RO          752    i.HAL_GetTick       cs32l010_hal.o
    0x00001284   0x00000020   Code   RO         1646    i.HAL_I2C_ACK_Config  cs32l010_hal_i2c.o
    0x000012a4   0x0000001e   Code   RO         1647    i.HAL_I2C_Check_Flag  cs32l010_hal_i2c.o
    0x000012c2   0x0000000e   Code   RO         1648    i.HAL_I2C_Clear_Interrupt_Flag  cs32l010_hal_i2c.o
    0x000012d0   0x0000000e   Code   RO         1650    i.HAL_I2C_Get_Interrupt_Flag  cs32l010_hal_i2c.o
    0x000012de   0x000000f2   Code   RO         1652    i.HAL_I2C_Init      cs32l010_hal_i2c.o
    0x000013d0   0x00000112   Code   RO         1654    i.HAL_I2C_Master_Receive  cs32l010_hal_i2c.o
    0x000014e2   0x000000b2   Code   RO         1655    i.HAL_I2C_Master_Transmit  cs32l010_hal_i2c.o
    0x00001594   0x00000002   Code   RO         1658    i.HAL_I2C_MspInit   cs32l010_hal_i2c.o
    0x00001596   0x00000008   Code   RO         1659    i.HAL_I2C_Receive_Byte  cs32l010_hal_i2c.o
    0x0000159e   0x0000002a   Code   RO         1660    i.HAL_I2C_Send_Address  cs32l010_hal_i2c.o
    0x000015c8   0x00000012   Code   RO         1661    i.HAL_I2C_Send_Byte  cs32l010_hal_i2c.o
    0x000015da   0x00000020   Code   RO         1665    i.HAL_I2C_Start_Config  cs32l010_hal_i2c.o
    0x000015fa   0x0000002c   Code   RO         1666    i.HAL_I2C_Stop_Config  cs32l010_hal_i2c.o
    0x00001626   0x0000003a   Code   RO         1667    i.HAL_I2C_Wait_Flag  cs32l010_hal_i2c.o
    0x00001660   0x00000018   Code   RO          756    i.HAL_IncTick       cs32l010_hal.o
    0x00001678   0x00000010   Code   RO          757    i.HAL_Init          cs32l010_hal.o
    0x00001688   0x00000054   Code   RO          758    i.HAL_InitTick      cs32l010_hal.o
    0x000016dc   0x00000002   Code   RO          407    i.HAL_MspInit       cs32l010_hal_msp.o
    0x000016de   0x00000002   PAD
    0x000016e0   0x00000018   Code   RO         1351    i.HAL_NVIC_EnableIRQ  cs32l010_hal_cortex.o
    0x000016f8   0x00000010   Code   RO         1355    i.HAL_NVIC_SetPriority  cs32l010_hal_cortex.o
    0x00001708   0x000001d8   Code   RO         2600    i.HAL_RCC_ClockConfig  cs32l010_hal_rcc.o
    0x000018e0   0x0000000c   Code   RO         2603    i.HAL_RCC_GetHCLKFreq  cs32l010_hal_rcc.o
    0x000018ec   0x00000028   Code   RO         2605    i.HAL_RCC_GetPCLKFreq  cs32l010_hal_rcc.o
    0x00001914   0x000000b4   Code   RO         2606    i.HAL_RCC_GetSysClockFreq  cs32l010_hal_rcc.o
    0x000019c8   0x00000470   Code   RO         2608    i.HAL_RCC_OscConfig  cs32l010_hal_rcc.o
    0x00001e38   0x00000038   Code   RO         1359    i.HAL_SYSTICK_Config  cs32l010_hal_cortex.o
    0x00001e70   0x0000002e   Code   RO         2938    i.HAL_TIM_Base_Init  cs32l010_hal_tim.o
    0x00001e9e   0x00000002   Code   RO         2940    i.HAL_TIM_Base_MspInit  cs32l010_hal_tim.o
    0x00001ea0   0x0000001e   Code   RO         2942    i.HAL_TIM_Base_Start_IT  cs32l010_hal_tim.o
    0x00001ebe   0x00000002   Code   RO         2945    i.HAL_TIM_BreakCallback  cs32l010_hal_tim.o
    0x00001ec0   0x00000002   Code   RO         2946    i.HAL_TIM_CommutationCallback  cs32l010_hal_tim.o
    0x00001ec2   0x00000002   Code   RO         2962    i.HAL_TIM_IC_CaptureCallback  cs32l010_hal_tim.o
    0x00001ec4   0x000001c8   Code   RO         2973    i.HAL_TIM_IRQHandler  cs32l010_hal_tim.o
    0x0000208c   0x00000002   Code   RO         2976    i.HAL_TIM_OC_DelayElapsedCallback  cs32l010_hal_tim.o
    0x0000208e   0x00000002   Code   RO         3005    i.HAL_TIM_PWM_PulseFinishedCallback  cs32l010_hal_tim.o
    0x00002090   0x00000002   Code   RO         3010    i.HAL_TIM_PeriodElapsedCallback  cs32l010_hal_tim.o
    0x00002092   0x00000002   Code   RO         3014    i.HAL_TIM_TriggerCallback  cs32l010_hal_tim.o
    0x00002094   0x00000002   Code   RO         3519    i.HAL_UART_ErrorCallback  cs32l010_hal_uart.o
    0x00002096   0x000000a0   Code   RO         3522    i.HAL_UART_IRQHandler  cs32l010_hal_uart.o
    0x00002136   0x0000003e   Code   RO         3523    i.HAL_UART_Init     cs32l010_hal_uart.o
    0x00002174   0x0000004c   Code   RO            4    i.HAL_UART_MspInit  main.o
    0x000021c0   0x0000005c   Code   RO         3527    i.HAL_UART_Receive_IT  cs32l010_hal_uart.o
    0x0000221c   0x00000040   Code   RO            5    i.HAL_UART_RxCpltCallback  main.o
    0x0000225c   0x00000124   Code   RO         3529    i.HAL_UART_Transmit  cs32l010_hal_uart.o
    0x00002380   0x000000c8   Code   RO         3530    i.HAL_UART_Transmit_IT  cs32l010_hal_uart.o
    0x00002448   0x00000020   Code   RO          349    i.HAL_UART_TxCpltCallback  dfrobot_rtu_user.o
    0x00002468   0x00000004   Code   RO          439    i.HardFault_Handler  cs32l010_it.o
    0x0000246c   0x00000002   Code   RO          440    i.I2C_IRQHandler    cs32l010_it.o
    0x0000246e   0x00000002   PAD
    0x00002470   0x0000002c   Code   RO          688    i.I2C_Read_Data     dfrobot_tcs3430.o
    0x0000249c   0x00000048   Code   RO          689    i.I2C_Write_Data    dfrobot_tcs3430.o
    0x000024e4   0x00000002   Code   RO          441    i.IWDG_IRQHandler   cs32l010_it.o
    0x000024e6   0x00000002   Code   RO          442    i.LPTIM_IRQHandler  cs32l010_it.o
    0x000024e8   0x00000002   Code   RO          443    i.LPUART_IRQHandler  cs32l010_it.o
    0x000024ea   0x00000002   Code   RO          444    i.LVD_IRQHandler    cs32l010_it.o
    0x000024ec   0x00000052   Code   RO          629    i.Log_UART_SetConfig  log.o
    0x0000253e   0x00000002   Code   RO          445    i.NMI_Handler       cs32l010_it.o
    0x00002540   0x00000078   Code   RO         1361    i.NVIC_SetPriority  cs32l010_hal_cortex.o
    0x000025b8   0x00000002   Code   RO          446    i.OWIRE_IRQHandler  cs32l010_it.o
    0x000025ba   0x00000002   Code   RO          447    i.PCA_IRQHandler    cs32l010_it.o
    0x000025bc   0x00000002   Code   RO          448    i.PendSV_Handler    cs32l010_it.o
    0x000025be   0x00000002   PAD
    0x000025c0   0x0000002c   Code   RO         2609    i.RCC_Delay         cs32l010_hal_rcc.o
    0x000025ec   0x00000002   Code   RO          449    i.RTC_IRQHandler    cs32l010_it.o
    0x000025ee   0x00000002   Code   RO          450    i.SPI_IRQHandler    cs32l010_it.o
    0x000025f0   0x00000002   Code   RO          451    i.SVC_Handler       cs32l010_it.o
    0x000025f2   0x00000002   PAD
    0x000025f4   0x0000009c   Code   RO          630    i.SerialInit        log.o
    0x00002690   0x00000018   Code   RO          631    i.SerialSend        log.o
    0x000026a8   0x00000008   Code   RO          452    i.SysTick_Handler   cs32l010_it.o
    0x000026b0   0x00000054   Code   RO            6    i.SystemClock_Config  main.o
    0x00002704   0x00000040   Code   RO         3802    i.SystemInit        system_cs32l010.o
    0x00002744   0x00000002   Code   RO          453    i.TIM10_IRQHandler  cs32l010_it.o
    0x00002746   0x00000002   Code   RO          454    i.TIM11_IRQHandler  cs32l010_it.o
    0x00002748   0x00000002   Code   RO          455    i.TIM1_IRQHandler   cs32l010_it.o
    0x0000274a   0x00000002   PAD
    0x0000274c   0x00000014   Code   RO          456    i.TIM2_IRQHandler   cs32l010_it.o
    0x00002760   0x00000068   Code   RO         3015    i.TIM_Base_SetConfig  cs32l010_hal_tim.o
    0x000027c8   0x00000010   Code   RO          457    i.UART0_IRQHandler  cs32l010_it.o
    0x000027d8   0x00000002   Code   RO          458    i.UART1_IRQHandler  cs32l010_it.o
    0x000027da   0x00000002   PAD
    0x000027dc   0x000000fc   Code   RO         3532    i.UART_Receive_IT   cs32l010_hal_uart.o
    0x000028d8   0x00000046   Code   RO         3533    i.UART_SetConfig    cs32l010_hal_uart.o
    0x0000291e   0x00000002   PAD
    0x00002920   0x000000b0   Code   RO         3535    i.UART_Transmit_IT  cs32l010_hal_uart.o
    0x000029d0   0x00000062   Code   RO         3536    i.UART_WaitOnFlagUntilTimeout  cs32l010_hal_uart.o
    0x00002a32   0x0000000c   Code   RO          632    i.UartInit          log.o
    0x00002a3e   0x00000002   Code   RO          459    i.VC_IRQHandler     cs32l010_it.o
    0x00002a40   0x00000002   Code   RO          460    i.WWDG_IRQHandler   cs32l010_it.o
    0x00002a42   0x00000002   PAD
    0x00002a44   0x00000020   Code   RO         3979    i.__0printf$5       mc_p.l(printf5.o)
    0x00002a64   0x0000002e   Code   RO         4193    i.__ARM_clz         mf_p.l(depilogue.o)
    0x00002a92   0x0000000e   Code   RO         4201    i.__scatterload_copy  mc_p.l(handlers.o)
    0x00002aa0   0x00000002   Code   RO         4202    i.__scatterload_null  mc_p.l(handlers.o)
    0x00002aa2   0x0000000e   Code   RO         4203    i.__scatterload_zeroinit  mc_p.l(handlers.o)
    0x00002ab0   0x000002dc   Code   RO         3986    i._printf_core      mc_p.l(printf5.o)
    0x00002d8c   0x00000050   Code   RO          208    i.attachHoldingRegister  dfrobot_reg_operation.o
    0x00002ddc   0x00000050   Code   RO          209    i.attachInputRegister  dfrobot_reg_operation.o
    0x00002e2c   0x00000010   Code   RO          633    i.fputc             log.o
    0x00002e3c   0x00000054   Code   RO         4107    i.free              mc_p.l(malloc.o)
    0x00002e90   0x0000061c   Code   RO          690    i.get_Data          dfrobot_tcs3430.o
    0x000034ac   0x0000010c   Code   RO          691    i.get_IR2           dfrobot_tcs3430.o
    0x000035b8   0x000000ac   Code   RO          692    i.init_I2C          dfrobot_tcs3430.o
    0x00003664   0x000001e8   Code   RO          693    i.init_Tcs3430      dfrobot_tcs3430.o
    0x0000384c   0x000001d8   Code   RO            7    i.main              main.o
    0x00003a24   0x0000006c   Code   RO         4108    i.malloc            mc_p.l(malloc.o)
    0x00003a90   0x0000007c   Code   RO            8    i.timer2_init       main.o
    0x00003b0c   0x00000100   Data   RO         3537    .constdata          cs32l010_hal_uart.o
    0x00003c0c   0x00000020   Data   RO         4199    Region$$Table       anon$$obj.o


    Execution Region RW_IRAM1 (Base: 0x20000000, Size: 0x00000668, Max: 0x00001000, ABSOLUTE)

    Base Addr    Size         Type   Attr      Idx    E Section Name        Object

    0x20000000   0x00000007   Data   RW           10    .data               main.o
    0x20000007   0x00000001   PAD
    0x20000008   0x00000018   Data   RW          210    .data               dfrobot_reg_operation.o
    0x20000020   0x00000005   Data   RW          290    .data               dfrobot_rtu_parse.o
    0x20000025   0x00000001   Data   RW          320    .data               dfrobot_rtu_timer.o
    0x20000026   0x00000002   PAD
    0x20000028   0x00000011   Data   RW          351    .data               dfrobot_rtu_user.o
    0x20000039   0x00000003   PAD
    0x2000003c   0x00000038   Data   RW          695    .data               dfrobot_tcs3430.o
    0x20000074   0x00000009   Data   RW          764    .data               cs32l010_hal.o
    0x2000007d   0x00000003   PAD
    0x20000080   0x00000004   Data   RW         3803    .data               system_cs32l010.o
    0x20000084   0x00000004   Data   RW         4179    .data               mc_p.l(stdout.o)
    0x20000088   0x00000004   Data   RW         4186    .data               mc_p.l(mvars.o)
    0x2000008c   0x00000004   Data   RW         4187    .data               mc_p.l(mvars.o)
    0x20000090   0x00000160   Zero   RW            9    .bss                main.o
    0x200001f0   0x0000001a   Zero   RW          350    .bss                dfrobot_rtu_user.o
    0x2000020a   0x00000002   PAD
    0x2000020c   0x00000034   Zero   RW          636    .bss                log.o
    0x20000240   0x00000024   Zero   RW          694    .bss                dfrobot_tcs3430.o
    0x20000264   0x00000004   PAD
    0x20000268   0x00000200   Zero   RW         3793    HEAP                startup_cs32l010.o
    0x20000468   0x00000200   Zero   RW         3792    STACK               startup_cs32l010.o


==============================================================================

Image component sizes


      Code (inc. data)   RO Data    RW Data    ZI Data      Debug   Object Name

       180         34          0          9          0       6357   cs32l010_hal.o
       216         26          0          0          0       8105   cs32l010_hal_cortex.o
       636          0          0          0          0       1296   cs32l010_hal_gpio.o
       988          0          0          0          0       9033   cs32l010_hal_i2c.o
         2          0          0          0          0        378   cs32l010_hal_msp.o
      1884        108          0          0          0       4660   cs32l010_hal_rcc.o
       652         10          0          0          0       6672   cs32l010_hal_tim.o
      1404         22        256          0          0       7372   cs32l010_hal_uart.o
       100         12          0          0          0      11468   cs32l010_it.o
       756         32          0         24          0       8608   dfrobot_reg_operation.o
       432         18          0          5          0       2123   dfrobot_rtu_parse.o
        36         10          0          1          0       1326   dfrobot_rtu_timer.o
       448         40          0         17         26       4871   dfrobot_rtu_user.o
      2608        370          0         56         36       6360   dfrobot_tcs3430.o
       290         18          0          0         52       2672   log.o
       824         86          0          7        352     168926   main.o
        28          8        192          0       1024        604   startup_cs32l010.o
        64         16          0          4          0        667   system_cs32l010.o

    ----------------------------------------------------------------------
     11568        810        480        132       1496     251498   Object Totals
         0          0         32          0          0          0   (incl. Generated)
        20          0          0          9          6          0   (incl. Padding)

    ----------------------------------------------------------------------

      Code (inc. data)   RO Data    RW Data    ZI Data      Debug   Library Member Name

         0          0          0          0          0          0   entry.o
         0          0          0          0          0          0   entry10a.o
         0          0          0          0          0          0   entry11a.o
         8          4          0          0          0          0   entry2.o
         4          0          0          0          0          0   entry5.o
         0          0          0          0          0          0   entry7b.o
         0          0          0          0          0          0   entry8b.o
         8          4          0          0          0          0   entry9a.o
        30          0          0          0          0          0   handlers.o
        40          0          0          0          0         72   idiv.o
        36          8          0          0          0         68   init.o
         0          0          0          0          0          0   iusefp.o
        32          0          0          0          0         68   llshl.o
        38          0          0          0          0         68   llsshr.o
        34          0          0          0          0         68   llushr.o
       192         20          0          0          0        144   malloc.o
        36          0          0          0          0         60   memcpya.o
        36          0          0          0          0        100   memseta.o
         0          0          0          8          0          0   mvars.o
       764         52          0          0          0        168   printf5.o
         0          0          0          4          0          0   stdout.o
        44          0          0          0          0         72   uidiv.o
        96          0          0          0          0         84   uldiv.o
        40          2          0          0          0         68   cdcmple.o
        40          2          0          0          0         68   cdrcmple.o
        56          0          0          0          0         68   d2f.o
       356          4          0          0          0        140   dadd.o
       240          6          0          0          0         84   ddiv.o
       236          0          0          0          0        216   depilogue.o
        60         10          0          0          0         68   dfixui.o
        40          6          0          0          0         68   dflti.o
        28          4          0          0          0         68   dfltui.o
       208          6          0          0          0         88   dmul.o
        40          0          0          0          0         60   f2d.o
       178          0          0          0          0        108   fadd.o
       124          0          0          0          0         72   fdiv.o
       130          0          0          0          0        144   fepilogue.o
        40          0          0          0          0         60   ffixui.o
        14          0          0          0          0         68   ffltui.o
       122          0          0          0          0         72   fmul.o

    ----------------------------------------------------------------------
      3356        128          0         12          0       2492   Library Totals
         6          0          0          0          0          0   (incl. Padding)

    ----------------------------------------------------------------------

      Code (inc. data)   RO Data    RW Data    ZI Data      Debug   Library Name

      1398         88          0         12          0        972   mc_p.l
      1952         40          0          0          0       1520   mf_p.l

    ----------------------------------------------------------------------
      3356        128          0         12          0       2492   Library Totals

    ----------------------------------------------------------------------

==============================================================================


      Code (inc. data)   RO Data    RW Data    ZI Data      Debug   

     14924        938        480        144       1496     247834   Grand Totals
     14924        938        480        144       1496     247834   ELF Image Totals
     14924        938        480        144          0          0   ROM Totals

==============================================================================

    Total RO  Size (Code + RO Data)                15404 (  15.04kB)
    Total RW  Size (RW Data + ZI Data)              1640 (   1.60kB)
    Total ROM Size (Code + RO Data + RW Data)      15548 (  15.18kB)

==============================================================================

